144.91.88.83 - - [21/Jun/2025:03:20:35 +0500] "POST /xmlrpc.php HTTP/1.1" 200 523 "http://starmakerwm.com" "Mozilla/5.0 (Macintosh; Intel Mac OS X 13_3) AppleWebKit/537.36 (KHTML, like Gecko) Chrome/126.0.0.0 Safari/537.36"
176.9.65.136 - - [21/Jun/2025:03:23:55 +0500] "POST /wp-cron.php?doing_wp_cron=1750458235.8855369091033935546875 HTTP/1.1" 200 3486 "-" "WordPress/6.8.1; https://starmakerwm.com"
198.98.50.39 - - [21/Jun/2025:03:23:54 +0500] "POST /wp-login.php HTTP/1.1" 200 18855 "-" "Mozilla/5.0 (Macintosh; Intel Mac OS X 10.8; rv:30.0) Gecko/20100101 Firefox/30.0"
176.9.65.136 - - [21/Jun/2025:03:30:00 +0500] "POST /wp-cron.php?doing_wp_cron=1750458600.4603700637817382812500 HTTP/1.1" 200 289 "-" "WordPress/6.8.1; https://starmakerwm.com"
186.209.113.104 - - [21/Jun/2025:03:29:59 +0500] "POST /xmlrpc.php HTTP/1.1" 200 523 "http://starmakerwm.com" "Mozilla/5.0 (Windows NT 10.0; Win64; x64; rv:126.0) Gecko/20100101 Firefox/126.0"
176.9.65.136 - - [21/Jun/2025:03:32:34 +0500] "POST /wp-cron.php?doing_wp_cron=1750458754.2570140361785888671875 HTTP/1.1" 200 289 "-" "WordPress/6.8.1; https://starmakerwm.com"
165.227.53.155 - - [21/Jun/2025:03:32:33 +0500] "POST /xmlrpc.php HTTP/1.1" 200 523 "-" "Mozilla/5.0 (Windows NT 10.0; Win64; x64; rv:51.0) Gecko/20100101 Firefox/51.0"
176.9.65.136 - - [21/Jun/2025:03:34:46 +0500] "POST /wp-cron.php?doing_wp_cron=1750458886.6966929435729980468750 HTTP/1.1" 200 289 "-" "WordPress/6.8.1; https://starmakerwm.com"
139.180.141.95 - - [21/Jun/2025:03:34:45 +0500] "POST /xmlrpc.php HTTP/1.1" 200 523 "http://starmakerwm.com" "Mozilla/5.0 (Macintosh; Intel Mac OS X 10_15_7; rv:126.0) Gecko/20100101 Firefox/126.0"
176.9.65.136 - - [21/Jun/2025:03:39:29 +0500] "POST /wp-cron.php?doing_wp_cron=1750459169.8817520141601562500000 HTTP/1.1" 200 289 "-" "WordPress/6.8.1; https://starmakerwm.com"
178.254.22.43 - - [21/Jun/2025:03:39:28 +0500] "POST /xmlrpc.php HTTP/1.1" 200 523 "http://starmakerwm.com" "Mozilla/5.0 (Windows NT 10.0; Win64; x64) AppleWebKit/537.36 (KHTML, like Gecko) Chrome/112.0.5615.138 Safari/537.36 Edg/112.0.1722.68"
176.9.65.136 - - [21/Jun/2025:03:44:03 +0500] "POST /wp-cron.php?doing_wp_cron=1750459443.0344989299774169921875 HTTP/1.1" 200 3487 "-" "WordPress/6.8.1; https://starmakerwm.com"
57.141.0.8 - - [21/Jun/2025:03:44:01 +0500] "GET /index.html HTTP/2.0" 301 216 "-" "meta-externalagent/1.1 (+https://developers.facebook.com/docs/sharing/webmasters/crawler)"
85.239.243.68 - - [21/Jun/2025:03:44:14 +0500] "POST /xmlrpc.php HTTP/1.1" 200 523 "http://starmakerwm.com" "Mozilla/5.0 (Windows NT 10.0; Win64; x64; rv:129.0) Gecko/20100101 Firefox/129.0"
176.9.65.136 - - [21/Jun/2025:03:55:01 +0500] "POST /wp-cron.php?doing_wp_cron=1750460101.7072620391845703125000 HTTP/1.1" 200 289 "-" "WordPress/6.8.1; https://starmakerwm.com"
52.221.241.21 - - [21/Jun/2025:03:55:00 +0500] "POST /xmlrpc.php HTTP/1.1" 200 523 "-" "Mozilla/5.0 (Windows NT 10.0; Win64; x64; rv:62.0) Gecko/20100101 Firefox/62.0"
176.9.65.136 - - [21/Jun/2025:03:57:28 +0500] "POST /wp-cron.php?doing_wp_cron=1750460248.9190249443054199218750 HTTP/1.1" 200 289 "-" "WordPress/6.8.1; https://starmakerwm.com"
182.42.111.213 - - [21/Jun/2025:03:57:27 +0500] "GET / HTTP/1.1" 301 364 "-" "Mozilla/5.0 (iPhone; CPU iPhone OS 13_2_3 like Mac OS X) AppleWebKit/605.1.15 (KHTML, like Gecko) Version/13.0.3 Mobile/15E148 Safari/604.1"
182.42.111.213 - - [21/Jun/2025:03:57:30 +0500] "GET / HTTP/1.1" 200 32201 "http://www.starmakerwm.com" "Mozilla/5.0 (iPhone; CPU iPhone OS 13_2_3 like Mac OS X) AppleWebKit/605.1.15 (KHTML, like Gecko) Version/13.0.3 Mobile/15E148 Safari/604.1"
176.9.65.136 - - [21/Jun/2025:03:58:30 +0500] "POST /wp-cron.php?doing_wp_cron=1750460310.0767319202423095703125 HTTP/1.1" 200 289 "-" "WordPress/6.8.1; https://starmakerwm.com"
152.53.33.144 - - [21/Jun/2025:03:58:29 +0500] "POST /xmlrpc.php HTTP/1.1" 200 523 "http://starmakerwm.com" "Mozilla/5.0 (Windows NT 10.0; Win64; x64) AppleWebKit/537.36 (KHTML, like Gecko) Chrome/115.0.5790.171 Safari/537.36 Edg/115.0.1901.203"
176.9.65.136 - - [21/Jun/2025:04:01:43 +0500] "POST /wp-cron.php?doing_wp_cron=1750460503.0633049011230468750000 HTTP/1.1" 200 3486 "-" "WordPress/6.8.1; https://starmakerwm.com"
209.141.49.135 - - [21/Jun/2025:04:01:41 +0500] "GET /wp-login.php HTTP/1.1" 200 18600 "-" "Mozilla/5.0 (Windows NT 6.1; WOW64; rv:29.0) Gecko/20100101 Firefox/29.0"
176.9.65.136 - - [21/Jun/2025:04:03:19 +0500] "POST /wp-cron.php?doing_wp_cron=1750460599.6986899375915527343750 HTTP/1.1" 200 289 "-" "WordPress/6.8.1; https://starmakerwm.com"
44.201.33.152 - - [21/Jun/2025:04:03:18 +0500] "POST /xmlrpc.php HTTP/1.1" 200 523 "http://starmakerwm.com" "Mozilla/5.0 (Windows NT 10.0; Win64; x64) AppleWebKit/537.36 (KHTML, like Gecko) Chrome/115.0.5790.171 Safari/537.36 Edg/115.0.1901.203"
176.9.65.136 - - [21/Jun/2025:04:05:03 +0500] "POST /wp-cron.php?doing_wp_cron=1750460703.4787080287933349609375 HTTP/1.1" 200 3488 "-" "WordPress/6.8.1; https://starmakerwm.com"
209.141.49.135 - - [21/Jun/2025:04:05:02 +0500] "POST /wp-login.php HTTP/1.1" 200 18855 "-" "Mozilla/5.0 (Windows NT 6.1; WOW64; rv:29.0) Gecko/20100101 Firefox/29.0"
176.9.65.136 - - [21/Jun/2025:04:12:52 +0500] "POST /wp-cron.php?doing_wp_cron=1750461172.7460649013519287109375 HTTP/1.1" 200 289 "-" "WordPress/6.8.1; https://starmakerwm.com"
91.229.236.38 - - [21/Jun/2025:04:12:51 +0500] "POST /xmlrpc.php HTTP/1.1" 200 523 "http://starmakerwm.com" "Mozilla/5.0 (Macintosh; Intel Mac OS X 10_15_7; rv:128.0) Gecko/20100101 Firefox/128.0"
176.9.65.136 - - [21/Jun/2025:04:17:37 +0500] "POST /wp-cron.php?doing_wp_cron=1750461457.2122120857238769531250 HTTP/1.1" 200 3488 "-" "WordPress/6.8.1; https://starmakerwm.com"
45.61.184.250 - - [21/Jun/2025:04:17:35 +0500] "GET /wp-login.php HTTP/1.1" 200 18599 "-" "Mozilla/5.0 (X11; Linux x86_64) AppleWebKit/537.36 (KHTML, like Gecko) Ubuntu Chromium/34.0.1847.116 Chrome/34.0.1847.116 Safari/537.36"
45.61.184.250 - - [21/Jun/2025:04:17:37 +0500] "POST /wp-login.php HTTP/1.1" 200 16341 "-" "Mozilla/5.0 (X11; Linux x86_64) AppleWebKit/537.36 (KHTML, like Gecko) Ubuntu Chromium/34.0.1847.116 Chrome/34.0.1847.116 Safari/537.36"
176.9.65.136 - - [21/Jun/2025:04:18:46 +0500] "POST /wp-cron.php?doing_wp_cron=1750461525.9936909675598144531250 HTTP/1.1" 200 289 "-" "WordPress/6.8.1; https://starmakerwm.com"
157.245.121.22 - - [21/Jun/2025:04:18:45 +0500] "POST /xmlrpc.php HTTP/1.1" 200 523 "-" "Mozilla/5.0 (Windows NT 10.0; Win64; x64; rv:64.0) Gecko/20100101 Firefox/64.0"
176.9.65.136 - - [21/Jun/2025:04:22:23 +0500] "POST /wp-cron.php?doing_wp_cron=1750461743.5306000709533691406250 HTTP/1.1" 200 289 "-" "WordPress/6.8.1; https://starmakerwm.com"
103.145.63.232 - - [21/Jun/2025:04:22:22 +0500] "POST /xmlrpc.php HTTP/1.1" 200 523 "http://starmakerwm.com" "Mozilla/5.0 (Macintosh; Intel Mac OS X 10.15; rv:126.0) Gecko/20100101 Firefox/126.0"
176.9.65.136 - - [21/Jun/2025:04:27:07 +0500] "POST /wp-cron.php?doing_wp_cron=1750462027.9571270942687988281250 HTTP/1.1" 200 289 "-" "WordPress/6.8.1; https://starmakerwm.com"
147.45.136.104 - - [21/Jun/2025:04:27:06 +0500] "POST /xmlrpc.php HTTP/1.1" 200 523 "http://starmakerwm.com" "Mozilla/5.0 (Macintosh; Intel Mac OS X 10.15; rv:126.0) Gecko/20100101 Firefox/126.0"
176.9.65.136 - - [21/Jun/2025:04:31:56 +0500] "POST /wp-cron.php?doing_wp_cron=1750462316.6444439888000488281250 HTTP/1.1" 200 289 "-" "WordPress/6.8.1; https://starmakerwm.com"
138.68.187.114 - - [21/Jun/2025:04:31:55 +0500] "POST /xmlrpc.php HTTP/1.1" 200 523 "http://starmakerwm.com" "Mozilla/5.0 (Macintosh; Intel Mac OS X 10_15_7; rv:126.0) Gecko/20100101 Firefox/126.0"
176.9.65.136 - - [21/Jun/2025:04:36:38 +0500] "POST /wp-cron.php?doing_wp_cron=1750462598.0708510875701904296875 HTTP/1.1" 200 289 "-" "WordPress/6.8.1; https://starmakerwm.com"
185.130.61.213 - - [21/Jun/2025:04:36:36 +0500] "POST /xmlrpc.php HTTP/1.1" 200 523 "http://starmakerwm.com" "Mozilla/5.0 (Macintosh; Intel Mac OS X 10_15_7; rv:125.0.1) Gecko/20100101 Firefox/125.0.1"
176.9.65.136 - - [21/Jun/2025:04:37:12 +0500] "POST /wp-cron.php?doing_wp_cron=1750462632.3491740226745605468750 HTTP/1.1" 200 289 "-" "WordPress/6.8.1; https://starmakerwm.com"
188.166.188.97 - - [21/Jun/2025:04:37:11 +0500] "POST /xmlrpc.php HTTP/1.1" 200 542 "-" "Mozilla/5.0 (X11; Ubuntu; Linux x86_64; rv:85.0) Gecko/20100101 Firefox/91.0"
178.33.133.82 - - [21/Jun/2025:04:37:24 +0500] "POST /xmlrpc.php HTTP/1.1" 200 523 "-" "Mozilla/5.0 (Windows NT 10.0; Win64; x64; rv:50.0) Gecko/20100101 Firefox/50.0"
176.9.65.136 - - [21/Jun/2025:04:41:24 +0500] "POST /wp-cron.php?doing_wp_cron=1750462884.8065929412841796875000 HTTP/1.1" 200 289 "-" "WordPress/6.8.1; https://starmakerwm.com"
104.250.158.42 - - [21/Jun/2025:04:41:23 +0500] "POST /xmlrpc.php HTTP/1.1" 200 523 "http://starmakerwm.com" "Mozilla/5.0 (Macintosh; Intel Mac OS X 10_15_7) AppleWebKit/537.36 (KHTML, like Gecko) Chrome/114.0.5735.134 Safari/537.36"
176.9.65.136 - - [21/Jun/2025:04:46:10 +0500] "POST /wp-cron.php?doing_wp_cron=1750463170.0737349987030029296875 HTTP/1.1" 200 289 "-" "WordPress/6.8.1; https://starmakerwm.com"
195.16.73.228 - - [21/Jun/2025:04:46:08 +0500] "POST /xmlrpc.php HTTP/1.1" 200 523 "http://starmakerwm.com" "Mozilla/5.0 (Windows NT 10.0; Win64; x64) AppleWebKit/537.36 (KHTML, like Gecko) Chrome/115.0.5790.102 Safari/537.36"
176.9.65.136 - - [21/Jun/2025:04:50:57 +0500] "POST /wp-cron.php?doing_wp_cron=1750463457.2617280483245849609375 HTTP/1.1" 200 289 "-" "WordPress/6.8.1; https://starmakerwm.com"
162.55.35.248 - - [21/Jun/2025:04:50:56 +0500] "POST /xmlrpc.php HTTP/1.1" 200 523 "http://starmakerwm.com" "Mozilla/5.0 (Macintosh; Intel Mac OS X 10_15_7) AppleWebKit/537.36 (KHTML, like Gecko) Chrome/114.0.5735.134 Safari/537.36"
176.9.65.136 - - [21/Jun/2025:04:54:49 +0500] "POST /wp-cron.php?doing_wp_cron=1750463689.5838570594787597656250 HTTP/1.1" 200 289 "-" "WordPress/6.8.1; https://starmakerwm.com"
69.49.112.66 - - [21/Jun/2025:04:54:48 +0500] "POST /xmlrpc.php HTTP/1.1" 200 542 "-" "Mozilla/5.0 (X11; Ubuntu; Linux x86_64; rv:85.0) Gecko/20100101 Firefox/91.0"
176.9.65.136 - - [21/Jun/2025:04:55:44 +0500] "POST /wp-cron.php?doing_wp_cron=1750463744.0219969749450683593750 HTTP/1.1" 200 289 "-" "WordPress/6.8.1; https://starmakerwm.com"
165.22.223.164 - - [21/Jun/2025:04:55:42 +0500] "POST /xmlrpc.php HTTP/1.1" 200 523 "http://starmakerwm.com" "Mozilla/5.0 (Windows NT 11.0; Win64; x64; rv:126.0) Gecko/20100101 Firefox/126.0"
176.9.65.136 - - [21/Jun/2025:04:57:35 +0500] "POST /wp-cron.php?doing_wp_cron=1750463855.7797958850860595703125 HTTP/1.1" 200 3486 "-" "WordPress/6.8.1; https://starmakerwm.com"
74.125.151.173 - - [21/Jun/2025:04:57:34 +0500] "GET / HTTP/1.1" 200 3974 "-" "Mozilla/5.0 (X11; Linux x86_64) AppleWebKit/537.36 (KHTML, like Gecko) Chrome/137.0.7151.68 Safari/537.36 PlayStore-Google"
176.9.65.136 - - [21/Jun/2025:05:00:32 +0500] "POST /wp-cron.php?doing_wp_cron=1750464032.4196870326995849609375 HTTP/1.1" 200 289 "-" "WordPress/6.8.1; https://starmakerwm.com"
135.148.55.164 - - [21/Jun/2025:05:00:30 +0500] "POST /xmlrpc.php HTTP/1.1" 200 523 "http://starmakerwm.com" "Mozilla/5.0 (Windows NT 10.0; Win64; x64; rv:128.0) Gecko/20100101 Firefox/128.0"
176.9.65.136 - - [21/Jun/2025:05:00:55 +0500] "POST /wp-cron.php?doing_wp_cron=1750464055.0751190185546875000000 HTTP/1.1" 200 289 "-" "WordPress/6.8.1; https://starmakerwm.com"
64.111.22.172 - - [21/Jun/2025:05:00:54 +0500] "POST /xmlrpc.php HTTP/1.1" 200 523 "-" "Mozilla/5.0 (Windows NT 10.0; Win64; x64; rv:48.0) Gecko/20100101 Firefox/48.0"
176.9.65.136 - - [21/Jun/2025:05:05:26 +0500] "POST /wp-cron.php?doing_wp_cron=1750464326.6470251083374023437500 HTTP/1.1" 200 289 "-" "WordPress/6.8.1; https://starmakerwm.com"
84.247.129.95 - - [21/Jun/2025:05:05:25 +0500] "POST /xmlrpc.php HTTP/1.1" 200 523 "http://starmakerwm.com" "Mozilla/5.0 (Windows NT 10.0; Win64; x64) AppleWebKit/537.36 (KHTML, like Gecko) Chrome/116.0.5845.96 Safari/537.36"
176.9.65.136 - - [21/Jun/2025:05:10:22 +0500] "POST /wp-cron.php?doing_wp_cron=1750464622.3454558849334716796875 HTTP/1.1" 200 289 "-" "WordPress/6.8.1; https://starmakerwm.com"
85.190.243.216 - - [21/Jun/2025:05:10:21 +0500] "POST /xmlrpc.php HTTP/1.1" 200 523 "http://starmakerwm.com" "Mozilla/5.0 (Windows NT 10.0; Win64; x64) AppleWebKit/537.36 (KHTML, like Gecko) Chrome/115.0.5790.102 Safari/537.36"
176.9.65.136 - - [21/Jun/2025:05:14:09 +0500] "POST /wp-cron.php?doing_wp_cron=1750464849.5419349670410156250000 HTTP/1.1" 200 289 "-" "WordPress/6.8.1; https://starmakerwm.com"
64.23.183.139 - - [21/Jun/2025:05:14:08 +0500] "GET /wp-content/plugins/litespeed-cache/readme.txt HTTP/1.1" 404 31019 "-" "Mozlila/5.0 (Linux; Android 7.0; SM-G892A Bulid/NRD90M; wv) AppleWebKit/537.36 (KHTML, like Gecko) Version/4.0 Chrome/60.0.3112.107 Moblie Safari/537.36"
176.9.65.136 - - [21/Jun/2025:05:20:05 +0500] "POST /wp-cron.php?doing_wp_cron=1750465205.6288800239562988281250 HTTP/1.1" 200 289 "-" "WordPress/6.8.1; https://starmakerwm.com"
147.182.171.230 - - [21/Jun/2025:05:20:04 +0500] "POST /xmlrpc.php HTTP/1.1" 200 523 "http://starmakerwm.com" "Mozilla/5.0 (Macintosh; Intel Mac OS X 10.15; rv:126.0) Gecko/20100101 Firefox/126.0"
176.9.65.136 - - [21/Jun/2025:05:25:02 +0500] "POST /wp-cron.php?doing_wp_cron=1750465502.7899410724639892578125 HTTP/1.1" 200 289 "-" "WordPress/6.8.1; https://starmakerwm.com"
34.206.223.22 - - [21/Jun/2025:05:25:01 +0500] "POST /xmlrpc.php HTTP/1.1" 200 523 "http://starmakerwm.com" "Mozilla/5.0 (Macintosh; Intel Mac OS X 14_6) AppleWebKit/605.1.15 (KHTML, like Gecko) Version/17.5 Safari/605.1.15"
176.9.65.136 - - [21/Jun/2025:05:26:47 +0500] "POST /wp-cron.php?doing_wp_cron=1750465607.5675060749053955078125 HTTP/1.1" 200 289 "-" "WordPress/6.8.1; https://starmakerwm.com"
200.58.123.163 - - [21/Jun/2025:05:26:46 +0500] "POST /xmlrpc.php HTTP/1.1" 200 523 "-" "Mozilla/5.0 (Windows NT 10.0; Win64; x64; rv:76.0) Gecko/20100101 Firefox/76.0"
176.9.65.136 - - [21/Jun/2025:05:29:40 +0500] "POST /wp-cron.php?doing_wp_cron=1750465780.3176219463348388671875 HTTP/1.1" 200 3488 "-" "WordPress/6.8.1; https://starmakerwm.com"
74.125.151.171 - - [21/Jun/2025:05:29:39 +0500] "GET /https://mirzawaseembaig.blogspot.com HTTP/1.1" 301 3634 "-" "Mozilla/5.0 (X11; Linux x86_64) AppleWebKit/537.36 (KHTML, like Gecko) Chrome/137.0.7151.68 Safari/537.36 PlayStore-Google"
74.125.151.172 - - [21/Jun/2025:05:29:40 +0500] "GET /https:/mirzawaseembaig.blogspot.com HTTP/1.1" 404 34252 "-" "Mozilla/5.0 (X11; Linux x86_64) AppleWebKit/537.36 (KHTML, like Gecko) Chrome/137.0.7151.68 Safari/537.36 PlayStore-Google"
74.125.151.172 - - [21/Jun/2025:05:29:42 +0500] "GET /wp-content/plugins/woocommerce/assets/client/blocks/woocommerce/product-filter-price-slider-style.css?ver=6.8.1 HTTP/1.1" 200 1448 "https://starmakerwm.com/https:/mirzawaseembaig.blogspot.com" "Mozilla/5.0 (X11; Linux x86_64) AppleWebKit/537.36 (KHTML, like Gecko) Chrome/137.0.7151.68 Safari/537.36 PlayStore-Google"
74.125.151.171 - - [21/Jun/2025:05:29:42 +0500] "GET /wp-content/plugins/woocommerce/assets/css/woocommerce-layout.css?ver=9.9.4 HTTP/1.1" 200 6957 "https://starmakerwm.com/https:/mirzawaseembaig.blogspot.com" "Mozilla/5.0 (X11; Linux x86_64) AppleWebKit/537.36 (KHTML, like Gecko) Chrome/137.0.7151.68 Safari/537.36 PlayStore-Google"
74.125.151.172 - - [21/Jun/2025:05:29:42 +0500] "GET /wp-content/themes/bloghash/assets/css/style.min.css?ver=1.0.21 HTTP/1.1" 200 46920 "https://starmakerwm.com/https:/mirzawaseembaig.blogspot.com" "Mozilla/5.0 (X11; Linux x86_64) AppleWebKit/537.36 (KHTML, like Gecko) Chrome/137.0.7151.68 Safari/537.36 PlayStore-Google"
74.125.151.171 - - [21/Jun/2025:05:29:42 +0500] "GET /wp-content/plugins/woocommerce/assets/client/blocks/woocommerce/product-filters-style.css?ver=6.8.1 HTTP/1.1" 200 4479 "https://starmakerwm.com/https:/mirzawaseembaig.blogspot.com" "Mozilla/5.0 (X11; Linux x86_64) AppleWebKit/537.36 (KHTML, like Gecko) Chrome/137.0.7151.68 Safari/537.36 PlayStore-Google"
74.125.151.172 - - [21/Jun/2025:05:29:43 +0500] "GET /wp-content/plugins/yith-woocommerce-compare/assets/css/compare.css?ver=3.1.0 HTTP/1.1" 200 6904 "https://starmakerwm.com/https:/mirzawaseembaig.blogspot.com" "Mozilla/5.0 (X11; Linux x86_64) AppleWebKit/537.36 (KHTML, like Gecko) Chrome/137.0.7151.68 Safari/537.36 PlayStore-Google"
74.125.151.171 - - [21/Jun/2025:05:29:43 +0500] "GET /wp-content/themes/bloghash/assets/css/all.min.css?ver=5.15.4 HTTP/1.1" 200 13350 "https://starmakerwm.com/https:/mirzawaseembaig.blogspot.com" "Mozilla/5.0 (X11; Linux x86_64) AppleWebKit/537.36 (KHTML, like Gecko) Chrome/137.0.7151.68 Safari/537.36 PlayStore-Google"
74.125.151.172 - - [21/Jun/2025:05:29:43 +0500] "GET /wp-content/plugins/woocommerce/assets/css/woocommerce.css?ver=9.9.4 HTTP/1.1" 200 11273 "https://starmakerwm.com/https:/mirzawaseembaig.blogspot.com" "Mozilla/5.0 (X11; Linux x86_64) AppleWebKit/537.36 (KHTML, like Gecko) Chrome/137.0.7151.68 Safari/537.36 PlayStore-Google"
74.125.151.172 - - [21/Jun/2025:05:29:43 +0500] "GET /wp-content/plugins/yith-woocommerce-compare/assets/css/widget.css?ver=3.1.0 HTTP/1.1" 200 897 "https://starmakerwm.com/https:/mirzawaseembaig.blogspot.com" "Mozilla/5.0 (X11; Linux x86_64) AppleWebKit/537.36 (KHTML, like Gecko) Chrome/137.0.7151.68 Safari/537.36 PlayStore-Google"
74.125.151.171 - - [21/Jun/2025:05:29:44 +0500] "GET /wp-includes/js/jquery/jquery.min.js?ver=3.7.1 HTTP/1.1" 200 30879 "https://starmakerwm.com/https:/mirzawaseembaig.blogspot.com" "Mozilla/5.0 (X11; Linux x86_64) AppleWebKit/537.36 (KHTML, like Gecko) Chrome/137.0.7151.68 Safari/537.36 PlayStore-Google"
74.125.151.172 - - [21/Jun/2025:05:29:44 +0500] "GET /wp-content/plugins/woocommerce/assets/js/js-cookie/js.cookie.min.js?ver=2.1.4-wc.9.9.4 HTTP/1.1" 200 1232 "https://starmakerwm.com/https:/mirzawaseembaig.blogspot.com" "Mozilla/5.0 (X11; Linux x86_64) AppleWebKit/537.36 (KHTML, like Gecko) Chrome/137.0.7151.68 Safari/537.36 PlayStore-Google"
74.125.151.171 - - [21/Jun/2025:05:29:44 +0500] "GET /wp-content/uploads/2024/12/WhatsApp-Image-2022-05-04-at-12.55.53-AM-2.jpeg HTTP/1.1" 200 33024 "https://starmakerwm.com/https:/mirzawaseembaig.blogspot.com" "Mozilla/5.0 (X11; Linux x86_64) AppleWebKit/537.36 (KHTML, like Gecko) Chrome/137.0.7151.68 Safari/537.36 PlayStore-Google"
74.125.151.172 - - [21/Jun/2025:05:29:45 +0500] "GET /wp-content/uploads/2024/12/WhatsApp-Image-2022-08-27-at-6.23.37-PM.jpeg HTTP/1.1" 200 117012 "https://starmakerwm.com/https:/mirzawaseembaig.blogspot.com" "Mozilla/5.0 (X11; Linux x86_64) AppleWebKit/537.36 (KHTML, like Gecko) Chrome/137.0.7151.68 Safari/537.36 PlayStore-Google"
74.125.151.171 - - [21/Jun/2025:05:29:45 +0500] "GET /wp-content/themes/bloghash/assets/css/compatibility/woocommerce.min.css?ver=1.0.21 HTTP/1.1" 200 14841 "https://starmakerwm.com/https:/mirzawaseembaig.blogspot.com" "Mozilla/5.0 (X11; Linux x86_64) AppleWebKit/537.36 (KHTML, like Gecko) Chrome/137.0.7151.68 Safari/537.36 PlayStore-Google"
74.125.151.171 - - [21/Jun/2025:05:29:46 +0500] "GET /wp-content/plugins/pagelayer/css/givecss.php?give=pagelayer-frontend.css%2Cnivo-lightbox.css%2Canimate.min.css%2Cowl.carousel.min.css%2Cowl.theme.default.min.css%2Cfont-awesome5.min.css&premium=premium-frontend.css&ver=2.0.1 HTTP/1.1" 200 47074 "https://starmakerwm.com/https:/mirzawaseembaig.blogspot.com" "Mozilla/5.0 (X11; Linux x86_64) AppleWebKit/537.36 (KHTML, like Gecko) Chrome/137.0.7151.68 Safari/537.36 PlayStore-Google"
74.125.151.171 - - [21/Jun/2025:05:29:46 +0500] "GET /wp-content/plugins/woocommerce/assets/client/blocks/woocommerce/product-gallery-style.css?ver=6.8.1 HTTP/1.1" 200 2958 "https://starmakerwm.com/https:/mirzawaseembaig.blogspot.com" "Mozilla/5.0 (X11; Linux x86_64) AppleWebKit/537.36 (KHTML, like Gecko) Chrome/137.0.7151.68 Safari/537.36 PlayStore-Google"
74.125.151.172 - - [21/Jun/2025:05:29:46 +0500] "GET /wp-content/plugins/pagelayer/js/givejs.php?give=pagelayer-frontend.js%2Cnivo-lightbox.min.js%2Cwow.min.js%2Cjquery-numerator.js%2CsimpleParallax.min.js%2Cowl.carousel.min.js&premium=chart.min.js%2Cpremium-frontend.js%2Cshuffle.min.js&ver=2.0.1 HTTP/1.1" 200 100315 "https://starmakerwm.com/https:/mirzawaseembaig.blogspot.com" "Mozilla/5.0 (X11; Linux x86_64) AppleWebKit/537.36 (KHTML, like Gecko) Chrome/137.0.7151.68 Safari/537.36 PlayStore-Google"
74.125.151.172 - - [21/Jun/2025:05:29:47 +0500] "GET /wp-content/plugins/yith-woocommerce-compare/assets/css/jquery.dataTables.css?ver=1.10.18 HTTP/1.1" 200 5668 "https://starmakerwm.com/https:/mirzawaseembaig.blogspot.com" "Mozilla/5.0 (X11; Linux x86_64) AppleWebKit/537.36 (KHTML, like Gecko) Chrome/137.0.7151.68 Safari/537.36 PlayStore-Google"
74.125.151.171 - - [21/Jun/2025:05:29:47 +0500] "GET /wp-content/plugins/woocommerce/assets/css/brands.css?ver=9.9.4 HTTP/1.1" 200 1069 "https://starmakerwm.com/https:/mirzawaseembaig.blogspot.com" "Mozilla/5.0 (X11; Linux x86_64) AppleWebKit/537.36 (KHTML, like Gecko) Chrome/137.0.7151.68 Safari/537.36 PlayStore-Google"
74.125.151.171 - - [21/Jun/2025:05:29:47 +0500] "GET /wp-includes/js/jquery/jquery-migrate.min.js?ver=3.4.1 HTTP/1.1" 200 5272 "https://starmakerwm.com/https:/mirzawaseembaig.blogspot.com" "Mozilla/5.0 (X11; Linux x86_64) AppleWebKit/537.36 (KHTML, like Gecko) Chrome/137.0.7151.68 Safari/537.36 PlayStore-Google"
74.125.151.171 - - [21/Jun/2025:05:29:47 +0500] "GET /wp-content/plugins/woocommerce/assets/client/blocks/woocommerce/add-to-cart-form-style.css?ver=6.8.1 HTTP/1.1" 200 1868 "https://starmakerwm.com/https:/mirzawaseembaig.blogspot.com" "Mozilla/5.0 (X11; Linux x86_64) AppleWebKit/537.36 (KHTML, like Gecko) Chrome/137.0.7151.68 Safari/537.36 PlayStore-Google"
74.125.151.171 - - [21/Jun/2025:05:29:48 +0500] "GET /wp-content/plugins/duracelltomi-google-tag-manager/dist/js/analytics-talk-content-tracking.js?ver=1.21.1 HTTP/1.1" 200 1021 "https://starmakerwm.com/https:/mirzawaseembaig.blogspot.com" "Mozilla/5.0 (X11; Linux x86_64) AppleWebKit/537.36 (KHTML, like Gecko) Chrome/137.0.7151.68 Safari/537.36 PlayStore-Google"
74.125.151.171 - - [21/Jun/2025:05:29:48 +0500] "GET /wp-content/themes/bloghash/assets/css/compatibility/elementor.min.css?ver=1.0.21 HTTP/1.1" 200 716 "https://starmakerwm.com/https:/mirzawaseembaig.blogspot.com" "Mozilla/5.0 (X11; Linux x86_64) AppleWebKit/537.36 (KHTML, like Gecko) Chrome/137.0.7151.68 Safari/537.36 PlayStore-Google"
176.9.65.136 - - [21/Jun/2025:05:29:48 +0500] "POST /wp-cron.php?doing_wp_cron=1750465788.5242741107940673828125 HTTP/1.1" 200 289 "-" "WordPress/6.8.1; https://starmakerwm.com"
103.118.29.120 - - [21/Jun/2025:05:29:47 +0500] "POST /xmlrpc.php HTTP/1.1" 200 523 "http://starmakerwm.com" "Mozilla/5.0 (Windows NT 10.0; Win64; x64) AppleWebKit/537.36 (KHTML, like Gecko) Chrome/115.0.5790.102 Safari/537.36"
74.125.151.171 - - [21/Jun/2025:05:29:48 +0500] "GET /wp-content/uploads/pl-google-fonts/88b9e384927fd72e5cb311df6f634e19.css HTTP/1.1" 200 2593 "https://starmakerwm.com/https:/mirzawaseembaig.blogspot.com" "Mozilla/5.0 (X11; Linux x86_64) AppleWebKit/537.36 (KHTML, like Gecko) Chrome/137.0.7151.68 Safari/537.36 PlayStore-Google"
74.125.151.171 - - [21/Jun/2025:05:29:49 +0500] "GET /wp-content/plugins/elementor/assets/lib/swiper/v8/css/swiper.min.css?ver=8.4.5 HTTP/1.1" 200 4969 "https://starmakerwm.com/https:/mirzawaseembaig.blogspot.com" "Mozilla/5.0 (X11; Linux x86_64) AppleWebKit/537.36 (KHTML, like Gecko) Chrome/137.0.7151.68 Safari/537.36 PlayStore-Google"
74.125.151.171 - - [21/Jun/2025:05:29:49 +0500] "GET /wp-includes/css/dist/block-library/style.min.css?ver=6.8.1 HTTP/1.1" 200 15776 "https://starmakerwm.com/https:/mirzawaseembaig.blogspot.com" "Mozilla/5.0 (X11; Linux x86_64) AppleWebKit/537.36 (KHTML, like Gecko) Chrome/137.0.7151.68 Safari/537.36 PlayStore-Google"
74.125.151.171 - - [21/Jun/2025:05:29:49 +0500] "GET /wp-content/uploads/bloghash/dynamic-styles.css?ver=1750351974 HTTP/1.1" 200 5952 "https://starmakerwm.com/https:/mirzawaseembaig.blogspot.com" "Mozilla/5.0 (X11; Linux x86_64) AppleWebKit/537.36 (KHTML, like Gecko) Chrome/137.0.7151.68 Safari/537.36 PlayStore-Google"
74.125.151.171 - - [21/Jun/2025:05:29:49 +0500] "GET /wp-content/plugins/woocommerce/assets/js/jquery-blockui/jquery.blockUI.min.js?ver=2.7.0-wc.9.9.4 HTTP/1.1" 200 3937 "https://starmakerwm.com/https:/mirzawaseembaig.blogspot.com" "Mozilla/5.0 (X11; Linux x86_64) AppleWebKit/537.36 (KHTML, like Gecko) Chrome/137.0.7151.68 Safari/537.36 PlayStore-Google"
74.125.151.171 - - [21/Jun/2025:05:29:50 +0500] "GET /wp-content/uploads/2024/12/Screenshot_20220530-115434-Copy.jpg HTTP/1.1" 200 386302 "https://starmakerwm.com/https:/mirzawaseembaig.blogspot.com" "Mozilla/5.0 (X11; Linux x86_64) AppleWebKit/537.36 (KHTML, like Gecko) Chrome/137.0.7151.68 Safari/537.36 PlayStore-Google"
74.125.151.171 - - [21/Jun/2025:05:29:50 +0500] "GET /wp-content/uploads/2024/12/Screenshot_20220530-120258.jpg HTTP/1.1" 200 380432 "https://starmakerwm.com/https:/mirzawaseembaig.blogspot.com" "Mozilla/5.0 (X11; Linux x86_64) AppleWebKit/537.36 (KHTML, like Gecko) Chrome/137.0.7151.68 Safari/537.36 PlayStore-Google"
74.125.151.171 - - [21/Jun/2025:05:29:50 +0500] "GET /wp-content/uploads/2024/12/Screenshot_20220530-115644.jpg HTTP/1.1" 200 342193 "https://starmakerwm.com/https:/mirzawaseembaig.blogspot.com" "Mozilla/5.0 (X11; Linux x86_64) AppleWebKit/537.36 (KHTML, like Gecko) Chrome/137.0.7151.68 Safari/537.36 PlayStore-Google"
74.125.151.171 - - [21/Jun/2025:05:29:50 +0500] "GET /wp-content/plugins/woocommerce/assets/client/blocks/wc-blocks.css?ver=wc-9.9.4 HTTP/1.1" 200 2961 "https://starmakerwm.com/https:/mirzawaseembaig.blogspot.com" "Mozilla/5.0 (X11; Linux x86_64) AppleWebKit/537.36 (KHTML, like Gecko) Chrome/137.0.7151.68 Safari/537.36 PlayStore-Google"
74.125.151.171 - - [21/Jun/2025:05:29:51 +0500] "GET /wp-content/uploads/pl-google-fonts/88b9e384927fd72e5cb311df6f634e19.css?ver=2.0.1 HTTP/1.1" 200 2593 "https://starmakerwm.com/https:/mirzawaseembaig.blogspot.com" "Mozilla/5.0 (X11; Linux x86_64) AppleWebKit/537.36 (KHTML, like Gecko) Chrome/137.0.7151.68 Safari/537.36 PlayStore-Google"
74.125.151.171 - - [21/Jun/2025:05:29:51 +0500] "GET /wp-includes/js/dist/vendor/react.min.js?ver=18.3.1.1 HTTP/1.1" 200 4565 "https://starmakerwm.com/https:/mirzawaseembaig.blogspot.com" "Mozilla/5.0 (X11; Linux x86_64) AppleWebKit/537.36 (KHTML, like Gecko) Chrome/137.0.7151.68 Safari/537.36 PlayStore-Google"
74.125.151.172 - - [21/Jun/2025:05:29:51 +0500] "GET /wp-includes/js/dist/vendor/react-jsx-runtime.min.js?ver=18.3.1 HTTP/1.1" 200 4109 "https://starmakerwm.com/https:/mirzawaseembaig.blogspot.com" "Mozilla/5.0 (X11; Linux x86_64) AppleWebKit/537.36 (KHTML, like Gecko) Chrome/137.0.7151.68 Safari/537.36 PlayStore-Google"
74.125.151.172 - - [21/Jun/2025:05:29:52 +0500] "GET /wp-includes/js/dist/vendor/react-dom.min.js?ver=18.3.1.1 HTTP/1.1" 200 45599 "https://starmakerwm.com/https:/mirzawaseembaig.blogspot.com" "Mozilla/5.0 (X11; Linux x86_64) AppleWebKit/537.36 (KHTML, like Gecko) Chrome/137.0.7151.68 Safari/537.36 PlayStore-Google"
74.125.151.171 - - [21/Jun/2025:05:29:52 +0500] "GET /wp-includes/js/dist/dom-ready.min.js?ver=f77871ff7694fffea381 HTTP/1.1" 200 719 "https://starmakerwm.com/https:/mirzawaseembaig.blogspot.com" "Mozilla/5.0 (X11; Linux x86_64) AppleWebKit/537.36 (KHTML, like Gecko) Chrome/137.0.7151.68 Safari/537.36 PlayStore-Google"
74.125.151.171 - - [21/Jun/2025:05:29:52 +0500] "GET /wp-includes/js/dist/hooks.min.js?ver=4d63a3d491d11ffd8ac6 HTTP/1.1" 200 2048 "https://starmakerwm.com/https:/mirzawaseembaig.blogspot.com" "Mozilla/5.0 (X11; Linux x86_64) AppleWebKit/537.36 (KHTML, like Gecko) Chrome/137.0.7151.68 Safari/537.36 PlayStore-Google"
74.125.151.172 - - [21/Jun/2025:05:29:52 +0500] "GET /wp-includes/js/dist/i18n.min.js?ver=5e580eb46a90c2b997e6 HTTP/1.1" 200 4067 "https://starmakerwm.com/https:/mirzawaseembaig.blogspot.com" "Mozilla/5.0 (X11; Linux x86_64) AppleWebKit/537.36 (KHTML, like Gecko) Chrome/137.0.7151.68 Safari/537.36 PlayStore-Google"
74.125.151.172 - - [21/Jun/2025:05:29:52 +0500] "GET /wp-includes/js/dist/a11y.min.js?ver=3156534cc54473497e14 HTTP/1.1" 200 1355 "https://starmakerwm.com/https:/mirzawaseembaig.blogspot.com" "Mozilla/5.0 (X11; Linux x86_64) AppleWebKit/537.36 (KHTML, like Gecko) Chrome/137.0.7151.68 Safari/537.36 PlayStore-Google"
74.125.151.171 - - [21/Jun/2025:05:29:53 +0500] "GET /wp-includes/js/dist/vendor/wp-polyfill.min.js?ver=3.15.0 HTTP/1.1" 200 14938 "https://starmakerwm.com/https:/mirzawaseembaig.blogspot.com" "Mozilla/5.0 (X11; Linux x86_64) AppleWebKit/537.36 (KHTML, like Gecko) Chrome/137.0.7151.68 Safari/537.36 PlayStore-Google"
74.125.151.171 - - [21/Jun/2025:05:29:53 +0500] "GET /wp-includes/js/dist/url.min.js?ver=6bf93e90403a1eec6501 HTTP/1.1" 200 4224 "https://starmakerwm.com/https:/mirzawaseembaig.blogspot.com" "Mozilla/5.0 (X11; Linux x86_64) AppleWebKit/537.36 (KHTML, like Gecko) Chrome/137.0.7151.68 Safari/537.36 PlayStore-Google"
74.125.151.172 - - [21/Jun/2025:05:29:53 +0500] "GET /wp-includes/js/dist/api-fetch.min.js?ver=3623a576c78df404ff20 HTTP/1.1" 200 2819 "https://starmakerwm.com/https:/mirzawaseembaig.blogspot.com" "Mozilla/5.0 (X11; Linux x86_64) AppleWebKit/537.36 (KHTML, like Gecko) Chrome/137.0.7151.68 Safari/537.36 PlayStore-Google"
74.125.151.171 - - [21/Jun/2025:05:29:53 +0500] "GET /wp-includes/js/dist/blob.min.js?ver=9113eed771d446f4a556 HTTP/1.1" 200 975 "https://starmakerwm.com/https:/mirzawaseembaig.blogspot.com" "Mozilla/5.0 (X11; Linux x86_64) AppleWebKit/537.36 (KHTML, like Gecko) Chrome/137.0.7151.68 Safari/537.36 PlayStore-Google"
74.125.151.171 - - [21/Jun/2025:05:29:54 +0500] "GET /wp-includes/js/dist/block-serialization-default-parser.min.js?ver=14d44daebf663d05d330 HTTP/1.1" 200 1519 "https://starmakerwm.com/https:/mirzawaseembaig.blogspot.com" "Mozilla/5.0 (X11; Linux x86_64) AppleWebKit/537.36 (KHTML, like Gecko) Chrome/137.0.7151.68 Safari/537.36 PlayStore-Google"
74.125.151.171 - - [21/Jun/2025:05:29:54 +0500] "GET /wp-includes/js/dist/autop.min.js?ver=9fb50649848277dd318d HTTP/1.1" 200 2509 "https://starmakerwm.com/https:/mirzawaseembaig.blogspot.com" "Mozilla/5.0 (X11; Linux x86_64) AppleWebKit/537.36 (KHTML, like Gecko) Chrome/137.0.7151.68 Safari/537.36 PlayStore-Google"
74.125.151.171 - - [21/Jun/2025:05:29:54 +0500] "GET /wp-includes/js/dist/deprecated.min.js?ver=e1f84915c5e8ae38964c HTTP/1.1" 200 845 "https://starmakerwm.com/https:/mirzawaseembaig.blogspot.com" "Mozilla/5.0 (X11; Linux x86_64) AppleWebKit/537.36 (KHTML, like Gecko) Chrome/137.0.7151.68 Safari/537.36 PlayStore-Google"
176.9.65.136 - - [21/Jun/2025:05:34:37 +0500] "POST /wp-cron.php?doing_wp_cron=1750466077.3120698928833007812500 HTTP/1.1" 200 289 "-" "WordPress/6.8.1; https://starmakerwm.com"
80.65.208.215 - - [21/Jun/2025:05:34:36 +0500] "POST /xmlrpc.php HTTP/1.1" 200 523 "http://starmakerwm.com" "Mozilla/5.0 (Windows NT 10.0; Win64; x64) AppleWebKit/537.36 (KHTML, like Gecko) Chrome/114.0.5735.134 Safari/537.36"
176.9.65.136 - - [21/Jun/2025:05:39:26 +0500] "POST /wp-cron.php?doing_wp_cron=1750466366.8632309436798095703125 HTTP/1.1" 200 289 "-" "WordPress/6.8.1; https://starmakerwm.com"
51.210.60.82 - - [21/Jun/2025:05:39:25 +0500] "POST /xmlrpc.php HTTP/1.1" 200 523 "http://starmakerwm.com" "Mozilla/5.0 (Macintosh; Intel Mac OS X 10_15_7) AppleWebKit/537.36 (KHTML, like Gecko) Chrome/113.0.5672.93 Safari/537.36"
173.252.87.4 - - [21/Jun/2025:05:39:59 +0500] "GET /robots.txt HTTP/2.0" 206 605 "-" "facebookexternalhit/1.1 (+http://www.facebook.com/externalhit_uatext.php)"
176.9.65.136 - - [21/Jun/2025:05:40:13 +0500] "POST /wp-cron.php?doing_wp_cron=1750466413.2446739673614501953125 HTTP/1.1" 200 3487 "-" "WordPress/6.8.1; https://starmakerwm.com"
198.98.56.10 - - [21/Jun/2025:05:40:12 +0500] "GET /wp-login.php HTTP/1.1" 200 18598 "-" "Mozilla/5.0 (X11; Linux x86_64) AppleWebKit/537.36 (KHTML, like Gecko) Chrome/36.0.1985.143 Safari/537.36"
176.9.65.136 - - [21/Jun/2025:05:41:21 +0500] "POST /wp-cron.php?doing_wp_cron=1750466481.3037569522857666015625 HTTP/1.1" 200 3486 "-" "WordPress/6.8.1; https://starmakerwm.com"
198.98.56.10 - - [21/Jun/2025:05:41:20 +0500] "POST /wp-login.php HTTP/1.1" 200 18854 "-" "Mozilla/5.0 (X11; Linux x86_64) AppleWebKit/537.36 (KHTML, like Gecko) Chrome/36.0.1985.143 Safari/537.36"
176.9.65.136 - - [21/Jun/2025:05:44:25 +0500] "POST /wp-cron.php?doing_wp_cron=1750466665.9610579013824462890625 HTTP/1.1" 200 289 "-" "WordPress/6.8.1; https://starmakerwm.com"
31.56.36.189 - - [21/Jun/2025:05:44:25 +0500] "GET / HTTP/1.1" 200 1113 "-" "WPCheckBot"
176.9.65.136 - - [21/Jun/2025:05:46:25 +0500] "POST /wp-cron.php?doing_wp_cron=1750466785.2849578857421875000000 HTTP/1.1" 200 289 "-" "WordPress/6.8.1; https://starmakerwm.com"
54.37.76.193 - - [21/Jun/2025:05:46:24 +0500] "POST /xmlrpc.php HTTP/1.1" 200 523 "-" "Mozilla/5.0 (Windows NT 10.0; Win64; x64; rv:70.0) Gecko/20100101 Firefox/70.0"
176.9.65.136 - - [21/Jun/2025:05:49:09 +0500] "POST /wp-cron.php?doing_wp_cron=1750466949.2611210346221923828125 HTTP/1.1" 200 289 "-" "WordPress/6.8.1; https://starmakerwm.com"
5.101.157.127 - - [21/Jun/2025:05:49:08 +0500] "POST /xmlrpc.php HTTP/1.1" 200 523 "http://starmakerwm.com" "Mozilla/5.0 (Macintosh; Intel Mac OS X 10_15_7; rv:129.0) Gecko/20100101 Firefox/129.0"
176.9.65.136 - - [21/Jun/2025:05:56:15 +0500] "POST /wp-cron.php?doing_wp_cron=1750467375.4085559844970703125000 HTTP/1.1" 200 289 "-" "WordPress/6.8.1; https://starmakerwm.com"
62.72.24.234 - - [21/Jun/2025:05:56:14 +0500] "POST /xmlrpc.php HTTP/1.1" 200 542 "-" "Mozilla/5.0 (X11; Ubuntu; Linux x86_64; rv:85.0) Gecko/20100101 Firefox/91.0"
176.9.65.136 - - [21/Jun/2025:05:58:49 +0500] "POST /wp-cron.php?doing_wp_cron=1750467529.9753670692443847656250 HTTP/1.1" 200 289 "-" "WordPress/6.8.1; https://starmakerwm.com"
51.81.207.12 - - [21/Jun/2025:05:58:48 +0500] "POST /xmlrpc.php HTTP/1.1" 200 523 "http://starmakerwm.com" "Mozilla/5.0 (Macintosh; Intel Mac OS X 10_15_7) AppleWebKit/537.36 (KHTML, like Gecko) Chrome/112.0.5615.138 Safari/537.36"
176.9.65.136 - - [21/Jun/2025:06:03:43 +0500] "POST /wp-cron.php?doing_wp_cron=1750467823.0177769660949707031250 HTTP/1.1" 200 289 "-" "WordPress/6.8.1; https://starmakerwm.com"
195.78.67.17 - - [21/Jun/2025:06:03:41 +0500] "POST /xmlrpc.php HTTP/1.1" 200 523 "http://starmakerwm.com" "Mozilla/5.0 (Windows NT 10.0; Win64; x64; rv:129.0) Gecko/20100101 Firefox/129.0"
176.9.65.136 - - [21/Jun/2025:06:08:32 +0500] "POST /wp-cron.php?doing_wp_cron=1750468112.6166150569915771484375 HTTP/1.1" 200 289 "-" "WordPress/6.8.1; https://starmakerwm.com"
45.67.216.103 - - [21/Jun/2025:06:08:31 +0500] "POST /xmlrpc.php HTTP/1.1" 200 523 "-" "Mozilla/5.0 (Windows NT 10.0; Win64; x64; rv:87.0) Gecko/20100101 Firefox/87.0"
104.168.248.149 - - [21/Jun/2025:06:08:37 +0500] "POST /xmlrpc.php HTTP/1.1" 200 523 "http://starmakerwm.com" "Mozilla/5.0 (Macintosh; Intel Mac OS X 14.3) AppleWebKit/614.31.14 (KHTML, like Gecko) Version/17.0.96 Safari/614.31.14"
176.9.65.136 - - [21/Jun/2025:06:09:56 +0500] "POST /wp-cron.php?doing_wp_cron=1750468196.1222660541534423828125 HTTP/1.1" 200 3488 "-" "WordPress/6.8.1; https://starmakerwm.com"
117.254.225.195 - - [21/Jun/2025:06:09:55 +0500] "GET /?gad_campaignid=22678990791&gb=1&gclid=Cj0KCQjwjdTCBhCLARIsAEu8bpLeEtVsz38XWbCwiEwBxfaQ3lbuPp1Zj0axd0QL6GUrBmjAbQlqk38aApnfEALw_wcB HTTP/1.1" 301 3731 "-" "Mozilla/5.0 (Linux; Android 12; moto g(60) Build/S2RI32.32-20-9-9-2; wv) AppleWebKit/537.36 (KHTML, like Gecko) Version/4.0 Chrome/137.0.7151.61 Mobile Safari/537.36 (Mobile; afma-sdk-a-v250505999.243220000.1)"
117.254.225.195 - - [21/Jun/2025:06:09:57 +0500] "GET /?gad_campaignid=22678990791&gb=1&gclid=Cj0KCQjwjdTCBhCLARIsAEu8bpLeEtVsz38XWbCwiEwBxfaQ3lbuPp1Zj0axd0QL6GUrBmjAbQlqk38aApnfEALw_wcB HTTP/1.1" 200 35530 "-" "Mozilla/5.0 (Linux; Android 12; moto g(60) Build/S2RI32.32-20-9-9-2; wv) AppleWebKit/537.36 (KHTML, like Gecko) Version/4.0 Chrome/137.0.7151.61 Mobile Safari/537.36 (Mobile; afma-sdk-a-v250505999.243220000.1)"
176.9.65.136 - - [21/Jun/2025:06:12:27 +0500] "POST /wp-cron.php?doing_wp_cron=1750468347.5894770622253417968750 HTTP/1.1" 200 3487 "-" "WordPress/6.8.1; https://starmakerwm.com"
198.98.57.22 - - [21/Jun/2025:06:12:26 +0500] "GET /wp-login.php HTTP/1.1" 200 18598 "-" "Mozilla/5.0 (Macintosh; Intel Mac OS X 10_9_2) AppleWebKit/537.74.9 (KHTML, like Gecko) Version/7.0.2 Safari/537.74.9"
198.98.57.22 - - [21/Jun/2025:06:12:27 +0500] "POST /wp-login.php HTTP/1.1" 200 16341 "-" "Mozilla/5.0 (Macintosh; Intel Mac OS X 10_9_2) AppleWebKit/537.74.9 (KHTML, like Gecko) Version/7.0.2 Safari/537.74.9"
176.9.65.136 - - [21/Jun/2025:06:13:29 +0500] "POST /wp-cron.php?doing_wp_cron=1750468409.9252638816833496093750 HTTP/1.1" 200 289 "-" "WordPress/6.8.1; https://starmakerwm.com"
15.235.212.14 - - [21/Jun/2025:06:13:29 +0500] "POST /xmlrpc.php HTTP/1.1" 200 523 "http://starmakerwm.com" "Mozilla/5.0 (Macintosh; Intel Mac OS X 13.3; rv:126.0) Gecko/20100101 Firefox/126.0"
176.9.65.136 - - [21/Jun/2025:06:16:07 +0500] "POST /wp-cron.php?doing_wp_cron=1750468567.4755671024322509765625 HTTP/1.1" 200 289 "-" "WordPress/6.8.1; https://starmakerwm.com"
125.23.86.26 - - [21/Jun/2025:06:16:06 +0500] "POST /xmlrpc.php HTTP/1.1" 200 542 "-" "Mozilla/5.0 (X11; Ubuntu; Linux x86_64; rv:85.0) Gecko/20100101 Firefox/91.0"
176.9.65.136 - - [21/Jun/2025:06:18:20 +0500] "POST /wp-cron.php?doing_wp_cron=1750468700.2296710014343261718750 HTTP/1.1" 200 289 "-" "WordPress/6.8.1; https://starmakerwm.com"
103.218.122.203 - - [21/Jun/2025:06:18:19 +0500] "POST /xmlrpc.php HTTP/1.1" 200 523 "http://starmakerwm.com" "Mozilla/5.0 (Windows NT 10.0; Win64; x64) AppleWebKit/537.36 (KHTML, like Gecko) Chrome/113.0.5672.126 Safari/537.36 Edg/113.0.1774.50"
176.9.65.136 - - [21/Jun/2025:06:19:37 +0500] "POST /wp-cron.php?doing_wp_cron=1750468777.6046550273895263671875 HTTP/1.1" 200 3487 "-" "WordPress/6.8.1; https://starmakerwm.com"
198.98.58.46 - - [21/Jun/2025:06:19:36 +0500] "GET /wp-login.php HTTP/1.1" 200 18600 "-" "Mozilla/5.0 (Macintosh; Intel Mac OS X 10_9_0) AppleWebKit/537.36 (KHTML, like Gecko) Chrome/36.0.1985.125 Safari/537.36"
176.9.65.136 - - [21/Jun/2025:06:23:53 +0500] "POST /wp-cron.php?doing_wp_cron=1750469033.4305770397186279296875 HTTP/1.1" 200 3487 "-" "WordPress/6.8.1; https://starmakerwm.com"
198.98.58.46 - - [21/Jun/2025:06:23:52 +0500] "POST /wp-login.php HTTP/1.1" 200 18855 "-" "Mozilla/5.0 (Macintosh; Intel Mac OS X 10_9_0) AppleWebKit/537.36 (KHTML, like Gecko) Chrome/36.0.1985.125 Safari/537.36"
176.9.65.136 - - [21/Jun/2025:06:24:46 +0500] "POST /wp-cron.php?doing_wp_cron=1750469086.0925359725952148437500 HTTP/1.1" 200 289 "-" "WordPress/6.8.1; https://starmakerwm.com"
143.198.19.6 - - [21/Jun/2025:06:24:45 +0500] "GET /wp-content/plugins/litespeed-cache/readme.txt HTTP/1.1" 404 31021 "-" "Mozlila/5.0 (Linux; Android 7.0; SM-G892A Bulid/NRD90M; wv) AppleWebKit/537.36 (KHTML, like Gecko) Version/4.0 Chrome/60.0.3112.107 Moblie Safari/537.36"
176.9.65.136 - - [21/Jun/2025:06:26:54 +0500] "POST /wp-cron.php?doing_wp_cron=1750469214.4362471103668212890625 HTTP/1.1" 200 289 "-" "WordPress/6.8.1; https://starmakerwm.com"
69.160.160.54 - - [21/Jun/2025:06:26:53 +0500] "GET / HTTP/1.1" 200 786 "http://starmakerwm.com" "Mozilla/5.0 AppleWebKit/537.36 (KHTML, like Gecko; compatible; Nicecrawler/1.1; +http://www.nicecrawler.com/) Chrome/90.0.4430.97 Safari/537.36"
69.160.160.54 - - [21/Jun/2025:06:26:55 +0500] "GET / HTTP/1.1" 200 32229 "-" "Mozilla/5.0 (X11; Linux x86_64) AppleWebKit/537.36 (KHTML, like Gecko) HeadlessChrome/80.0.3987.132 Safari/537.36"
69.160.160.54 - - [21/Jun/2025:06:26:57 +0500] "GET /wp-content/plugins/pagelayer/css/givecss.php?give=pagelayer-frontend.css%2Cnivo-lightbox.css%2Canimate.min.css%2Cowl.carousel.min.css%2Cowl.theme.default.min.css%2Cfont-awesome5.min.css&premium=premium-frontend.css&ver=2.0.1 HTTP/1.1" 200 46722 "http://starmakerwm.com/" "Mozilla/5.0 (X11; Linux x86_64) AppleWebKit/537.36 (KHTML, like Gecko) HeadlessChrome/80.0.3987.132 Safari/537.36"
69.160.160.54 - - [21/Jun/2025:06:26:57 +0500] "GET /wp-includes/css/dist/block-library/style.min.css?ver=6.8.1 HTTP/1.1" 200 15715 "http://starmakerwm.com/" "Mozilla/5.0 (X11; Linux x86_64) AppleWebKit/537.36 (KHTML, like Gecko) HeadlessChrome/80.0.3987.132 Safari/537.36"
69.160.160.54 - - [21/Jun/2025:06:26:57 +0500] "GET /wp-content/plugins/woocommerce/assets/client/blocks/woocommerce/product-filters-style.css?ver=6.8.1 HTTP/1.1" 200 1328 "http://starmakerwm.com/" "Mozilla/5.0 (X11; Linux x86_64) AppleWebKit/537.36 (KHTML, like Gecko) HeadlessChrome/80.0.3987.132 Safari/537.36"
69.160.160.54 - - [21/Jun/2025:06:26:57 +0500] "GET /wp-content/plugins/woocommerce/assets/client/blocks/woocommerce/add-to-cart-form-style.css?ver=6.8.1 HTTP/1.1" 200 1873 "http://starmakerwm.com/" "Mozilla/5.0 (X11; Linux x86_64) AppleWebKit/537.36 (KHTML, like Gecko) HeadlessChrome/80.0.3987.132 Safari/537.36"
69.160.160.54 - - [21/Jun/2025:06:26:57 +0500] "GET /wp-content/plugins/woocommerce/assets/client/blocks/woocommerce/product-filter-price-slider-style.css?ver=6.8.1 HTTP/1.1" 200 1453 "http://starmakerwm.com/" "Mozilla/5.0 (X11; Linux x86_64) AppleWebKit/537.36 (KHTML, like Gecko) HeadlessChrome/80.0.3987.132 Safari/537.36"
69.160.160.54 - - [21/Jun/2025:06:26:57 +0500] "GET /wp-content/plugins/woocommerce/assets/client/blocks/woocommerce/product-gallery-style.css?ver=6.8.1 HTTP/1.1" 200 2963 "http://starmakerwm.com/" "Mozilla/5.0 (X11; Linux x86_64) AppleWebKit/537.36 (KHTML, like Gecko) HeadlessChrome/80.0.3987.132 Safari/537.36"
69.160.160.54 - - [21/Jun/2025:06:26:57 +0500] "GET /wp-content/plugins/woocommerce/assets/css/woocommerce-layout.css?ver=9.9.4 HTTP/1.1" 200 3778 "http://starmakerwm.com/" "Mozilla/5.0 (X11; Linux x86_64) AppleWebKit/537.36 (KHTML, like Gecko) HeadlessChrome/80.0.3987.132 Safari/537.36"
69.160.160.54 - - [21/Jun/2025:06:26:57 +0500] "GET /wp-content/plugins/woocommerce/assets/css/brands.css?ver=9.9.4 HTTP/1.1" 200 1047 "http://starmakerwm.com/" "Mozilla/5.0 (X11; Linux x86_64) AppleWebKit/537.36 (KHTML, like Gecko) HeadlessChrome/80.0.3987.132 Safari/537.36"
69.160.160.54 - - [21/Jun/2025:06:26:57 +0500] "GET /wp-content/themes/bloghash/assets/css/compatibility/elementor.min.css?ver=1.0.21 HTTP/1.1" 200 694 "http://starmakerwm.com/" "Mozilla/5.0 (X11; Linux x86_64) AppleWebKit/537.36 (KHTML, like Gecko) HeadlessChrome/80.0.3987.132 Safari/537.36"
69.160.160.54 - - [21/Jun/2025:06:26:57 +0500] "GET /wp-content/plugins/elementor/assets/lib/swiper/v8/css/swiper.min.css?ver=8.4.5 HTTP/1.1" 200 4947 "http://starmakerwm.com/" "Mozilla/5.0 (X11; Linux x86_64) AppleWebKit/537.36 (KHTML, like Gecko) HeadlessChrome/80.0.3987.132 Safari/537.36"
69.160.160.54 - - [21/Jun/2025:06:26:57 +0500] "GET /wp-content/plugins/woocommerce/assets/css/woocommerce.css?ver=9.9.4 HTTP/1.1" 200 11185 "http://starmakerwm.com/" "Mozilla/5.0 (X11; Linux x86_64) AppleWebKit/537.36 (KHTML, like Gecko) HeadlessChrome/80.0.3987.132 Safari/537.36"
69.160.160.54 - - [21/Jun/2025:06:26:57 +0500] "GET /wp-content/themes/bloghash/assets/css/all.min.css?ver=5.15.4 HTTP/1.1" 200 13262 "http://starmakerwm.com/" "Mozilla/5.0 (X11; Linux x86_64) AppleWebKit/537.36 (KHTML, like Gecko) HeadlessChrome/80.0.3987.132 Safari/537.36"
69.160.160.54 - - [21/Jun/2025:06:26:57 +0500] "GET /wp-content/themes/bloghash/assets/css/style.min.css?ver=1.0.21 HTTP/1.1" 200 46744 "http://starmakerwm.com/" "Mozilla/5.0 (X11; Linux x86_64) AppleWebKit/537.36 (KHTML, like Gecko) HeadlessChrome/80.0.3987.132 Safari/537.36"
69.160.160.54 - - [21/Jun/2025:06:26:57 +0500] "GET /wp-content/plugins/yith-woocommerce-compare/assets/css/jquery.dataTables.css?ver=1.10.18 HTTP/1.1" 200 2489 "http://starmakerwm.com/" "Mozilla/5.0 (X11; Linux x86_64) AppleWebKit/537.36 (KHTML, like Gecko) HeadlessChrome/80.0.3987.132 Safari/537.36"
69.160.160.54 - - [21/Jun/2025:06:26:57 +0500] "GET /wp-content/uploads/bloghash/dynamic-styles.css?ver=1750351974 HTTP/1.1" 200 5930 "http://starmakerwm.com/" "Mozilla/5.0 (X11; Linux x86_64) AppleWebKit/537.36 (KHTML, like Gecko) HeadlessChrome/80.0.3987.132 Safari/537.36"
69.160.160.54 - - [21/Jun/2025:06:26:57 +0500] "GET /wp-content/themes/bloghash/assets/css/compatibility/woocommerce.min.css?ver=1.0.21 HTTP/1.1" 200 14753 "http://starmakerwm.com/" "Mozilla/5.0 (X11; Linux x86_64) AppleWebKit/537.36 (KHTML, like Gecko) HeadlessChrome/80.0.3987.132 Safari/537.36"
69.160.160.54 - - [21/Jun/2025:06:26:57 +0500] "GET /wp-content/plugins/yith-woocommerce-compare/assets/css/widget.css?ver=3.1.0 HTTP/1.1" 200 875 "http://starmakerwm.com/" "Mozilla/5.0 (X11; Linux x86_64) AppleWebKit/537.36 (KHTML, like Gecko) HeadlessChrome/80.0.3987.132 Safari/537.36"
69.160.160.54 - - [21/Jun/2025:06:26:57 +0500] "GET /wp-includes/js/jquery/jquery.min.js?ver=3.7.1 HTTP/1.1" 200 30747 "http://starmakerwm.com/" "Mozilla/5.0 (X11; Linux x86_64) AppleWebKit/537.36 (KHTML, like Gecko) HeadlessChrome/80.0.3987.132 Safari/537.36"
69.160.160.54 - - [21/Jun/2025:06:26:57 +0500] "GET /wp-includes/js/jquery/jquery-migrate.min.js?ver=3.4.1 HTTP/1.1" 200 5250 "http://starmakerwm.com/" "Mozilla/5.0 (X11; Linux x86_64) AppleWebKit/537.36 (KHTML, like Gecko) HeadlessChrome/80.0.3987.132 Safari/537.36"
69.160.160.54 - - [21/Jun/2025:06:26:57 +0500] "GET /wp-content/plugins/woocommerce/assets/js/jquery-blockui/jquery.blockUI.min.js?ver=2.7.0-wc.9.9.4 HTTP/1.1" 200 3915 "http://starmakerwm.com/" "Mozilla/5.0 (X11; Linux x86_64) AppleWebKit/537.36 (KHTML, like Gecko) HeadlessChrome/80.0.3987.132 Safari/537.36"
69.160.160.54 - - [21/Jun/2025:06:26:57 +0500] "GET /wp-content/plugins/pagelayer/js/givejs.php?give=pagelayer-frontend.js%2Cnivo-lightbox.min.js%2Cwow.min.js%2Cjquery-numerator.js%2CsimpleParallax.min.js%2Cowl.carousel.min.js&premium=chart.min.js%2Cpremium-frontend.js%2Cshuffle.min.js&ver=2.0.1 HTTP/1.1" 200 96456 "http://starmakerwm.com/" "Mozilla/5.0 (X11; Linux x86_64) AppleWebKit/537.36 (KHTML, like Gecko) HeadlessChrome/80.0.3987.132 Safari/537.36"
69.160.160.54 - - [21/Jun/2025:06:26:58 +0500] "GET /wp-content/plugins/woocommerce/assets/js/js-cookie/js.cookie.min.js?ver=2.1.4-wc.9.9.4 HTTP/1.1" 200 1210 "http://starmakerwm.com/" "Mozilla/5.0 (X11; Linux x86_64) AppleWebKit/537.36 (KHTML, like Gecko) HeadlessChrome/80.0.3987.132 Safari/537.36"
69.160.160.54 - - [21/Jun/2025:06:26:58 +0500] "GET /wp-content/plugins/duracelltomi-google-tag-manager/dist/js/analytics-talk-content-tracking.js?ver=1.21.1 HTTP/1.1" 200 999 "http://starmakerwm.com/" "Mozilla/5.0 (X11; Linux x86_64) AppleWebKit/537.36 (KHTML, like Gecko) HeadlessChrome/80.0.3987.132 Safari/537.36"
69.160.160.54 - - [21/Jun/2025:06:26:58 +0500] "GET /wp-content/plugins/woocommerce/assets/js/frontend/add-to-cart.min.js?ver=9.9.4 HTTP/1.1" 200 1746 "http://starmakerwm.com/" "Mozilla/5.0 (X11; Linux x86_64) AppleWebKit/537.36 (KHTML, like Gecko) HeadlessChrome/80.0.3987.132 Safari/537.36"
69.160.160.54 - - [21/Jun/2025:06:26:58 +0500] "GET /wp-content/plugins/yith-woocommerce-compare/assets/css/compare.css?ver=3.1.0 HTTP/2.0" 200 3517 "http://starmakerwm.com/" "Mozilla/5.0 (X11; Linux x86_64) AppleWebKit/537.36 (KHTML, like Gecko) HeadlessChrome/80.0.3987.132 Safari/537.36"
69.160.160.54 - - [21/Jun/2025:06:26:58 +0500] "GET /wp-content/uploads/pl-google-fonts/9126c2842437c511529e28d5d5229833.css HTTP/2.0" 200 2348 "http://starmakerwm.com/" "Mozilla/5.0 (X11; Linux x86_64) AppleWebKit/537.36 (KHTML, like Gecko) HeadlessChrome/80.0.3987.132 Safari/537.36"
69.160.160.54 - - [21/Jun/2025:06:26:58 +0500] "GET /wp-content/plugins/woocommerce/assets/client/blocks/wc-blocks.css?ver=wc-9.9.4 HTTP/1.1" 200 2939 "http://starmakerwm.com/" "Mozilla/5.0 (X11; Linux x86_64) AppleWebKit/537.36 (KHTML, like Gecko) HeadlessChrome/80.0.3987.132 Safari/537.36"
69.160.160.54 - - [21/Jun/2025:06:26:58 +0500] "GET /wp-content/uploads/pl-google-fonts/9126c2842437c511529e28d5d5229833.css?ver=2.0.1 HTTP/2.0" 200 2325 "http://starmakerwm.com/" "Mozilla/5.0 (X11; Linux x86_64) AppleWebKit/537.36 (KHTML, like Gecko) HeadlessChrome/80.0.3987.132 Safari/537.36"
69.160.160.54 - - [21/Jun/2025:06:26:58 +0500] "GET /wp-includes/js/dist/vendor/react.min.js?ver=18.3.1.1 HTTP/1.1" 200 4543 "http://starmakerwm.com/" "Mozilla/5.0 (X11; Linux x86_64) AppleWebKit/537.36 (KHTML, like Gecko) HeadlessChrome/80.0.3987.132 Safari/537.36"
69.160.160.54 - - [21/Jun/2025:06:26:58 +0500] "GET /wp-includes/js/dist/vendor/react-jsx-runtime.min.js?ver=18.3.1 HTTP/1.1" 200 931 "http://starmakerwm.com/" "Mozilla/5.0 (X11; Linux x86_64) AppleWebKit/537.36 (KHTML, like Gecko) HeadlessChrome/80.0.3987.132 Safari/537.36"
69.160.160.54 - - [21/Jun/2025:06:26:58 +0500] "GET /wp-includes/js/dist/dom-ready.min.js?ver=f77871ff7694fffea381 HTTP/1.1" 200 697 "http://starmakerwm.com/" "Mozilla/5.0 (X11; Linux x86_64) AppleWebKit/537.36 (KHTML, like Gecko) HeadlessChrome/80.0.3987.132 Safari/537.36"
69.160.160.54 - - [21/Jun/2025:06:26:58 +0500] "GET /wp-includes/js/dist/hooks.min.js?ver=4d63a3d491d11ffd8ac6 HTTP/1.1" 200 2026 "http://starmakerwm.com/" "Mozilla/5.0 (X11; Linux x86_64) AppleWebKit/537.36 (KHTML, like Gecko) HeadlessChrome/80.0.3987.132 Safari/537.36"
69.160.160.54 - - [21/Jun/2025:06:26:58 +0500] "GET /wp-includes/js/dist/i18n.min.js?ver=5e580eb46a90c2b997e6 HTTP/1.1" 200 4045 "http://starmakerwm.com/" "Mozilla/5.0 (X11; Linux x86_64) AppleWebKit/537.36 (KHTML, like Gecko) HeadlessChrome/80.0.3987.132 Safari/537.36"
69.160.160.54 - - [21/Jun/2025:06:26:58 +0500] "GET /wp-includes/js/dist/vendor/react-dom.min.js?ver=18.3.1.1 HTTP/1.1" 200 42267 "http://starmakerwm.com/" "Mozilla/5.0 (X11; Linux x86_64) AppleWebKit/537.36 (KHTML, like Gecko) HeadlessChrome/80.0.3987.132 Safari/537.36"
