192.119.164.179 - - [21/Jun/2025:09:02:38 +0500] "GET /wp-content/plugins/woocommerce/assets/client/admin/chunks/4317.js?ver=8fd0c82633d94dff5dbd HTTP/2.0" 200 35408 "https://starmakerwm.com/wp-admin/admin.php?page=wc-admin" "Mozilla/5.0 (Windows NT 10.0; Win64; x64) AppleWebKit/537.36 (KHTML, like Gecko) Chrome/137.0.0.0 Safari/537.36"
192.119.164.179 - - [21/Jun/2025:09:02:38 +0500] "GET /wp-content/plugins/woocommerce/assets/client/admin/chunks/homescreen.js?ver=6c5046ff3a253d568eb0 HTTP/2.0" 200 24234 "https://starmakerwm.com/wp-admin/admin.php?page=wc-admin" "Mozilla/5.0 (Windows NT 10.0; Win64; x64) AppleWebKit/537.36 (KHTML, like Gecko) Chrome/137.0.0.0 Safari/537.36"
192.119.164.179 - - [21/Jun/2025:09:02:36 +0500] "GET /wp-json/wc-admin/onboarding/tasks?_locale=user HTTP/2.0" 200 1427 "https://starmakerwm.com/wp-admin/admin.php?page=wc-admin" "Mozilla/5.0 (Windows NT 10.0; Win64; x64) AppleWebKit/537.36 (KHTML, like Gecko) Chrome/137.0.0.0 Safari/537.36"
192.119.164.179 - - [21/Jun/2025:09:02:36 +0500] "GET /wp-json/wc-analytics/admin/notes?page=1&per_page=25&type=error%2Cupdate&status=unactioned&_locale=user HTTP/2.0" 200 72 "https://starmakerwm.com/wp-admin/admin.php?page=wc-admin" "Mozilla/5.0 (Windows NT 10.0; Win64; x64) AppleWebKit/537.36 (KHTML, like Gecko) Chrome/137.0.0.0 Safari/537.36"
51.210.60.82 - - [21/Jun/2025:09:02:38 +0500] "POST /xmlrpc.php HTTP/2.0" 200 342 "https://starmakerwm.com" "Mozilla/5.0 (Windows NT 10.0; Win64; x64) AppleWebKit/537.36 (KHTML, like Gecko) Chrome/126.0.0.0 Safari/537.36"
192.119.164.179 - - [21/Jun/2025:09:02:42 +0500] "GET /wp-content/plugins/woocommerce/assets/client/admin/chunks/5841.js?ver=b10e966eeff222363542 HTTP/2.0" 200 1670 "https://starmakerwm.com/wp-admin/admin.php?page=wc-admin" "Mozilla/5.0 (Windows NT 10.0; Win64; x64) AppleWebKit/537.36 (KHTML, like Gecko) Chrome/137.0.0.0 Safari/537.36"
192.119.164.179 - - [21/Jun/2025:09:02:42 +0500] "GET /wp-content/plugins/woocommerce/assets/client/admin/chunks/5841.style.css?ver=88a79bf0b361b4f9a077 HTTP/2.0" 200 1411 "https://starmakerwm.com/wp-admin/admin.php?page=wc-admin" "Mozilla/5.0 (Windows NT 10.0; Win64; x64) AppleWebKit/537.36 (KHTML, like Gecko) Chrome/137.0.0.0 Safari/537.36"
192.119.164.179 - - [21/Jun/2025:09:02:42 +0500] "GET /wp-content/plugins/woocommerce/assets/client/admin/chunks/6568.js?ver=0c69d708d17267963866 HTTP/2.0" 200 5413 "https://starmakerwm.com/wp-admin/admin.php?page=wc-admin" "Mozilla/5.0 (Windows NT 10.0; Win64; x64) AppleWebKit/537.36 (KHTML, like Gecko) Chrome/137.0.0.0 Safari/537.36"
192.119.164.179 - - [21/Jun/2025:09:02:42 +0500] "GET /wp-content/plugins/woocommerce/assets/client/admin/chunks/9670.js?ver=d592638b01a089e98868 HTTP/2.0" 200 6261 "https://starmakerwm.com/wp-admin/admin.php?page=wc-admin" "Mozilla/5.0 (Windows NT 10.0; Win64; x64) AppleWebKit/537.36 (KHTML, like Gecko) Chrome/137.0.0.0 Safari/537.36"
176.9.65.136 - - [21/Jun/2025:09:02:43 +0500] "POST /wp-cron.php?doing_wp_cron=1750478563.2953789234161376953125 HTTP/1.1" 200 3486 "-" "WordPress/6.8.1; https://starmakerwm.com"
192.119.164.179 - - [21/Jun/2025:09:02:42 +0500] "GET /wp-json/wc-admin/onboarding/profile?_locale=user HTTP/2.0" 200 545 "https://starmakerwm.com/wp-admin/admin.php?page=wc-admin" "Mozilla/5.0 (Windows NT 10.0; Win64; x64) AppleWebKit/537.36 (KHTML, like Gecko) Chrome/137.0.0.0 Safari/537.36"
192.119.164.179 - - [21/Jun/2025:09:02:42 +0500] "GET /wp-json/wc-analytics/reports/performance-indicators?after=2025-06-20T00%3A00%3A00&before=2025-06-20T23%3A59%3A59&stats=revenue%2Ftotal_sales%2Corders%2Forders_count&_locale=user HTTP/2.0" 200 294 "https://starmakerwm.com/wp-admin/admin.php?page=wc-admin" "Mozilla/5.0 (Windows NT 10.0; Win64; x64) AppleWebKit/537.36 (KHTML, like Gecko) Chrome/137.0.0.0 Safari/537.36"
192.119.164.179 - - [21/Jun/2025:09:02:42 +0500] "GET /wp-json/wc-analytics/reports/performance-indicators?after=2025-06-21T00%3A00%3A00&before=2025-06-21T09%3A02%3A40&stats=revenue%2Ftotal_sales%2Corders%2Forders_count&_locale=user HTTP/2.0" 200 265 "https://starmakerwm.com/wp-admin/admin.php?page=wc-admin" "Mozilla/5.0 (Windows NT 10.0; Win64; x64) AppleWebKit/537.36 (KHTML, like Gecko) Chrome/137.0.0.0 Safari/537.36"
192.119.164.179 - - [21/Jun/2025:09:02:42 +0500] "GET /wp-json/wc-analytics/admin/notes?page=1&per_page=5&status=unactioned&type%5B0%5D=info&type%5B1%5D=marketing&type%5B2%5D=survey&type%5B3%5D=warning&orderby=date&order=desc&_fields%5B0%5D=id&_fields%5B1%5D=name&_fields%5B2%5D=title&_fields%5B3%5D=content&_fields%5B4%5D=type&_fields%5B5%5D=status&_fields%5B6%5D=actions&_fields%5B7%5D=date_created&_fields%5B8%5D=date_created_gmt&_fields%5B9%5D=layout&_fields%5B10%5D=image&_fields%5B11%5D=is_deleted&_fields%5B12%5D=is_read&_fields%5B13%5D=locale&_locale=user HTTP/2.0" 200 744 "https://starmakerwm.com/wp-admin/admin.php?page=wc-admin" "Mozilla/5.0 (Windows NT 10.0; Win64; x64) AppleWebKit/537.36 (KHTML, like Gecko) Chrome/137.0.0.0 Safari/537.36"
192.119.164.179 - - [21/Jun/2025:09:02:42 +0500] "GET /wp-json/wc-analytics/admin/notes?page=1&per_page=100&status=unactioned&type%5B0%5D=info&type%5B1%5D=marketing&type%5B2%5D=survey&type%5B3%5D=warning&orderby=date&order=desc&_fields%5B0%5D=id&_fields%5B1%5D=name&_fields%5B2%5D=title&_fields%5B3%5D=content&_fields%5B4%5D=type&_fields%5B5%5D=status&_fields%5B6%5D=actions&_fields%5B7%5D=date_created&_fields%5B8%5D=date_created_gmt&_fields%5B9%5D=layout&_fields%5B10%5D=image&_fields%5B11%5D=is_deleted&_fields%5B12%5D=is_read&_fields%5B13%5D=locale&is_read=false&_locale=user HTTP/2.0" 200 543 "https://starmakerwm.com/wp-admin/admin.php?page=wc-admin" "Mozilla/5.0 (Windows NT 10.0; Win64; x64) AppleWebKit/537.36 (KHTML, like Gecko) Chrome/137.0.0.0 Safari/537.36"
192.119.164.179 - - [21/Jun/2025:09:02:42 +0500] "GET /wp-json/wc-admin/options?options=woocommerce_show_lys_tour%2Cwoocommerce_allow_tracking%2Cwoocommerce_ces_shown_for_actions&_locale=user HTTP/2.0" 200 198 "https://starmakerwm.com/wp-admin/admin.php?page=wc-admin" "Mozilla/5.0 (Windows NT 10.0; Win64; x64) AppleWebKit/537.36 (KHTML, like Gecko) Chrome/137.0.0.0 Safari/537.36"
192.119.164.179 - - [21/Jun/2025:09:03:09 +0500] "POST /wp-json/wc-analytics/admin/notes/85?_locale=user HTTP/2.0" 200 1186 "https://starmakerwm.com/wp-admin/admin.php?page=wc-admin" "Mozilla/5.0 (Windows NT 10.0; Win64; x64) AppleWebKit/537.36 (KHTML, like Gecko) Chrome/137.0.0.0 Safari/537.36"
192.119.164.179 - - [21/Jun/2025:09:03:18 +0500] "POST /wp-admin/admin-ajax.php HTTP/2.0" 200 395 "https://starmakerwm.com/wp-admin/admin.php?page=wc-status" "Mozilla/5.0 (Windows NT 10.0; Win64; x64) AppleWebKit/537.36 (KHTML, like Gecko) Chrome/137.0.0.0 Safari/537.36"
192.119.164.179 - - [21/Jun/2025:09:03:37 +0500] "POST /wp-admin/admin-ajax.php HTTP/2.0" 200 127 "https://starmakerwm.com/wp-admin/admin.php?page=wc-admin" "Mozilla/5.0 (Windows NT 10.0; Win64; x64) AppleWebKit/537.36 (KHTML, like Gecko) Chrome/137.0.0.0 Safari/537.36"
192.119.164.179 - - [21/Jun/2025:09:03:15 +0500] "POST /wp-json/wc-admin/plugins/install?_locale=user HTTP/2.0" 200 626 "https://starmakerwm.com/wp-admin/admin.php?page=wc-admin" "Mozilla/5.0 (Windows NT 10.0; Win64; x64) AppleWebKit/537.36 (KHTML, like Gecko) Chrome/137.0.0.0 Safari/537.36"
176.9.65.136 - - [21/Jun/2025:09:03:44 +0500] "POST /wp-cron.php?doing_wp_cron=1750478624.5688610076904296875000 HTTP/1.1" 200 3487 "-" "WordPress/6.8.1; https://starmakerwm.com"
192.119.164.179 - - [21/Jun/2025:09:03:43 +0500] "POST /wp-json/wc-admin/plugins/activate?_locale=user HTTP/2.0" 200 633 "https://starmakerwm.com/wp-admin/admin.php?page=wc-admin" "Mozilla/5.0 (Windows NT 10.0; Win64; x64) AppleWebKit/537.36 (KHTML, like Gecko) Chrome/137.0.0.0 Safari/537.36"
176.9.65.136 - - [21/Jun/2025:09:03:47 +0500] "POST /wp-cron.php?doing_wp_cron=1750478627.0154609680175781250000 HTTP/1.1" 200 3486 "-" "WordPress/6.8.1; https://starmakerwm.com"
192.0.86.37 - - [21/Jun/2025:09:03:46 +0500] "POST /?rest_route=%2Fjetpack%2Fv4%2Fsync%2Fobject&_for=jetpack&token=cy%40M1SDz8jNH4BF4U1nTZ%28pt%25Yde%293%40p%3A1%3A0&timestamp=1750478625&nonce=9EmQjdKvnH&body-hash=eGzGe%2BTQuE203aFADc0jSknCE5k%3D&signature=umlm9iDulyABWIYH79pGfvhYMtU%3D HTTP/1.1" 500 3976 "https://starmakerwm.com/?rest_route=%2Fjetpack%2Fv4%2Fsync%2Fobject&_for=jetpack&token=cy%40M1SDz8jNH4BF4U1nTZ%28pt%25Yde%293%40p%3A1%3A0&timestamp=1750478625&nonce=9EmQjdKvnH&body-hash=eGzGe%2BTQuE203aFADc0jSknCE5k%3D&signature=umlm9iDulyABWIYH79pGfvhYMtU%3D" "Jetpack by WordPress.com"
192.119.164.179 - - [21/Jun/2025:09:03:45 +0500] "GET /wp-json/wc-admin/plugins/connect-jetpack?redirect_url=https%3A%2F%2Fstarmakerwm.com%2Fwp-admin%2Fadmin.php%3Fpage%3Dwc-admin&_locale=user HTTP/2.0" 200 720 "https://starmakerwm.com/wp-admin/admin.php?page=wc-admin" "Mozilla/5.0 (Windows NT 10.0; Win64; x64) AppleWebKit/537.36 (KHTML, like Gecko) Chrome/137.0.0.0 Safari/537.36"
176.9.65.136 - - [21/Jun/2025:09:03:48 +0500] "GET /wp-json/jetpack/v4/sync/spawn-sync?time=1750478628 HTTP/1.1" 200 3584 "-" "WordPress/6.8.1; https://starmakerwm.com"
192.0.86.183 - - [21/Jun/2025:09:03:48 +0500] "POST /?rest_route=%2Fjetpack%2Fv4%2Fsync%2Fsettings&_for=jetpack&token=cy%40M1SDz8jNH4BF4U1nTZ%28pt%25Yde%293%40p%3A1%3A0&timestamp=1750478628&nonce=Ohybzb3XAV&body-hash=p03riSqJgAEbjpEe4NzGVpfkolQ%3D&signature=pA%2FwfMuCFuasbPkB5Kg1MIBTDHI%3D HTTP/1.1" 500 3951 "https://starmakerwm.com/?rest_route=%2Fjetpack%2Fv4%2Fsync%2Fsettings&_for=jetpack&token=cy%40M1SDz8jNH4BF4U1nTZ%28pt%25Yde%293%40p%3A1%3A0&timestamp=1750478628&nonce=Ohybzb3XAV&body-hash=p03riSqJgAEbjpEe4NzGVpfkolQ%3D&signature=pA%2FwfMuCFuasbPkB5Kg1MIBTDHI%3D" "Jetpack by WordPress.com"
192.0.86.86 - - [21/Jun/2025:09:03:48 +0500] "POST /?rest_route=%2Fjetpack%2Fv4%2Fsync%2Fsettings&_for=jetpack&token=cy%40M1SDz8jNH4BF4U1nTZ%28pt%25Yde%293%40p%3A1%3A0&timestamp=1750478628&nonce=glnwThIXv1&body-hash=OZGElXHMaDIhkaTqRdveETQciKU%3D&signature=OYMwhNi%2FXh0vgms6eazNde1B93M%3D HTTP/1.1" 500 3952 "https://starmakerwm.com/?rest_route=%2Fjetpack%2Fv4%2Fsync%2Fsettings&_for=jetpack&token=cy%40M1SDz8jNH4BF4U1nTZ%28pt%25Yde%293%40p%3A1%3A0&timestamp=1750478628&nonce=glnwThIXv1&body-hash=OZGElXHMaDIhkaTqRdveETQciKU%3D&signature=OYMwhNi%2FXh0vgms6eazNde1B93M%3D" "Jetpack by WordPress.com"
192.0.86.85 - - [21/Jun/2025:09:03:49 +0500] "POST /?rest_route=%2Fjetpack%2Fv4%2Fsync%2Fsettings&_for=jetpack&token=cy%40M1SDz8jNH4BF4U1nTZ%28pt%25Yde%293%40p%3A1%3A0&timestamp=1750478628&nonce=zQUUmebZ4f&body-hash=OZGElXHMaDIhkaTqRdveETQciKU%3D&signature=SjXRd2d95izqaV%2FXN3NOeDu%2Br3U%3D HTTP/1.1" 500 3952 "https://starmakerwm.com/?rest_route=%2Fjetpack%2Fv4%2Fsync%2Fsettings&_for=jetpack&token=cy%40M1SDz8jNH4BF4U1nTZ%28pt%25Yde%293%40p%3A1%3A0&timestamp=1750478628&nonce=zQUUmebZ4f&body-hash=OZGElXHMaDIhkaTqRdveETQciKU%3D&signature=SjXRd2d95izqaV%2FXN3NOeDu%2Br3U%3D" "Jetpack by WordPress.com"
192.0.86.85 - - [21/Jun/2025:09:03:49 +0500] "POST /?rest_route=%2Fjetpack%2Fv4%2Fsync%2Fsettings&_for=jetpack&token=cy%40M1SDz8jNH4BF4U1nTZ%28pt%25Yde%293%40p%3A1%3A0&timestamp=1750478628&nonce=JLGt1ECLHV&body-hash=p03riSqJgAEbjpEe4NzGVpfkolQ%3D&signature=WQoB2uKbAKlUHWXd%2BsJRjDWhmLU%3D HTTP/1.1" 500 3952 "https://starmakerwm.com/?rest_route=%2Fjetpack%2Fv4%2Fsync%2Fsettings&_for=jetpack&token=cy%40M1SDz8jNH4BF4U1nTZ%28pt%25Yde%293%40p%3A1%3A0&timestamp=1750478628&nonce=JLGt1ECLHV&body-hash=p03riSqJgAEbjpEe4NzGVpfkolQ%3D&signature=WQoB2uKbAKlUHWXd%2BsJRjDWhmLU%3D" "Jetpack by WordPress.com"
192.0.112.180 - - [21/Jun/2025:09:03:49 +0500] "GET /.well-known/hosting-provider HTTP/1.1" 404 34711 "https://starmakerwm.com/.well-known/hosting-provider" "WordPress.com; https://jetpack.wordpress.com"
192.0.87.64 - - [21/Jun/2025:09:03:50 +0500] "GET /?rest_route=%2Fjetpack%2Fv4%2Fsync%2Fstatus&_for=jetpack&token=cy%40M1SDz8jNH4BF4U1nTZ%28pt%25Yde%293%40p%3A1%3A0&timestamp=1750478629&nonce=a7kgojiE16&body-hash&signature=KGVLbrn9FjQqY0jI9GTGaXlD614%3D HTTP/1.1" 200 4110 "https://starmakerwm.com/?rest_route=%2Fjetpack%2Fv4%2Fsync%2Fstatus&_for=jetpack&token=cy%40M1SDz8jNH4BF4U1nTZ%28pt%25Yde%293%40p%3A1%3A0&timestamp=1750478629&nonce=a7kgojiE16&body-hash&signature=KGVLbrn9FjQqY0jI9GTGaXlD614%3D" "Jetpack by WordPress.com"
192.0.87.64 - - [21/Jun/2025:09:03:52 +0500] "POST /?rest_route=%2Fjetpack%2Fv4%2Fsync%2Fcheckout&_for=jetpack&token=cy%40M1SDz8jNH4BF4U1nTZ%28pt%25Yde%293%40p%3A1%3A0&timestamp=1750478631&nonce=uFhSYYLW9b&body-hash=CM6SyY3Bx%2BUKs2z9V%2Bt2CGs2tr0%3D&signature=922m2U4dST0fIbEs0xAl9BL8jNc%3D HTTP/1.1" 200 4177 "https://starmakerwm.com/?rest_route=%2Fjetpack%2Fv4%2Fsync%2Fcheckout&_for=jetpack&token=cy%40M1SDz8jNH4BF4U1nTZ%28pt%25Yde%293%40p%3A1%3A0&timestamp=1750478631&nonce=uFhSYYLW9b&body-hash=CM6SyY3Bx%2BUKs2z9V%2Bt2CGs2tr0%3D&signature=922m2U4dST0fIbEs0xAl9BL8jNc%3D" "Jetpack by WordPress.com"
192.0.86.86 - - [21/Jun/2025:09:03:52 +0500] "GET /?rest_route=%2Fjetpack%2Fv4%2Fsync%2Fstatus&_for=jetpack&token=cy%40M1SDz8jNH4BF4U1nTZ%28pt%25Yde%293%40p%3A1%3A0&timestamp=1750478632&nonce=TNSMVov0nI&body-hash&signature=t%2FqjV3PcvMBWyJa41L3plS%2FWSCo%3D HTTP/1.1" 200 4125 "https://starmakerwm.com/?rest_route=%2Fjetpack%2Fv4%2Fsync%2Fstatus&_for=jetpack&token=cy%40M1SDz8jNH4BF4U1nTZ%28pt%25Yde%293%40p%3A1%3A0&timestamp=1750478632&nonce=TNSMVov0nI&body-hash&signature=t%2FqjV3PcvMBWyJa41L3plS%2FWSCo%3D" "Jetpack by WordPress.com"
192.0.86.86 - - [21/Jun/2025:09:03:54 +0500] "POST /?rest_route=%2Fjetpack%2Fv4%2Fsync%2Fobject&_for=jetpack&token=cy%40M1SDz8jNH4BF4U1nTZ%28pt%25Yde%293%40p%3A1%3A0&timestamp=1750478634&nonce=vk8Iq3VdCv&body-hash=9EbFOoJFL1Uq%2BgrQTPG82orr1n0%3D&signature=vg6oo2JoPCOHuLPvPNwlqi3hKvU%3D HTTP/1.1" 200 9851 "https://starmakerwm.com/?rest_route=%2Fjetpack%2Fv4%2Fsync%2Fobject&_for=jetpack&token=cy%40M1SDz8jNH4BF4U1nTZ%28pt%25Yde%293%40p%3A1%3A0&timestamp=1750478634&nonce=vk8Iq3VdCv&body-hash=9EbFOoJFL1Uq%2BgrQTPG82orr1n0%3D&signature=vg6oo2JoPCOHuLPvPNwlqi3hKvU%3D" "Jetpack by WordPress.com"
192.0.86.86 - - [21/Jun/2025:09:03:56 +0500] "POST /?rest_route=%2Fjetpack%2Fv4%2Fsync%2Fobject&_for=jetpack&token=cy%40M1SDz8jNH4BF4U1nTZ%28pt%25Yde%293%40p%3A1%3A0&timestamp=1750478635&nonce=xq2Dtd6mxf&body-hash=SljWaFuv%2BRFGJ5yLzqbQGYJHiFo%3D&signature=i6wuFyVQhH7ZRqSzm8%2B6ThEqSj4%3D HTTP/1.1" 200 23052 "https://starmakerwm.com/?rest_route=%2Fjetpack%2Fv4%2Fsync%2Fobject&_for=jetpack&token=cy%40M1SDz8jNH4BF4U1nTZ%28pt%25Yde%293%40p%3A1%3A0&timestamp=1750478635&nonce=xq2Dtd6mxf&body-hash=SljWaFuv%2BRFGJ5yLzqbQGYJHiFo%3D&signature=i6wuFyVQhH7ZRqSzm8%2B6ThEqSj4%3D" "Jetpack by WordPress.com"
176.9.65.136 - - [21/Jun/2025:09:03:57 +0500] "GET /wp-json/jetpack/v4/sync/spawn-sync?time=1750478637&request_lock_id=1750478637.7768 HTTP/1.1" 200 3585 "-" "WordPress/6.8.1; https://starmakerwm.com"
192.0.86.86 - - [21/Jun/2025:09:03:59 +0500] "POST /?rest_route=%2Fjetpack%2Fv4%2Fsync%2Fobject&_for=jetpack&token=cy%40M1SDz8jNH4BF4U1nTZ%28pt%25Yde%293%40p%3A1%3A0&timestamp=1750478639&nonce=vb63gL6rL3&body-hash=f4gz9vN1HJg370THfl9y1cOkQX0%3D&signature=l01WdMeNusT3KvFZtHqdd8PrGfE%3D HTTP/1.1" 200 4462 "https://starmakerwm.com/?rest_route=%2Fjetpack%2Fv4%2Fsync%2Fobject&_for=jetpack&token=cy%40M1SDz8jNH4BF4U1nTZ%28pt%25Yde%293%40p%3A1%3A0&timestamp=1750478639&nonce=vb63gL6rL3&body-hash=f4gz9vN1HJg370THfl9y1cOkQX0%3D&signature=l01WdMeNusT3KvFZtHqdd8PrGfE%3D" "Jetpack by WordPress.com"
192.0.86.86 - - [21/Jun/2025:09:04:01 +0500] "GET /?rest_route=%2Fjetpack%2Fv4%2Fsync%2Fdata-check&_for=jetpack&token=cy%40M1SDz8jNH4BF4U1nTZ%28pt%25Yde%293%40p%3A1%3A0&timestamp=1750478640&nonce=snb3VNMbf7&body-hash&signature=%2B5a4SJy%2FOqLBwFvgmByXPdq1Ycw%3D HTTP/1.1" 200 4043 "https://starmakerwm.com/?rest_route=%2Fjetpack%2Fv4%2Fsync%2Fdata-check&_for=jetpack&token=cy%40M1SDz8jNH4BF4U1nTZ%28pt%25Yde%293%40p%3A1%3A0&timestamp=1750478640&nonce=snb3VNMbf7&body-hash&signature=%2B5a4SJy%2FOqLBwFvgmByXPdq1Ycw%3D" "Jetpack by WordPress.com"
192.0.86.86 - - [21/Jun/2025:09:04:03 +0500] "POST /?rest_route=%2Fjetpack%2Fv4%2Fsync%2Fdata-histogram&_for=jetpack&token=cy%40M1SDz8jNH4BF4U1nTZ%28pt%25Yde%293%40p%3A1%3A0&timestamp=1750478642&nonce=cqy4auMn7I&body-hash=wMmbA0ZSl5yqjZqMiBKMzdD4fBY%3D&signature=WQGQ50XezE9YsDBpxfa3Wk%2B4GcU%3D HTTP/1.1" 200 3895 "https://starmakerwm.com/?rest_route=%2Fjetpack%2Fv4%2Fsync%2Fdata-histogram&_for=jetpack&token=cy%40M1SDz8jNH4BF4U1nTZ%28pt%25Yde%293%40p%3A1%3A0&timestamp=1750478642&nonce=cqy4auMn7I&body-hash=wMmbA0ZSl5yqjZqMiBKMzdD4fBY%3D&signature=WQGQ50XezE9YsDBpxfa3Wk%2B4GcU%3D" "Jetpack by WordPress.com"
192.0.112.241 - - [21/Jun/2025:09:04:04 +0500] "GET /wp-content/uploads/2025/06/cropped-c945e266-3072-4b6f-a460-d917ce7cb393-1.png-1.png HTTP/1.1" 200 342300 "-" "Photon/1.0"
192.0.113.47 - - [21/Jun/2025:09:04:04 +0500] "POST /xmlrpc.php?for=jetpack&token=dg5n%2366YMAma6Zqc0%2A%2As%5EdLN%25Qd5xvR%26%3A1%3A1&timestamp=1750478643&nonce=euow9UfySW&body-hash=wNPdwfOblSAa2TEa4RXiNGoalLk%3D&signature=aWoepME4Zi%2BhUGARWwI0tBnp268%3D HTTP/1.1" 200 6305 "https://starmakerwm.com/xmlrpc.php?for=jetpack&token=dg5n%2366YMAma6Zqc0%2A%2As%5EdLN%25Qd5xvR%26%3A1%3A1&timestamp=1750478643&nonce=euow9UfySW&body-hash=wNPdwfOblSAa2TEa4RXiNGoalLk%3D&signature=aWoepME4Zi%2BhUGARWwI0tBnp268%3D" "Jetpack by WordPress.com"
192.0.86.86 - - [21/Jun/2025:09:04:05 +0500] "POST /?rest_route=%2Fjetpack%2Fv4%2Fsync%2Fdata-histogram&_for=jetpack&token=cy%40M1SDz8jNH4BF4U1nTZ%28pt%25Yde%293%40p%3A1%3A0&timestamp=1750478644&nonce=FQNrDiglUQ&body-hash=n%2BNanPw%2FoUUn3iH%2Ba3KcY14AYVo%3D&signature=5slFyGtHmu%2BHlt6k1PiK40ktKS0%3D HTTP/1.1" 200 3895 "https://starmakerwm.com/?rest_route=%2Fjetpack%2Fv4%2Fsync%2Fdata-histogram&_for=jetpack&token=cy%40M1SDz8jNH4BF4U1nTZ%28pt%25Yde%293%40p%3A1%3A0&timestamp=1750478644&nonce=FQNrDiglUQ&body-hash=n%2BNanPw%2FoUUn3iH%2Ba3KcY14AYVo%3D&signature=5slFyGtHmu%2BHlt6k1PiK40ktKS0%3D" "Jetpack by WordPress.com"
192.0.87.71 - - [21/Jun/2025:09:04:08 +0500] "GET /?rest_route=%2Fjetpack%2Fv4%2Fsync%2Fstatus&_for=jetpack&token=cy%40M1SDz8jNH4BF4U1nTZ%28pt%25Yde%293%40p%3A1%3A0&timestamp=1750478647&nonce=RkYknx4qx1&body-hash&signature=CJpl96WUg9JdeNRxxKINyiCkDZE%3D HTTP/1.1" 200 4109 "https://starmakerwm.com/?rest_route=%2Fjetpack%2Fv4%2Fsync%2Fstatus&_for=jetpack&token=cy%40M1SDz8jNH4BF4U1nTZ%28pt%25Yde%293%40p%3A1%3A0&timestamp=1750478647&nonce=RkYknx4qx1&body-hash&signature=CJpl96WUg9JdeNRxxKINyiCkDZE%3D" "Jetpack by WordPress.com"
192.0.87.71 - - [21/Jun/2025:09:04:10 +0500] "POST /?rest_route=%2Fjetpack%2Fv4%2Fsync%2Fobject&_for=jetpack&token=cy%40M1SDz8jNH4BF4U1nTZ%28pt%25Yde%293%40p%3A1%3A0&timestamp=1750478649&nonce=VIVoQxSKk6&body-hash=9EbFOoJFL1Uq%2BgrQTPG82orr1n0%3D&signature=MpAZFyI6MHFveVererBxr1BRABw%3D HTTP/1.1" 200 9851 "https://starmakerwm.com/?rest_route=%2Fjetpack%2Fv4%2Fsync%2Fobject&_for=jetpack&token=cy%40M1SDz8jNH4BF4U1nTZ%28pt%25Yde%293%40p%3A1%3A0&timestamp=1750478649&nonce=VIVoQxSKk6&body-hash=9EbFOoJFL1Uq%2BgrQTPG82orr1n0%3D&signature=MpAZFyI6MHFveVererBxr1BRABw%3D" "Jetpack by WordPress.com"
192.0.87.71 - - [21/Jun/2025:09:04:11 +0500] "POST /?rest_route=%2Fjetpack%2Fv4%2Fsync%2Fobject&_for=jetpack&token=cy%40M1SDz8jNH4BF4U1nTZ%28pt%25Yde%293%40p%3A1%3A0&timestamp=1750478651&nonce=TAw9mpXDaC&body-hash=SljWaFuv%2BRFGJ5yLzqbQGYJHiFo%3D&signature=gWzFM%2B%2BZ0rylQZTWXeH8NGsN%2B34%3D HTTP/1.1" 200 23051 "https://starmakerwm.com/?rest_route=%2Fjetpack%2Fv4%2Fsync%2Fobject&_for=jetpack&token=cy%40M1SDz8jNH4BF4U1nTZ%28pt%25Yde%293%40p%3A1%3A0&timestamp=1750478651&nonce=TAw9mpXDaC&body-hash=SljWaFuv%2BRFGJ5yLzqbQGYJHiFo%3D&signature=gWzFM%2B%2BZ0rylQZTWXeH8NGsN%2B34%3D" "Jetpack by WordPress.com"
192.0.87.71 - - [21/Jun/2025:09:04:13 +0500] "POST /?rest_route=%2Fjetpack%2Fv4%2Fsync%2Fobject&_for=jetpack&token=cy%40M1SDz8jNH4BF4U1nTZ%28pt%25Yde%293%40p%3A1%3A0&timestamp=1750478653&nonce=KWoCa45EQ7&body-hash=f4gz9vN1HJg370THfl9y1cOkQX0%3D&signature=2MXisqekwFMguV58wDScR0T2D4k%3D HTTP/1.1" 200 4463 "https://starmakerwm.com/?rest_route=%2Fjetpack%2Fv4%2Fsync%2Fobject&_for=jetpack&token=cy%40M1SDz8jNH4BF4U1nTZ%28pt%25Yde%293%40p%3A1%3A0&timestamp=1750478653&nonce=KWoCa45EQ7&body-hash=f4gz9vN1HJg370THfl9y1cOkQX0%3D&signature=2MXisqekwFMguV58wDScR0T2D4k%3D" "Jetpack by WordPress.com"
176.9.65.136 - - [21/Jun/2025:09:04:16 +0500] "POST /wp-cron.php?doing_wp_cron=1750478656.7252120971679687500000 HTTP/1.1" 200 3487 "-" "WordPress/6.8.1; https://starmakerwm.com"
192.0.87.71 - - [21/Jun/2025:09:04:15 +0500] "POST /?rest_route=%2Fjetpack%2Fv4%2Fsync%2Fdata-histogram&_for=jetpack&token=cy%40M1SDz8jNH4BF4U1nTZ%28pt%25Yde%293%40p%3A1%3A0&timestamp=1750478655&nonce=iJIywZbFH2&body-hash=3Lv7RpM4uBNmLNXKMZmK34Xp0UY%3D&signature=e5eIFO3KEMP5P9cFTTrVd1eM44M%3D HTTP/1.1" 200 3917 "https://starmakerwm.com/?rest_route=%2Fjetpack%2Fv4%2Fsync%2Fdata-histogram&_for=jetpack&token=cy%40M1SDz8jNH4BF4U1nTZ%28pt%25Yde%293%40p%3A1%3A0&timestamp=1750478655&nonce=iJIywZbFH2&body-hash=3Lv7RpM4uBNmLNXKMZmK34Xp0UY%3D&signature=e5eIFO3KEMP5P9cFTTrVd1eM44M%3D" "Jetpack by WordPress.com"
192.119.164.179 - - [21/Jun/2025:09:04:18 +0500] "GET /wp-content/plugins/jetpack/jetpack_vendor/automattic/jetpack-jitm/build/index.css?minify=false&ver=0997a33b24034e958e27 HTTP/2.0" 200 2083 "https://starmakerwm.com/wp-admin/admin.php?page=wc-admin" "Mozilla/5.0 (Windows NT 10.0; Win64; x64) AppleWebKit/537.36 (KHTML, like Gecko) Chrome/137.0.0.0 Safari/537.36"
192.119.164.179 - - [21/Jun/2025:09:04:14 +0500] "GET /wp-admin/admin.php?page=wc-admin HTTP/2.0" 200 92788 "https://wordpress.com/" "Mozilla/5.0 (Windows NT 10.0; Win64; x64) AppleWebKit/537.36 (KHTML, like Gecko) Chrome/137.0.0.0 Safari/537.36"
192.0.87.71 - - [21/Jun/2025:09:04:17 +0500] "POST /?rest_route=%2Fjetpack%2Fv4%2Fsync%2Fdata-histogram&_for=jetpack&token=cy%40M1SDz8jNH4BF4U1nTZ%28pt%25Yde%293%40p%3A1%3A0&timestamp=1750478657&nonce=3t6cx1pPvM&body-hash=mMt4i6p0BSCaLtK1VsKqo8A%2FkGQ%3D&signature=7yYo7QSb785o8b81LUiuzQF5cvs%3D HTTP/1.1" 200 16011 "https://starmakerwm.com/?rest_route=%2Fjetpack%2Fv4%2Fsync%2Fdata-histogram&_for=jetpack&token=cy%40M1SDz8jNH4BF4U1nTZ%28pt%25Yde%293%40p%3A1%3A0&timestamp=1750478657&nonce=3t6cx1pPvM&body-hash=mMt4i6p0BSCaLtK1VsKqo8A%2FkGQ%3D&signature=7yYo7QSb785o8b81LUiuzQF5cvs%3D" "Jetpack by WordPress.com"
176.9.65.136 - - [21/Jun/2025:09:04:17 +0500] "GET /wp-json/jetpack/v4/sync/spawn-sync?time=1750478657&request_lock_id=1750478657.7747 HTTP/1.1" 200 3584 "-" "WordPress/6.8.1; https://starmakerwm.com"
192.119.164.179 - - [21/Jun/2025:09:04:20 +0500] "GET /wp-content/plugins/jetpack/jetpack_vendor/automattic/jetpack-connection/dist/tracks-ajax.js?minify=false&ver=2c644cc46566ed615c42 HTTP/2.0" 200 641 "https://starmakerwm.com/wp-admin/admin.php?page=wc-admin" "Mozilla/5.0 (Windows NT 10.0; Win64; x64) AppleWebKit/537.36 (KHTML, like Gecko) Chrome/137.0.0.0 Safari/537.36"
192.119.164.179 - - [21/Jun/2025:09:04:20 +0500] "GET /wp-content/plugins/jetpack/jetpack_vendor/automattic/jetpack-jitm/build/index.js?minify=false&ver=0997a33b24034e958e27 HTTP/2.0" 200 2435 "https://starmakerwm.com/wp-admin/admin.php?page=wc-admin" "Mozilla/5.0 (Windows NT 10.0; Win64; x64) AppleWebKit/537.36 (KHTML, like Gecko) Chrome/137.0.0.0 Safari/537.36"
192.119.164.179 - - [21/Jun/2025:09:04:20 +0500] "GET /wp-content/plugins/jetpack/_inc/build/scan/admin-bar-notice.min.js?minify=false&ver=1 HTTP/2.0" 200 471 "https://starmakerwm.com/wp-admin/admin.php?page=wc-admin" "Mozilla/5.0 (Windows NT 10.0; Win64; x64) AppleWebKit/537.36 (KHTML, like Gecko) Chrome/137.0.0.0 Safari/537.36"
192.0.87.71 - - [21/Jun/2025:09:04:19 +0500] "POST /?rest_route=%2Fjetpack%2Fv4%2Fsync%2Fobject&_for=jetpack&token=cy%40M1SDz8jNH4BF4U1nTZ%28pt%25Yde%293%40p%3A1%3A0&timestamp=1750478658&nonce=bQQY34if4T&body-hash=mh18qg1f1%2BhD0YhZ9MI97Ko5JzQ%3D&signature=JR2lVeYxyW%2Bb5eW0yn5B2qbMohc%3D HTTP/1.1" 200 183207 "https://starmakerwm.com/?rest_route=%2Fjetpack%2Fv4%2Fsync%2Fobject&_for=jetpack&token=cy%40M1SDz8jNH4BF4U1nTZ%28pt%25Yde%293%40p%3A1%3A0&timestamp=1750478658&nonce=bQQY34if4T&body-hash=mh18qg1f1%2BhD0YhZ9MI97Ko5JzQ%3D&signature=JR2lVeYxyW%2Bb5eW0yn5B2qbMohc%3D" "Jetpack by WordPress.com"
192.119.164.179 - - [21/Jun/2025:09:04:21 +0500] "GET /wp-content/plugins/elementor/assets/lib/eicons/fonts/eicons.woff2?5.41.0 HTTP/2.0" 304 103 "https://starmakerwm.com/wp-content/plugins/elementor/assets/lib/eicons/css/elementor-icons.min.css?ver=5.40.0" "Mozilla/5.0 (Windows NT 10.0; Win64; x64) AppleWebKit/537.36 (KHTML, like Gecko) Chrome/137.0.0.0 Safari/537.36"
192.119.164.179 - - [21/Jun/2025:09:04:20 +0500] "GET /wp-admin/admin.php?page=stats&noheader&proxy&chart=admin-bar-hours-scale-2x HTTP/2.0" 200 747 "https://starmakerwm.com/wp-admin/admin.php?page=wc-admin" "Mozilla/5.0 (Windows NT 10.0; Win64; x64) AppleWebKit/537.36 (KHTML, like Gecko) Chrome/137.0.0.0 Safari/537.36"
192.119.164.179 - - [21/Jun/2025:09:04:21 +0500] "GET /wp-json/wc-admin/plugins/installed?_locale=user HTTP/2.0" 200 671 "https://starmakerwm.com/wp-admin/admin.php?page=wc-admin" "Mozilla/5.0 (Windows NT 10.0; Win64; x64) AppleWebKit/537.36 (KHTML, like Gecko) Chrome/137.0.0.0 Safari/537.36"
192.119.164.179 - - [21/Jun/2025:09:04:21 +0500] "GET /wp-json/wc-admin/plugins/active?_locale=user HTTP/2.0" 200 380 "https://starmakerwm.com/wp-admin/admin.php?page=wc-admin" "Mozilla/5.0 (Windows NT 10.0; Win64; x64) AppleWebKit/537.36 (KHTML, like Gecko) Chrome/137.0.0.0 Safari/537.36"
192.119.164.179 - - [21/Jun/2025:09:04:21 +0500] "GET /wp-json/jetpack/v4/connection?_locale=user HTTP/2.0" 200 210 "https://starmakerwm.com/wp-admin/admin.php?page=wc-admin" "Mozilla/5.0 (Windows NT 10.0; Win64; x64) AppleWebKit/537.36 (KHTML, like Gecko) Chrome/137.0.0.0 Safari/537.36"
192.119.164.179 - - [21/Jun/2025:09:04:21 +0500] "GET /wp-json/wc-admin/options?options=woocommerce_coming_soon%2Cwoocommerce_store_pages_only%2Cwoocommerce_private_link%2Cwoocommerce_share_key%2Cwoocommerce_admin_transient_notices_queue%2Cwoocommerce_admin_install_timestamp&_locale=user HTTP/2.0" 200 218 "https://starmakerwm.com/wp-admin/admin.php?page=wc-admin" "Mozilla/5.0 (Windows NT 10.0; Win64; x64) AppleWebKit/537.36 (KHTML, like Gecko) Chrome/137.0.0.0 Safari/537.36"
192.119.164.179 - - [21/Jun/2025:09:04:22 +0500] "GET /wp-json/wc-admin/onboarding/tasks?_locale=user HTTP/2.0" 200 1450 "https://starmakerwm.com/wp-admin/admin.php?page=wc-admin" "Mozilla/5.0 (Windows NT 10.0; Win64; x64) AppleWebKit/537.36 (KHTML, like Gecko) Chrome/137.0.0.0 Safari/537.36"
192.119.164.179 - - [21/Jun/2025:09:04:21 +0500] "GET /wp-json/wc-admin/options?options=woocommerce_ces_tracks_queue&_locale=user HTTP/2.0" 200 93 "https://starmakerwm.com/wp-admin/admin.php?page=wc-admin" "Mozilla/5.0 (Windows NT 10.0; Win64; x64) AppleWebKit/537.36 (KHTML, like Gecko) Chrome/137.0.0.0 Safari/537.36"
192.119.164.179 - - [21/Jun/2025:09:04:22 +0500] "GET /wp-json/wc-admin/onboarding/profile?_locale=user HTTP/2.0" 500 18 "https://starmakerwm.com/wp-admin/admin.php?page=wc-admin" "Mozilla/5.0 (Windows NT 10.0; Win64; x64) AppleWebKit/537.36 (KHTML, like Gecko) Chrome/137.0.0.0 Safari/537.36"
192.0.87.71 - - [21/Jun/2025:09:04:21 +0500] "POST /?rest_route=%2Fjetpack%2Fv4%2Fsync%2Fobject&_for=jetpack&token=cy%40M1SDz8jNH4BF4U1nTZ%28pt%25Yde%293%40p%3A1%3A0&timestamp=1750478661&nonce=LVmABKr1Y0&body-hash=TmVutu9ACHzcaxO59Omxbu5ensU%3D&signature=UmMDtrsunGR4FCM3U2dTkS%2B99po%3D HTTP/1.1" 200 429345 "https://starmakerwm.com/?rest_route=%2Fjetpack%2Fv4%2Fsync%2Fobject&_for=jetpack&token=cy%40M1SDz8jNH4BF4U1nTZ%28pt%25Yde%293%40p%3A1%3A0&timestamp=1750478661&nonce=LVmABKr1Y0&body-hash=TmVutu9ACHzcaxO59Omxbu5ensU%3D&signature=UmMDtrsunGR4FCM3U2dTkS%2B99po%3D" "Jetpack by WordPress.com"
192.119.164.179 - - [21/Jun/2025:09:04:22 +0500] "GET /wp-json/wc-analytics/admin/notes?page=1&per_page=25&type=error%2Cupdate&status=unactioned&_locale=user HTTP/2.0" 500 18 "https://starmakerwm.com/wp-admin/admin.php?page=wc-admin" "Mozilla/5.0 (Windows NT 10.0; Win64; x64) AppleWebKit/537.36 (KHTML, like Gecko) Chrome/137.0.0.0 Safari/537.36"
192.119.164.179 - - [21/Jun/2025:09:04:22 +0500] "GET /wp-json/wc-analytics/admin/notes?page=1&per_page=5&status=unactioned&type%5B0%5D=info&type%5B1%5D=marketing&type%5B2%5D=survey&type%5B3%5D=warning&orderby=date&order=desc&_fields%5B0%5D=id&_fields%5B1%5D=name&_fields%5B2%5D=title&_fields%5B3%5D=content&_fields%5B4%5D=type&_fields%5B5%5D=status&_fields%5B6%5D=actions&_fields%5B7%5D=date_created&_fields%5B8%5D=date_created_gmt&_fields%5B9%5D=layout&_fields%5B10%5D=image&_fields%5B11%5D=is_deleted&_fields%5B12%5D=is_read&_fields%5B13%5D=locale&_locale=user HTTP/2.0" 200 751 "https://starmakerwm.com/wp-admin/admin.php?page=wc-admin" "Mozilla/5.0 (Windows NT 10.0; Win64; x64) AppleWebKit/537.36 (KHTML, like Gecko) Chrome/137.0.0.0 Safari/537.36"
192.119.164.179 - - [21/Jun/2025:09:04:22 +0500] "GET /wp-json/wc-analytics/reports/performance-indicators?after=2025-06-20T00%3A00%3A00&before=2025-06-20T23%3A59%3A59&stats=revenue%2Ftotal_sales%2Corders%2Forders_count%2Cjetpack%2Fstats%2Fvisitors%2Cjetpack%2Fstats%2Fviews&_locale=user HTTP/2.0" 200 341 "https://starmakerwm.com/wp-admin/admin.php?page=wc-admin" "Mozilla/5.0 (Windows NT 10.0; Win64; x64) AppleWebKit/537.36 (KHTML, like Gecko) Chrome/137.0.0.0 Safari/537.36"
192.119.164.179 - - [21/Jun/2025:09:04:22 +0500] "GET /wp-json/wc-analytics/reports/performance-indicators?after=2025-06-21T00%3A00%3A00&before=2025-06-21T09%3A04%3A21&stats=revenue%2Ftotal_sales%2Corders%2Forders_count%2Cjetpack%2Fstats%2Fvisitors%2Cjetpack%2Fstats%2Fviews&_locale=user HTTP/2.0" 200 325 "https://starmakerwm.com/wp-admin/admin.php?page=wc-admin" "Mozilla/5.0 (Windows NT 10.0; Win64; x64) AppleWebKit/537.36 (KHTML, like Gecko) Chrome/137.0.0.0 Safari/537.36"
192.119.164.179 - - [21/Jun/2025:09:04:22 +0500] "GET /wp-json/jetpack/v4/scan HTTP/2.0" 200 187 "https://starmakerwm.com/wp-admin/admin.php?page=wc-admin" "Mozilla/5.0 (Windows NT 10.0; Win64; x64) AppleWebKit/537.36 (KHTML, like Gecko) Chrome/137.0.0.0 Safari/537.36"
192.119.164.179 - - [21/Jun/2025:09:04:22 +0500] "GET /wp-json/wc-analytics/admin/notes?page=1&per_page=100&status=unactioned&type%5B0%5D=info&type%5B1%5D=marketing&type%5B2%5D=survey&type%5B3%5D=warning&orderby=date&order=desc&_fields%5B0%5D=id&_fields%5B1%5D=name&_fields%5B2%5D=title&_fields%5B3%5D=content&_fields%5B4%5D=type&_fields%5B5%5D=status&_fields%5B6%5D=actions&_fields%5B7%5D=date_created&_fields%5B8%5D=date_created_gmt&_fields%5B9%5D=layout&_fields%5B10%5D=image&_fields%5B11%5D=is_deleted&_fields%5B12%5D=is_read&_fields%5B13%5D=locale&is_read=false&_locale=user HTTP/2.0" 200 64 "https://starmakerwm.com/wp-admin/admin.php?page=wc-admin" "Mozilla/5.0 (Windows NT 10.0; Win64; x64) AppleWebKit/537.36 (KHTML, like Gecko) Chrome/137.0.0.0 Safari/537.36"
192.119.164.179 - - [21/Jun/2025:09:04:23 +0500] "GET /wp-json/wpcom/v3/jitm?message_path=wp%3Awoocommerce_page_wc-admin%3Aadmin_notices&query=page%253Dwc-admin&full_jp_logo_exists=false&_locale=user HTTP/2.0" 200 83 "https://starmakerwm.com/wp-admin/admin.php?page=wc-admin" "Mozilla/5.0 (Windows NT 10.0; Win64; x64) AppleWebKit/537.36 (KHTML, like Gecko) Chrome/137.0.0.0 Safari/537.36"
192.0.87.71 - - [21/Jun/2025:09:04:25 +0500] "POST /?rest_route=%2Fjetpack%2Fv4%2Fsync%2Fobject&_for=jetpack&token=cy%40M1SDz8jNH4BF4U1nTZ%28pt%25Yde%293%40p%3A1%3A0&timestamp=1750478665&nonce=mNj8L2efBq&body-hash=LKeSKy99D9erGPSOFf1GN6Q4dME%3D&signature=AOo89XwKXqJu5RWszhK93KjEpn4%3D HTTP/1.1" 200 935675 "https://starmakerwm.com/?rest_route=%2Fjetpack%2Fv4%2Fsync%2Fobject&_for=jetpack&token=cy%40M1SDz8jNH4BF4U1nTZ%28pt%25Yde%293%40p%3A1%3A0&timestamp=1750478665&nonce=mNj8L2efBq&body-hash=LKeSKy99D9erGPSOFf1GN6Q4dME%3D&signature=AOo89XwKXqJu5RWszhK93KjEpn4%3D" "Jetpack by WordPress.com"
192.119.164.179 - - [21/Jun/2025:09:04:31 +0500] "GET /wp-content/plugins/woocommerce/assets/client/admin/chunks/2152.style.css?ver=0f2f1cab8f4ebf5d356a HTTP/2.0" 200 8596 "https://starmakerwm.com/wp-admin/admin.php?page=wc-admin&path=%2Fsetup-wizard" "Mozilla/5.0 (Windows NT 10.0; Win64; x64) AppleWebKit/537.36 (KHTML, like Gecko) Chrome/137.0.0.0 Safari/537.36"
192.119.164.179 - - [21/Jun/2025:09:04:31 +0500] "GET /wp-content/plugins/woocommerce/assets/client/admin/chunks/624.js?ver=6e2148fdf07db6611ec8 HTTP/2.0" 200 14497 "https://starmakerwm.com/wp-admin/admin.php?page=wc-admin&path=%2Fsetup-wizard" "Mozilla/5.0 (Windows NT 10.0; Win64; x64) AppleWebKit/537.36 (KHTML, like Gecko) Chrome/137.0.0.0 Safari/537.36"
192.119.164.179 - - [21/Jun/2025:09:04:31 +0500] "GET /wp-content/plugins/woocommerce/assets/client/admin/chunks/9590.js?ver=d9f37367346d08b252da HTTP/2.0" 200 14139 "https://starmakerwm.com/wp-admin/admin.php?page=wc-admin&path=%2Fsetup-wizard" "Mozilla/5.0 (Windows NT 10.0; Win64; x64) AppleWebKit/537.36 (KHTML, like Gecko) Chrome/137.0.0.0 Safari/537.36"
192.119.164.179 - - [21/Jun/2025:09:04:31 +0500] "GET /wp-content/plugins/woocommerce/assets/client/admin/chunks/core-profiler.js?ver=c1504ef78b6784252fc7 HTTP/2.0" 200 25786 "https://starmakerwm.com/wp-admin/admin.php?page=wc-admin&path=%2Fsetup-wizard" "Mozilla/5.0 (Windows NT 10.0; Win64; x64) AppleWebKit/537.36 (KHTML, like Gecko) Chrome/137.0.0.0 Safari/537.36"
192.0.87.71 - - [21/Jun/2025:09:04:29 +0500] "POST /?rest_route=%2Fjetpack%2Fv4%2Fsync%2Fobject&_for=jetpack&token=cy%40M1SDz8jNH4BF4U1nTZ%28pt%25Yde%293%40p%3A1%3A0&timestamp=1750478669&nonce=ygpJH3hqjj&body-hash=F8MuZ5L1Xo%2BHMF5bcu1xyLKhzkY%3D&signature=1TpaTT%2Bb8WSfeIPCjaN4VmE8kUc%3D HTTP/1.1" 200 1042055 "https://starmakerwm.com/?rest_route=%2Fjetpack%2Fv4%2Fsync%2Fobject&_for=jetpack&token=cy%40M1SDz8jNH4BF4U1nTZ%28pt%25Yde%293%40p%3A1%3A0&timestamp=1750478669&nonce=ygpJH3hqjj&body-hash=F8MuZ5L1Xo%2BHMF5bcu1xyLKhzkY%3D&signature=1TpaTT%2Bb8WSfeIPCjaN4VmE8kUc%3D" "Jetpack by WordPress.com"
192.119.164.179 - - [21/Jun/2025:09:04:31 +0500] "GET /wp-json/wc-admin/options?options=woocommerce_allow_tracking%2Cwoocommerce_ces_shown_for_actions&_locale=user HTTP/2.0" 200 506 "https://starmakerwm.com/wp-admin/admin.php?page=wc-admin&path=%2Fsetup-wizard" "Mozilla/5.0 (Windows NT 10.0; Win64; x64) AppleWebKit/537.36 (KHTML, like Gecko) Chrome/137.0.0.0 Safari/537.36"
192.119.164.179 - - [21/Jun/2025:09:04:33 +0500] "OPTIONS /wp-json/wp/v2/settings?_locale=user HTTP/2.0" 200 2865 "https://starmakerwm.com/wp-admin/admin.php?page=wc-admin&path=%2Fsetup-wizard" "Mozilla/5.0 (Windows NT 10.0; Win64; x64) AppleWebKit/537.36 (KHTML, like Gecko) Chrome/137.0.0.0 Safari/537.36"
192.119.164.179 - - [21/Jun/2025:09:04:33 +0500] "GET /wp-json/wc-admin/onboarding/profile/progress?_locale=user HTTP/2.0" 200 60 "https://starmakerwm.com/wp-admin/admin.php?page=wc-admin&path=%2Fsetup-wizard" "Mozilla/5.0 (Windows NT 10.0; Win64; x64) AppleWebKit/537.36 (KHTML, like Gecko) Chrome/137.0.0.0 Safari/537.36"
192.0.87.71 - - [21/Jun/2025:09:04:33 +0500] "POST /?rest_route=%2Fjetpack%2Fv4%2Fsync%2Fobject&_for=jetpack&token=cy%40M1SDz8jNH4BF4U1nTZ%28pt%25Yde%293%40p%3A1%3A0&timestamp=1750478672&nonce=qq9iNSzKze&body-hash=T0Hocj4PAh5kdEng5kYhFWwHxY4%3D&signature=SYofxBo6F9qt1ux%2Fc6accimFhK4%3D HTTP/1.1" 200 455469 "https://starmakerwm.com/?rest_route=%2Fjetpack%2Fv4%2Fsync%2Fobject&_for=jetpack&token=cy%40M1SDz8jNH4BF4U1nTZ%28pt%25Yde%293%40p%3A1%3A0&timestamp=1750478672&nonce=qq9iNSzKze&body-hash=T0Hocj4PAh5kdEng5kYhFWwHxY4%3D&signature=SYofxBo6F9qt1ux%2Fc6accimFhK4%3D" "Jetpack by WordPress.com"
192.119.164.179 - - [21/Jun/2025:09:04:33 +0500] "GET /wp-json/wc-analytics/settings/general/woocommerce_default_country?_locale=user HTTP/2.0" 200 22556 "https://starmakerwm.com/wp-admin/admin.php?page=wc-admin&path=%2Fsetup-wizard" "Mozilla/5.0 (Windows NT 10.0; Win64; x64) AppleWebKit/537.36 (KHTML, like Gecko) Chrome/137.0.0.0 Safari/537.36"
192.119.164.179 - - [21/Jun/2025:09:04:33 +0500] "GET /wp-json/wc-analytics/settings/advanced/woocommerce_allow_tracking?_locale=user HTTP/2.0" 200 448 "https://starmakerwm.com/wp-admin/admin.php?page=wc-admin&path=%2Fsetup-wizard" "Mozilla/5.0 (Windows NT 10.0; Win64; x64) AppleWebKit/537.36 (KHTML, like Gecko) Chrome/137.0.0.0 Safari/537.36"
192.119.164.179 - - [21/Jun/2025:09:04:33 +0500] "GET /wp-json/wc-admin/onboarding/free-extensions?_locale=user HTTP/2.0" 200 1710 "https://starmakerwm.com/wp-admin/admin.php?page=wc-admin&path=%2Fsetup-wizard" "Mozilla/5.0 (Windows NT 10.0; Win64; x64) AppleWebKit/537.36 (KHTML, like Gecko) Chrome/137.0.0.0 Safari/537.36"
192.119.164.179 - - [21/Jun/2025:09:04:33 +0500] "GET /wp-json/wc-analytics/data/countries?_locale=user HTTP/2.0" 200 23315 "https://starmakerwm.com/wp-admin/admin.php?page=wc-admin&path=%2Fsetup-wizard" "Mozilla/5.0 (Windows NT 10.0; Win64; x64) AppleWebKit/537.36 (KHTML, like Gecko) Chrome/137.0.0.0 Safari/537.36"
192.119.164.179 - - [21/Jun/2025:09:04:36 +0500] "GET /wp-content/plugins/woocommerce/assets/client/admin/d070003c8575faa9f2fc.svg HTTP/2.0" 200 3225 "https://starmakerwm.com/wp-content/plugins/woocommerce/assets/client/admin/chunks/2152.style.css?ver=0f2f1cab8f4ebf5d356a" "Mozilla/5.0 (Windows NT 10.0; Win64; x64) AppleWebKit/537.36 (KHTML, like Gecko) Chrome/137.0.0.0 Safari/537.36"
192.119.164.179 - - [21/Jun/2025:09:04:36 +0500] "GET /wp-json/wp/v2/settings?_locale=user HTTP/2.0" 200 1111 "https://starmakerwm.com/wp-admin/admin.php?page=wc-admin&path=%2Fsetup-wizard" "Mozilla/5.0 (Windows NT 10.0; Win64; x64) AppleWebKit/537.36 (KHTML, like Gecko) Chrome/137.0.0.0 Safari/537.36"
192.0.87.71 - - [21/Jun/2025:09:04:36 +0500] "POST /?rest_route=%2Fjetpack%2Fv4%2Fsync%2Fobject&_for=jetpack&token=cy%40M1SDz8jNH4BF4U1nTZ%28pt%25Yde%293%40p%3A1%3A0&timestamp=1750478676&nonce=vamzGZwHXU&body-hash=sTYtjfynZHSJO8jICvjiqVFb%2BN4%3D&signature=0UUrJy67BqLonlsabmc8%2BmnyKZo%3D HTTP/1.1" 200 39439 "https://starmakerwm.com/?rest_route=%2Fjetpack%2Fv4%2Fsync%2Fobject&_for=jetpack&token=cy%40M1SDz8jNH4BF4U1nTZ%28pt%25Yde%293%40p%3A1%3A0&timestamp=1750478676&nonce=vamzGZwHXU&body-hash=sTYtjfynZHSJO8jICvjiqVFb%2BN4%3D&signature=0UUrJy67BqLonlsabmc8%2BmnyKZo%3D" "Jetpack by WordPress.com"
192.0.87.71 - - [21/Jun/2025:09:04:38 +0500] "POST /?rest_route=%2Fjetpack%2Fv4%2Fsync%2Fdata-histogram&_for=jetpack&token=cy%40M1SDz8jNH4BF4U1nTZ%28pt%25Yde%293%40p%3A1%3A0&timestamp=1750478678&nonce=Oe24GrwVDn&body-hash=Qvl0mAovW%2FrwqzIbwTtTzxmCfQc%3D&signature=Npmgrh%2BQTSpbyPk7CTRs7TN6WyI%3D HTTP/1.1" 200 3917 "https://starmakerwm.com/?rest_route=%2Fjetpack%2Fv4%2Fsync%2Fdata-histogram&_for=jetpack&token=cy%40M1SDz8jNH4BF4U1nTZ%28pt%25Yde%293%40p%3A1%3A0&timestamp=1750478678&nonce=Oe24GrwVDn&body-hash=Qvl0mAovW%2FrwqzIbwTtTzxmCfQc%3D&signature=Npmgrh%2BQTSpbyPk7CTRs7TN6WyI%3D" "Jetpack by WordPress.com"
198.98.53.3 - - [21/Jun/2025:09:04:37 +0500] "GET /wp-login.php HTTP/1.1" 200 19141 "-" "Mozilla/5.0 (Macintosh; Intel Mac OS X 10_7_5) AppleWebKit/537.36 (KHTML, like Gecko) Chrome/36.0.1985.125 Safari/537.36"
192.0.87.71 - - [21/Jun/2025:09:04:40 +0500] "POST /?rest_route=%2Fjetpack%2Fv4%2Fsync%2Fdata-histogram&_for=jetpack&token=cy%40M1SDz8jNH4BF4U1nTZ%28pt%25Yde%293%40p%3A1%3A0&timestamp=1750478680&nonce=rdrZp1r07K&body-hash=wP5NBHfb%2FBuaPVkq3S8QmDmnH1Y%3D&signature=S84Vt5qf3QyXK0NXQ%2BVkdNBhgUc%3D HTTP/1.1" 200 4024 "https://starmakerwm.com/?rest_route=%2Fjetpack%2Fv4%2Fsync%2Fdata-histogram&_for=jetpack&token=cy%40M1SDz8jNH4BF4U1nTZ%28pt%25Yde%293%40p%3A1%3A0&timestamp=1750478680&nonce=rdrZp1r07K&body-hash=wP5NBHfb%2FBuaPVkq3S8QmDmnH1Y%3D&signature=S84Vt5qf3QyXK0NXQ%2BVkdNBhgUc%3D" "Jetpack by WordPress.com"
176.9.65.136 - - [21/Jun/2025:09:04:42 +0500] "POST /wp-cron.php?doing_wp_cron=1750478682.2682530879974365234375 HTTP/1.1" 200 3487 "-" "WordPress/6.8.1; https://starmakerwm.com"
198.98.53.3 - - [21/Jun/2025:09:04:40 +0500] "POST /wp-login.php HTTP/1.1" 401 3906 "-" "Mozilla/5.0 (Macintosh; Intel Mac OS X 10_7_5) AppleWebKit/537.36 (KHTML, like Gecko) Chrome/36.0.1985.125 Safari/537.36"
198.98.53.3 - - [21/Jun/2025:09:04:42 +0500] "GET /wp-admin/themes.php HTTP/1.1" 302 499 "-" "python-requests/2.27.1"
192.0.87.71 - - [21/Jun/2025:09:04:42 +0500] "POST /?rest_route=%2Fjetpack%2Fv4%2Fsync%2Fdata-histogram&_for=jetpack&token=cy%40M1SDz8jNH4BF4U1nTZ%28pt%25Yde%293%40p%3A1%3A0&timestamp=1750478682&nonce=peGQioDNlf&body-hash=MGlwiF9PjmaDi5nqmIdR81bhb2Q%3D&signature=0I3I7ltvx306rANMkUw3a%2FLEk%2Fc%3D HTTP/1.1" 200 3918 "https://starmakerwm.com/?rest_route=%2Fjetpack%2Fv4%2Fsync%2Fdata-histogram&_for=jetpack&token=cy%40M1SDz8jNH4BF4U1nTZ%28pt%25Yde%293%40p%3A1%3A0&timestamp=1750478682&nonce=peGQioDNlf&body-hash=MGlwiF9PjmaDi5nqmIdR81bhb2Q%3D&signature=0I3I7ltvx306rANMkUw3a%2FLEk%2Fc%3D" "Jetpack by WordPress.com"
192.0.87.71 - - [21/Jun/2025:09:04:44 +0500] "POST /?rest_route=%2Fjetpack%2Fv4%2Fsync%2Fdata-histogram&_for=jetpack&token=cy%40M1SDz8jNH4BF4U1nTZ%28pt%25Yde%293%40p%3A1%3A0&timestamp=1750478684&nonce=e5tXfxxc0f&body-hash=nEFV%2FZcaVvfd2XYUPyDu4QFbJBw%3D&signature=F7W75Y1K3kYOdEP0Vc%2BhzLb5uDk%3D HTTP/1.1" 200 6037 "https://starmakerwm.com/?rest_route=%2Fjetpack%2Fv4%2Fsync%2Fdata-histogram&_for=jetpack&token=cy%40M1SDz8jNH4BF4U1nTZ%28pt%25Yde%293%40p%3A1%3A0&timestamp=1750478684&nonce=e5tXfxxc0f&body-hash=nEFV%2FZcaVvfd2XYUPyDu4QFbJBw%3D&signature=F7W75Y1K3kYOdEP0Vc%2BhzLb5uDk%3D" "Jetpack by WordPress.com"
198.98.53.3 - - [21/Jun/2025:09:04:44 +0500] "GET /wp-login.php?redirect_to=https%3A%2F%2Fstarmakerwm.com%2Fwp-admin%2Fthemes.php&reauth=1 HTTP/1.1" 200 7609 "-" "python-requests/2.27.1"
192.0.87.71 - - [21/Jun/2025:09:04:46 +0500] "POST /?rest_route=%2Fjetpack%2Fv4%2Fsync%2Fdata-histogram&_for=jetpack&token=cy%40M1SDz8jNH4BF4U1nTZ%28pt%25Yde%293%40p%3A1%3A0&timestamp=1750478686&nonce=w5PyXFYZVK&body-hash=HVh90XOXOp8pzYWas647x0i2R8Q%3D&signature=oa7m4yKhPvFMWtLW9K1vbysUWz4%3D HTTP/1.1" 200 3919 "https://starmakerwm.com/?rest_route=%2Fjetpack%2Fv4%2Fsync%2Fdata-histogram&_for=jetpack&token=cy%40M1SDz8jNH4BF4U1nTZ%28pt%25Yde%293%40p%3A1%3A0&timestamp=1750478686&nonce=w5PyXFYZVK&body-hash=HVh90XOXOp8pzYWas647x0i2R8Q%3D&signature=oa7m4yKhPvFMWtLW9K1vbysUWz4%3D" "Jetpack by WordPress.com"
198.98.53.3 - - [21/Jun/2025:09:04:47 +0500] "GET /wp-admin/plugin-install.php?tab=upload HTTP/1.1" 302 522 "-" "python-requests/2.27.1"
192.0.87.71 - - [21/Jun/2025:09:04:48 +0500] "POST /?rest_route=%2Fjetpack%2Fv4%2Fsync%2Fdata-histogram&_for=jetpack&token=cy%40M1SDz8jNH4BF4U1nTZ%28pt%25Yde%293%40p%3A1%3A0&timestamp=1750478688&nonce=yI4Lxk87jU&body-hash=zib1hhO6f0CNcw0AMRgKQBAx%2FvQ%3D&signature=RyIWtS9JBLEQtdH89JY7bSy0OmI%3D HTTP/1.1" 200 6009 "https://starmakerwm.com/?rest_route=%2Fjetpack%2Fv4%2Fsync%2Fdata-histogram&_for=jetpack&token=cy%40M1SDz8jNH4BF4U1nTZ%28pt%25Yde%293%40p%3A1%3A0&timestamp=1750478688&nonce=yI4Lxk87jU&body-hash=zib1hhO6f0CNcw0AMRgKQBAx%2FvQ%3D&signature=RyIWtS9JBLEQtdH89JY7bSy0OmI%3D" "Jetpack by WordPress.com"
198.98.53.3 - - [21/Jun/2025:09:04:49 +0500] "GET /wp-login.php?redirect_to=https%3A%2F%2Fstarmakerwm.com%2Fwp-admin%2Fplugin-install.php%3Ftab%3Dupload&reauth=1 HTTP/1.1" 200 7619 "-" "python-requests/2.27.1"
192.0.87.71 - - [21/Jun/2025:09:04:50 +0500] "POST /?rest_route=%2Fjetpack%2Fv4%2Fsync%2Fobject&_for=jetpack&token=cy%40M1SDz8jNH4BF4U1nTZ%28pt%25Yde%293%40p%3A1%3A0&timestamp=1750478690&nonce=QxeT2qtpvx&body-hash=X8O6SJ31CS5oHa2d7rAqsBsf7dI%3D&signature=LZlwNBmcPehZNNLVkyL7F2mcIrU%3D HTTP/1.1" 200 29490 "https://starmakerwm.com/?rest_route=%2Fjetpack%2Fv4%2Fsync%2Fobject&_for=jetpack&token=cy%40M1SDz8jNH4BF4U1nTZ%28pt%25Yde%293%40p%3A1%3A0&timestamp=1750478690&nonce=QxeT2qtpvx&body-hash=X8O6SJ31CS5oHa2d7rAqsBsf7dI%3D&signature=LZlwNBmcPehZNNLVkyL7F2mcIrU%3D" "Jetpack by WordPress.com"
192.0.87.71 - - [21/Jun/2025:09:04:52 +0500] "POST /?rest_route=%2Fjetpack%2Fv4%2Fsync%2Fdata-histogram&_for=jetpack&token=cy%40M1SDz8jNH4BF4U1nTZ%28pt%25Yde%293%40p%3A1%3A0&timestamp=1750478692&nonce=PgRUeIVGbw&body-hash=ZsGphIz8xCOp9k%2B5nZcB0hQG0zA%3D&signature=WCKJSdBEpu6dcJ%2FJuRsXAM%2BloMY%3D HTTP/1.1" 200 3920 "https://starmakerwm.com/?rest_route=%2Fjetpack%2Fv4%2Fsync%2Fdata-histogram&_for=jetpack&token=cy%40M1SDz8jNH4BF4U1nTZ%28pt%25Yde%293%40p%3A1%3A0&timestamp=1750478692&nonce=PgRUeIVGbw&body-hash=ZsGphIz8xCOp9k%2B5nZcB0hQG0zA%3D&signature=WCKJSdBEpu6dcJ%2FJuRsXAM%2BloMY%3D" "Jetpack by WordPress.com"
192.0.87.71 - - [21/Jun/2025:09:04:54 +0500] "POST /?rest_route=%2Fjetpack%2Fv4%2Fsync%2Fdata-histogram&_for=jetpack&token=cy%40M1SDz8jNH4BF4U1nTZ%28pt%25Yde%293%40p%3A1%3A0&timestamp=1750478693&nonce=FfhbJSLVoW&body-hash=0%2BkpKIwLxynaN2Yc1cZZF98G2iM%3D&signature=O49JI7dnnWvEJIJnssqWAAczFyY%3D HTTP/1.1" 200 6612 "https://starmakerwm.com/?rest_route=%2Fjetpack%2Fv4%2Fsync%2Fdata-histogram&_for=jetpack&token=cy%40M1SDz8jNH4BF4U1nTZ%28pt%25Yde%293%40p%3A1%3A0&timestamp=1750478693&nonce=FfhbJSLVoW&body-hash=0%2BkpKIwLxynaN2Yc1cZZF98G2iM%3D&signature=O49JI7dnnWvEJIJnssqWAAczFyY%3D" "Jetpack by WordPress.com"
192.0.87.71 - - [21/Jun/2025:09:04:56 +0500] "POST /?rest_route=%2Fjetpack%2Fv4%2Fsync%2Fobject&_for=jetpack&token=cy%40M1SDz8jNH4BF4U1nTZ%28pt%25Yde%293%40p%3A1%3A0&timestamp=1750478695&nonce=B2sUq6SzMc&body-hash=Zw01cg%2BzRjX6hxSRoxOblkaTJLM%3D&signature=EW%2F%2FYq5wDlYrwboJ4%2BKi3P7%2BtJ8%3D HTTP/1.1" 200 18382 "https://starmakerwm.com/?rest_route=%2Fjetpack%2Fv4%2Fsync%2Fobject&_for=jetpack&token=cy%40M1SDz8jNH4BF4U1nTZ%28pt%25Yde%293%40p%3A1%3A0&timestamp=1750478695&nonce=B2sUq6SzMc&body-hash=Zw01cg%2BzRjX6hxSRoxOblkaTJLM%3D&signature=EW%2F%2FYq5wDlYrwboJ4%2BKi3P7%2BtJ8%3D" "Jetpack by WordPress.com"
192.0.87.71 - - [21/Jun/2025:09:04:58 +0500] "POST /?rest_route=%2Fjetpack%2Fv4%2Fsync%2Fdata-histogram&_for=jetpack&token=cy%40M1SDz8jNH4BF4U1nTZ%28pt%25Yde%293%40p%3A1%3A0&timestamp=1750478697&nonce=pXUlqgc7YS&body-hash=CLIe1WTiQoz%2Fh3He0qHKUp1j61s%3D&signature=MjBiaJZSx5zd2KEKx1XnLQZiMMI%3D HTTP/1.1" 200 3919 "https://starmakerwm.com/?rest_route=%2Fjetpack%2Fv4%2Fsync%2Fdata-histogram&_for=jetpack&token=cy%40M1SDz8jNH4BF4U1nTZ%28pt%25Yde%293%40p%3A1%3A0&timestamp=1750478697&nonce=pXUlqgc7YS&body-hash=CLIe1WTiQoz%2Fh3He0qHKUp1j61s%3D&signature=MjBiaJZSx5zd2KEKx1XnLQZiMMI%3D" "Jetpack by WordPress.com"
192.119.164.179 - - [21/Jun/2025:09:05:00 +0500] "POST /wp-json/wc-analytics/settings/advanced/woocommerce_allow_tracking?_locale=user HTTP/2.0" 200 951 "https://starmakerwm.com/wp-admin/admin.php?page=wc-admin&path=%2Fsetup-wizard" "Mozilla/5.0 (Windows NT 10.0; Win64; x64) AppleWebKit/537.36 (KHTML, like Gecko) Chrome/137.0.0.0 Safari/537.36"
192.119.164.179 - - [21/Jun/2025:09:05:00 +0500] "POST /wp-json/wc-admin/onboarding/profile/progress/core-profiler/complete?_locale=user HTTP/2.0" 200 176 "https://starmakerwm.com/wp-admin/admin.php?page=wc-admin&path=%2Fsetup-wizard" "Mozilla/5.0 (Windows NT 10.0; Win64; x64) AppleWebKit/537.36 (KHTML, like Gecko) Chrome/137.0.0.0 Safari/537.36"
192.0.87.71 - - [21/Jun/2025:09:04:59 +0500] "POST /?rest_route=%2Fjetpack%2Fv4%2Fsync%2Fdata-histogram&_for=jetpack&token=cy%40M1SDz8jNH4BF4U1nTZ%28pt%25Yde%293%40p%3A1%3A0&timestamp=1750478699&nonce=f6ISDrZtOn&body-hash=bIs%2FnYBADzOhiePzYlPDC1zOhBM%3D&signature=a%2F%2FXEWEK62wiBBx7OYJe7Fyowik%3D HTTP/1.1" 200 6515 "https://starmakerwm.com/?rest_route=%2Fjetpack%2Fv4%2Fsync%2Fdata-histogram&_for=jetpack&token=cy%40M1SDz8jNH4BF4U1nTZ%28pt%25Yde%293%40p%3A1%3A0&timestamp=1750478699&nonce=f6ISDrZtOn&body-hash=bIs%2FnYBADzOhiePzYlPDC1zOhBM%3D&signature=a%2F%2FXEWEK62wiBBx7OYJe7Fyowik%3D" "Jetpack by WordPress.com"
192.0.87.71 - - [21/Jun/2025:09:05:02 +0500] "POST /?rest_route=%2Fjetpack%2Fv4%2Fsync%2Fdata-histogram&_for=jetpack&token=cy%40M1SDz8jNH4BF4U1nTZ%28pt%25Yde%293%40p%3A1%3A0&timestamp=1750478702&nonce=SL6aMEqatV&body-hash=2tIQnYnpg5q9gYF7gKhoQH0yZhg%3D&signature=CvYrWKHVxqbQbOFQlcjQjrMSrtM%3D HTTP/1.1" 200 3918 "https://starmakerwm.com/?rest_route=%2Fjetpack%2Fv4%2Fsync%2Fdata-histogram&_for=jetpack&token=cy%40M1SDz8jNH4BF4U1nTZ%28pt%25Yde%293%40p%3A1%3A0&timestamp=1750478702&nonce=SL6aMEqatV&body-hash=2tIQnYnpg5q9gYF7gKhoQH0yZhg%3D&signature=CvYrWKHVxqbQbOFQlcjQjrMSrtM%3D" "Jetpack by WordPress.com"
192.0.87.71 - - [21/Jun/2025:09:05:04 +0500] "POST /?rest_route=%2Fjetpack%2Fv4%2Fsync%2Fdata-histogram&_for=jetpack&token=cy%40M1SDz8jNH4BF4U1nTZ%28pt%25Yde%293%40p%3A1%3A0&timestamp=1750478704&nonce=JVLVR9v5oA&body-hash=UUQyXuIXyb8f%2BT%2FZlA2fpD5XYvE%3D&signature=oJRLxVac63wWJTTPjuVB2EEhW3I%3D HTTP/1.1" 200 6408 "https://starmakerwm.com/?rest_route=%2Fjetpack%2Fv4%2Fsync%2Fdata-histogram&_for=jetpack&token=cy%40M1SDz8jNH4BF4U1nTZ%28pt%25Yde%293%40p%3A1%3A0&timestamp=1750478704&nonce=JVLVR9v5oA&body-hash=UUQyXuIXyb8f%2BT%2FZlA2fpD5XYvE%3D&signature=oJRLxVac63wWJTTPjuVB2EEhW3I%3D" "Jetpack by WordPress.com"
192.0.87.71 - - [21/Jun/2025:09:05:06 +0500] "POST /?rest_route=%2Fjetpack%2Fv4%2Fsync%2Fobject&_for=jetpack&token=cy%40M1SDz8jNH4BF4U1nTZ%28pt%25Yde%293%40p%3A1%3A0&timestamp=1750478705&nonce=TU4yxLjb14&body-hash=M1BbjLQqRuspnhQlTyrrupgZ5T0%3D&signature=S4dJtxFzQgKYX73jE7qrQS1aTyk%3D HTTP/1.1" 200 32554 "https://starmakerwm.com/?rest_route=%2Fjetpack%2Fv4%2Fsync%2Fobject&_for=jetpack&token=cy%40M1SDz8jNH4BF4U1nTZ%28pt%25Yde%293%40p%3A1%3A0&timestamp=1750478705&nonce=TU4yxLjb14&body-hash=M1BbjLQqRuspnhQlTyrrupgZ5T0%3D&signature=S4dJtxFzQgKYX73jE7qrQS1aTyk%3D" "Jetpack by WordPress.com"
192.0.87.71 - - [21/Jun/2025:09:05:08 +0500] "POST /?rest_route=%2Fjetpack%2Fv4%2Fsync%2Fdata-histogram&_for=jetpack&token=cy%40M1SDz8jNH4BF4U1nTZ%28pt%25Yde%293%40p%3A1%3A0&timestamp=1750478708&nonce=Kls03oDyLM&body-hash=9qrubZtOyi2UIPdStec6kDuaLmQ%3D&signature=STzEEbwED0xvTBHexfMbOkahLYQ%3D HTTP/1.1" 200 3919 "https://starmakerwm.com/?rest_route=%2Fjetpack%2Fv4%2Fsync%2Fdata-histogram&_for=jetpack&token=cy%40M1SDz8jNH4BF4U1nTZ%28pt%25Yde%293%40p%3A1%3A0&timestamp=1750478708&nonce=Kls03oDyLM&body-hash=9qrubZtOyi2UIPdStec6kDuaLmQ%3D&signature=STzEEbwED0xvTBHexfMbOkahLYQ%3D" "Jetpack by WordPress.com"
209.126.5.138 - - [21/Jun/2025:09:05:09 +0500] "POST /xmlrpc.php HTTP/1.1" 200 523 "-" "Mozilla/5.0 (Windows NT 10.0; Win64; x64; rv:52.0) Gecko/20100101 Firefox/52.0"
