176.9.65.136 - - [21/Jun/2025:08:37:09 +0500] "POST /wp-cron.php?doing_wp_cron=1750477029.3342039585113525390625 HTTP/1.1" 200 3487 "-" "WordPress/6.8.1; https://starmakerwm.com"
89.38.23.196 - - [21/Jun/2025:08:37:08 +0500] "POST /xmlrpc.php HTTP/2.0" 200 342 "https://starmakerwm.com" "Mozilla/5.0 (Windows NT 11.0; Win64; x64) AppleWebKit/537.36 (KHTML, like Gecko) Chrome/126.0.0.0 Safari/537.36 Edg/126.0.0.0"
176.9.65.136 - - [21/Jun/2025:08:38:10 +0500] "POST /wp-cron.php?doing_wp_cron=1750477090.2317209243774414062500 HTTP/1.1" 200 3486 "-" "WordPress/6.8.1; https://starmakerwm.com"
192.119.164.179 - - [21/Jun/2025:08:38:08 +0500] "GET /wp-json/google-site-kit/v1/?_locale=user HTTP/2.0" 500 84 "https://starmakerwm.com/wp-admin/admin.php?page=googlesitekit-dashboard" "Mozilla/5.0 (Windows NT 10.0; Win64; x64) AppleWebKit/537.36 (KHTML, like Gecko) Chrome/137.0.0.0 Safari/537.36"
31.13.115.6 - - [21/Jun/2025:08:38:20 +0500] "GET /privacy-policy-starmakerwm/ HTTP/2.0" 200 216954 "-" "facebookexternalhit/1.1 (+http://www.facebook.com/externalhit_uatext.php)"
176.9.65.136 - - [21/Jun/2025:08:39:36 +0500] "POST /wp-cron.php?doing_wp_cron=1750477176.1986439228057861328125 HTTP/1.1" 200 3488 "-" "WordPress/6.8.1; https://starmakerwm.com"
198.177.120.113 - - [21/Jun/2025:08:39:35 +0500] "POST /xmlrpc.php HTTP/2.0" 200 343 "https://starmakerwm.com" "Mozilla/5.0 (Windows NT 11.0; Win64; x64; rv:126.0) Gecko/20100101 Firefox/126.0"
176.9.65.136 - - [21/Jun/2025:08:40:09 +0500] "POST /wp-cron.php?doing_wp_cron=1750477209.8851730823516845703125 HTTP/1.1" 200 3486 "-" "WordPress/6.8.1; https://starmakerwm.com"
192.119.164.179 - - [21/Jun/2025:08:40:08 +0500] "GET /wp-json/google-site-kit/v1/?_locale=user HTTP/2.0" 500 84 "https://starmakerwm.com/wp-admin/admin.php?page=googlesitekit-dashboard" "Mozilla/5.0 (Windows NT 10.0; Win64; x64) AppleWebKit/537.36 (KHTML, like Gecko) Chrome/137.0.0.0 Safari/537.36"
176.9.65.136 - - [21/Jun/2025:08:42:04 +0500] "POST /wp-cron.php?doing_wp_cron=1750477324.6189908981323242187500 HTTP/1.1" 200 3487 "-" "WordPress/6.8.1; https://starmakerwm.com"
69.10.43.179 - - [21/Jun/2025:08:42:03 +0500] "POST /xmlrpc.php HTTP/2.0" 200 342 "https://starmakerwm.com" "Mozilla/5.0 (Windows NT 10.0; Win64; x64) AppleWebKit/537.36 (KHTML, like Gecko) Chrome/115.0.5790.102 Safari/537.36"
192.119.164.179 - - [21/Jun/2025:08:42:08 +0500] "GET /wp-json/google-site-kit/v1/?_locale=user HTTP/2.0" 200 2076 "https://starmakerwm.com/wp-admin/admin.php?page=googlesitekit-dashboard" "Mozilla/5.0 (Windows NT 10.0; Win64; x64) AppleWebKit/537.36 (KHTML, like Gecko) Chrome/137.0.0.0 Safari/537.36"
77.240.190.133 - - [21/Jun/2025:08:42:32 +0500] "POST /xmlrpc.php HTTP/1.1" 200 523 "-" "Mozilla/5.0 (Windows NT 10.0; Win64; x64; rv:76.0) Gecko/20100101 Firefox/76.0"
176.9.65.136 - - [21/Jun/2025:08:42:52 +0500] "POST /wp-cron.php?doing_wp_cron=1750477372.0335500240325927734375 HTTP/1.1" 200 3486 "-" "WordPress/6.8.1; https://starmakerwm.com"
66.249.70.171 - - [21/Jun/2025:08:42:51 +0500] "GET /34 HTTP/1.1" 404 34246 "-" "Mozilla/5.0 (Linux; Android 6.0.1; Nexus 5X Build/MMB29P) AppleWebKit/537.36 (KHTML, like Gecko) Chrome/137.0.7151.103 Mobile Safari/537.36 (compatible; Googlebot/2.1; +http://www.google.com/bot.html)"
176.9.65.136 - - [21/Jun/2025:08:44:10 +0500] "POST /wp-cron.php?doing_wp_cron=1750477450.1617860794067382812500 HTTP/1.1" 200 3488 "-" "WordPress/6.8.1; https://starmakerwm.com"
192.119.164.179 - - [21/Jun/2025:08:44:09 +0500] "GET /wp-json/google-site-kit/v1/?_locale=user HTTP/2.0" 500 84 "https://starmakerwm.com/wp-admin/admin.php?page=googlesitekit-dashboard" "Mozilla/5.0 (Windows NT 10.0; Win64; x64) AppleWebKit/537.36 (KHTML, like Gecko) Chrome/137.0.0.0 Safari/537.36"
176.9.65.136 - - [21/Jun/2025:08:46:09 +0500] "POST /wp-cron.php?doing_wp_cron=1750477569.7733259201049804687500 HTTP/1.1" 200 3487 "-" "WordPress/6.8.1; https://starmakerwm.com"
192.119.164.179 - - [21/Jun/2025:08:46:08 +0500] "GET /wp-json/google-site-kit/v1/?_locale=user HTTP/2.0" 500 84 "https://starmakerwm.com/wp-admin/admin.php?page=googlesitekit-dashboard" "Mozilla/5.0 (Windows NT 10.0; Win64; x64) AppleWebKit/537.36 (KHTML, like Gecko) Chrome/137.0.0.0 Safari/537.36"
120.138.19.65 - - [21/Jun/2025:08:46:19 +0500] "POST /xmlrpc.php HTTP/1.1" 200 3009 "-" "Mozilla/5.0 (X11; Ubuntu; Linux x86_64; rv:85.0) Gecko/20100101 Firefox/91.0"
176.9.65.136 - - [21/Jun/2025:08:47:01 +0500] "POST /wp-cron.php?doing_wp_cron=1750477621.3830029964447021484375 HTTP/1.1" 200 3487 "-" "WordPress/6.8.1; https://starmakerwm.com"
192.119.164.179 - - [21/Jun/2025:08:47:00 +0500] "POST /wp-admin/admin-ajax.php HTTP/2.0" 200 395 "https://starmakerwm.com/wp-admin/admin.php?page=googlesitekit-dashboard" "Mozilla/5.0 (Windows NT 10.0; Win64; x64) AppleWebKit/537.36 (KHTML, like Gecko) Chrome/137.0.0.0 Safari/537.36"
152.67.193.32 - - [21/Jun/2025:08:47:01 +0500] "POST /xmlrpc.php HTTP/2.0" 200 342 "https://starmakerwm.com" "Mozilla/5.0 (Macintosh; Intel Mac OS X 10_15_7) AppleWebKit/537.36 (KHTML, like Gecko) Chrome/116.0.5845.96 Safari/537.36"
176.9.65.136 - - [21/Jun/2025:08:47:30 +0500] "POST /wp-cron.php?doing_wp_cron=1750477650.6290659904479980468750 HTTP/1.1" 200 3487 "-" "WordPress/6.8.1; https://starmakerwm.com"
192.119.164.179 - - [21/Jun/2025:08:47:29 +0500] "GET /wp-json/google-site-kit/v1/?_locale=user HTTP/2.0" 500 84 "https://starmakerwm.com/wp-admin/admin.php?page=googlesitekit-dashboard" "Mozilla/5.0 (Windows NT 10.0; Win64; x64) AppleWebKit/537.36 (KHTML, like Gecko) Chrome/137.0.0.0 Safari/537.36"
66.102.9.237 - - [21/Jun/2025:08:47:40 +0500] "GET / HTTP/2.0" 200 596 "-" "Mozilla/5.0 (Linux; Android 7.0; Moto G (4)) AppleWebKit/537.36 (KHTML, like Gecko) Chrome/94.0.4590.2 Mobile Safari/537.36 Chrome-Lighthouse"
74.125.208.110 - - [21/Jun/2025:08:47:40 +0500] "GET / HTTP/2.0" 200 596 "-" "Mozilla/5.0 (Macintosh; Intel Mac OS X 10_15_7) AppleWebKit/537.36 (KHTML, like Gecko) Chrome/94.0.4590.2 Safari/537.36 Chrome-Lighthouse"
176.9.65.136 - - [21/Jun/2025:08:47:44 +0500] "POST /wp-cron.php?doing_wp_cron=1750477664.9189329147338867187500 HTTP/1.1" 200 3488 "-" "WordPress/6.8.1; https://starmakerwm.com"
66.102.9.224 - - [21/Jun/2025:08:47:43 +0500] "GET / HTTP/2.0" 200 32003 "-" "Mozilla/5.0 (Linux; Android 7.0; Moto G (4)) AppleWebKit/537.36 (KHTML, like Gecko) Chrome/94.0.4590.2 Mobile Safari/537.36 Chrome-Lighthouse"
74.125.208.109 - - [21/Jun/2025:08:47:44 +0500] "GET / HTTP/2.0" 200 31995 "-" "Mozilla/5.0 (Macintosh; Intel Mac OS X 10_15_7) AppleWebKit/537.36 (KHTML, like Gecko) Chrome/94.0.4590.2 Safari/537.36 Chrome-Lighthouse"
192.119.164.179 - - [21/Jun/2025:08:47:35 +0500] "GET /wp-json/google-site-kit/v1/modules/pagespeed-insights/data/pagespeed?strategy=mobile&url=https%3A%2F%2Fstarmakerwm.com%2F&_locale=user HTTP/2.0" 200 57845 "https://starmakerwm.com/wp-admin/admin.php?page=googlesitekit-dashboard" "Mozilla/5.0 (Windows NT 10.0; Win64; x64) AppleWebKit/537.36 (KHTML, like Gecko) Chrome/137.0.0.0 Safari/537.36"
192.119.164.179 - - [21/Jun/2025:08:47:35 +0500] "GET /wp-json/google-site-kit/v1/modules/pagespeed-insights/data/pagespeed?strategy=desktop&url=https%3A%2F%2Fstarmakerwm.com%2F&_locale=user HTTP/2.0" 200 39220 "https://starmakerwm.com/wp-admin/admin.php?page=googlesitekit-dashboard" "Mozilla/5.0 (Windows NT 10.0; Win64; x64) AppleWebKit/537.36 (KHTML, like Gecko) Chrome/137.0.0.0 Safari/537.36"
192.119.164.179 - - [21/Jun/2025:08:47:59 +0500] "POST /wp-admin/admin-ajax.php HTTP/2.0" 200 395 "https://starmakerwm.com/wp-admin/admin.php?page=googlesitekit-dashboard" "Mozilla/5.0 (Windows NT 10.0; Win64; x64) AppleWebKit/537.36 (KHTML, like Gecko) Chrome/137.0.0.0 Safari/537.36"
192.119.164.179 - - [21/Jun/2025:08:48:06 +0500] "GET /wp-json/google-site-kit/v1/modules/pagespeed-insights/data/pagespeed?strategy=desktop&url=https%3A%2F%2Fstarmakerwm.com%2F&_locale=user HTTP/2.0" 200 34085 "https://starmakerwm.com/wp-admin/admin.php?page=googlesitekit-dashboard" "Mozilla/5.0 (Windows NT 10.0; Win64; x64) AppleWebKit/537.36 (KHTML, like Gecko) Chrome/137.0.0.0 Safari/537.36"
192.119.164.179 - - [21/Jun/2025:08:48:06 +0500] "GET /wp-json/google-site-kit/v1/modules/pagespeed-insights/data/pagespeed?strategy=mobile&url=https%3A%2F%2Fstarmakerwm.com%2F&_locale=user HTTP/2.0" 200 55758 "https://starmakerwm.com/wp-admin/admin.php?page=googlesitekit-dashboard" "Mozilla/5.0 (Windows NT 10.0; Win64; x64) AppleWebKit/537.36 (KHTML, like Gecko) Chrome/137.0.0.0 Safari/537.36"
192.119.164.179 - - [21/Jun/2025:08:48:22 +0500] "GET /wp-json/google-site-kit/v1/modules/analytics-4/data/report?metrics%5B0%5D%5Bname%5D=keyEvents&metrics%5B1%5D%5Bname%5D=engagementRate&dimensions%5B0%5D%5Bname%5D=date&startDate=2025-05-24&endDate=2025-06-20&compareStartDate=2025-04-26&compareEndDate=2025-05-23&dimensionFilters%5BsessionDefaultChannelGrouping%5D%5B0%5D=Organic%20Search&orderby%5B0%5D%5Bdimension%5D%5BdimensionName%5D=date&_locale=user HTTP/2.0" 200 1131 "https://starmakerwm.com/wp-admin/admin.php?page=googlesitekit-dashboard" "Mozilla/5.0 (Windows NT 10.0; Win64; x64) AppleWebKit/537.36 (KHTML, like Gecko) Chrome/137.0.0.0 Safari/537.36"
192.119.164.179 - - [21/Jun/2025:08:48:27 +0500] "GET /wp-json/google-site-kit/v1/modules/analytics-4/data/report?metrics%5B0%5D%5Bname%5D=totalUsers&dimensions%5B0%5D%5Bname%5D=date&startDate=2025-05-24&endDate=2025-06-20&orderby%5B0%5D%5Bdimension%5D%5BdimensionName%5D=date&_locale=user HTTP/2.0" 500 79 "https://starmakerwm.com/wp-admin/admin.php?page=googlesitekit-dashboard" "Mozilla/5.0 (Windows NT 10.0; Win64; x64) AppleWebKit/537.36 (KHTML, like Gecko) Chrome/137.0.0.0 Safari/537.36"
192.119.164.179 - - [21/Jun/2025:08:48:27 +0500] "GET /wp-json/google-site-kit/v1/modules/analytics-4/data/report?metrics%5B0%5D%5Bname%5D=totalUsers&dimensions%5B0%5D%5Bname%5D=sessionDefaultChannelGrouping&startDate=2025-05-24&endDate=2025-06-20&compareStartDate=2025-04-26&compareEndDate=2025-05-23&orderby%5B0%5D%5Bmetric%5D%5BmetricName%5D=totalUsers&orderby%5B0%5D%5Bdesc%5D=true&_locale=user HTTP/2.0" 200 799 "https://starmakerwm.com/wp-admin/admin.php?page=googlesitekit-dashboard" "Mozilla/5.0 (Windows NT 10.0; Win64; x64) AppleWebKit/537.36 (KHTML, like Gecko) Chrome/137.0.0.0 Safari/537.36"
192.119.164.179 - - [21/Jun/2025:08:48:27 +0500] "GET /wp-json/google-site-kit/v1/modules/analytics-4/data/report?metrics%5B0%5D%5Bname%5D=totalUsers&startDate=2025-05-24&endDate=2025-06-20&compareStartDate=2025-04-26&compareEndDate=2025-05-23&_locale=user HTTP/2.0" 200 325 "https://starmakerwm.com/wp-admin/admin.php?page=googlesitekit-dashboard" "Mozilla/5.0 (Windows NT 10.0; Win64; x64) AppleWebKit/537.36 (KHTML, like Gecko) Chrome/137.0.0.0 Safari/537.36"
192.119.164.179 - - [21/Jun/2025:08:48:32 +0500] "GET /wp-json/google-site-kit/v1/modules/analytics-4/data/report?metrics%5B0%5D%5Bname%5D=totalUsers&dimensions%5B0%5D%5Bname%5D=date&startDate=2025-05-24&endDate=2025-06-20&orderby%5B0%5D%5Bdimension%5D%5BdimensionName%5D=date&_locale=user HTTP/2.0" 200 853 "https://starmakerwm.com/wp-admin/admin.php?page=googlesitekit-dashboard" "Mozilla/5.0 (Windows NT 10.0; Win64; x64) AppleWebKit/537.36 (KHTML, like Gecko) Chrome/137.0.0.0 Safari/537.36"
192.119.164.179 - - [21/Jun/2025:08:48:39 +0500] "GET /wp-json/google-site-kit/v1/modules/analytics-4/data/report?metrics%5B0%5D%5Bname%5D=totalUsers&dimensions%5B0%5D%5Bname%5D=date&startDate=2025-05-24&endDate=2025-06-20&compareStartDate=2025-04-26&compareEndDate=2025-05-23&dimensionFilters%5BsessionDefaultChannelGrouping%5D%5B0%5D=Organic%20Search&orderby%5B0%5D%5Bdimension%5D%5BdimensionName%5D=date&_locale=user HTTP/2.0" 200 1119 "https://starmakerwm.com/wp-admin/admin.php?page=googlesitekit-dashboard" "Mozilla/5.0 (Windows NT 10.0; Win64; x64) AppleWebKit/537.36 (KHTML, like Gecko) Chrome/137.0.0.0 Safari/537.36"
176.9.65.136 - - [21/Jun/2025:08:49:02 +0500] "POST /wp-cron.php?doing_wp_cron=1750477742.0956499576568603515625 HTTP/1.1" 200 3488 "-" "WordPress/6.8.1; https://starmakerwm.com"
192.119.164.179 - - [21/Jun/2025:08:49:01 +0500] "POST /wp-admin/admin-ajax.php HTTP/2.0" 200 395 "https://starmakerwm.com/wp-admin/admin.php?page=googlesitekit-dashboard" "Mozilla/5.0 (Windows NT 10.0; Win64; x64) AppleWebKit/537.36 (KHTML, like Gecko) Chrome/137.0.0.0 Safari/537.36"
192.119.164.179 - - [21/Jun/2025:08:49:29 +0500] "GET /wp-json/google-site-kit/v1/?_locale=user HTTP/2.0" 500 84 "https://starmakerwm.com/wp-admin/admin.php?page=googlesitekit-dashboard" "Mozilla/5.0 (Windows NT 10.0; Win64; x64) AppleWebKit/537.36 (KHTML, like Gecko) Chrome/137.0.0.0 Safari/537.36"
66.29.137.129 - - [21/Jun/2025:08:49:32 +0500] "POST /xmlrpc.php HTTP/2.0" 200 343 "https://starmakerwm.com" "Mozilla/5.0 (Macintosh; Intel Mac OS X 10_15_7) AppleWebKit/537.36 (KHTML, like Gecko) Chrome/126.0.0.0 Safari/537.36"
176.9.65.136 - - [21/Jun/2025:08:51:02 +0500] "POST /wp-cron.php?doing_wp_cron=1750477862.8436889648437500000000 HTTP/1.1" 200 3487 "-" "WordPress/6.8.1; https://starmakerwm.com"
192.119.164.179 - - [21/Jun/2025:08:51:01 +0500] "POST /wp-admin/admin-ajax.php HTTP/2.0" 200 395 "https://starmakerwm.com/wp-admin/admin.php?page=googlesitekit-dashboard" "Mozilla/5.0 (Windows NT 10.0; Win64; x64) AppleWebKit/537.36 (KHTML, like Gecko) Chrome/137.0.0.0 Safari/537.36"
192.119.164.179 - - [21/Jun/2025:08:51:21 +0500] "GET /wp-admin/plugins.php HTTP/2.0" 200 66771 "https://starmakerwm.com/wp-admin/admin.php?page=googlesitekit-dashboard" "Mozilla/5.0 (Windows NT 10.0; Win64; x64) AppleWebKit/537.36 (KHTML, like Gecko) Chrome/137.0.0.0 Safari/537.36"
192.119.164.179 - - [21/Jun/2025:08:51:30 +0500] "GET /wp-content/plugins/elementor/assets/lib/eicons/fonts/eicons.woff2?5.41.0 HTTP/2.0" 304 118 "https://starmakerwm.com/wp-content/plugins/elementor/assets/lib/eicons/css/elementor-icons.min.css?ver=5.40.0" "Mozilla/5.0 (Windows NT 10.0; Win64; x64) AppleWebKit/537.36 (KHTML, like Gecko) Chrome/137.0.0.0 Safari/537.36"
192.119.164.179 - - [21/Jun/2025:08:51:31 +0500] "GET /wp-content/plugins/woocommerce/assets/client/admin/admin-layout/index.js?ver=092d36684bd43b3c307d HTTP/2.0" 200 1194 "https://starmakerwm.com/wp-admin/plugins.php" "Mozilla/5.0 (Windows NT 10.0; Win64; x64) AppleWebKit/537.36 (KHTML, like Gecko) Chrome/137.0.0.0 Safari/537.36"
192.119.164.179 - - [21/Jun/2025:08:51:31 +0500] "GET /wp-content/plugins/woocommerce/assets/client/admin/csv-export/index.js?ver=566af0e2bd0969360ba3 HTTP/2.0" 200 2259 "https://starmakerwm.com/wp-admin/plugins.php" "Mozilla/5.0 (Windows NT 10.0; Win64; x64) AppleWebKit/537.36 (KHTML, like Gecko) Chrome/137.0.0.0 Safari/537.36"
192.119.164.179 - - [21/Jun/2025:08:51:31 +0500] "GET /wp-content/plugins/woocommerce/assets/client/admin/explat/index.js?ver=d65bd85b5bebd517b6ab HTTP/2.0" 200 14844 "https://starmakerwm.com/wp-admin/plugins.php" "Mozilla/5.0 (Windows NT 10.0; Win64; x64) AppleWebKit/537.36 (KHTML, like Gecko) Chrome/137.0.0.0 Safari/537.36"
192.119.164.179 - - [21/Jun/2025:08:51:31 +0500] "GET /wp-content/plugins/woocommerce/assets/client/admin/remote-logging/index.js?ver=ce414084e6b119013259 HTTP/2.0" 200 8328 "https://starmakerwm.com/wp-admin/plugins.php" "Mozilla/5.0 (Windows NT 10.0; Win64; x64) AppleWebKit/537.36 (KHTML, like Gecko) Chrome/137.0.0.0 Safari/537.36"
192.119.164.179 - - [21/Jun/2025:08:51:31 +0500] "GET /wp-content/plugins/woocommerce/assets/client/admin/notices/index.js?ver=89484f9388cf6ea2d413 HTTP/2.0" 200 857 "https://starmakerwm.com/wp-admin/plugins.php" "Mozilla/5.0 (Windows NT 10.0; Win64; x64) AppleWebKit/537.36 (KHTML, like Gecko) Chrome/137.0.0.0 Safari/537.36"
192.119.164.179 - - [21/Jun/2025:08:51:31 +0500] "GET /wp-includes/js/dist/router.min.js?ver=e41607ae499191e0cb49 HTTP/2.0" 200 5511 "https://starmakerwm.com/wp-admin/plugins.php" "Mozilla/5.0 (Windows NT 10.0; Win64; x64) AppleWebKit/537.36 (KHTML, like Gecko) Chrome/137.0.0.0 Safari/537.36"
192.119.164.179 - - [21/Jun/2025:08:51:31 +0500] "GET /wp-content/plugins/woocommerce/assets/client/admin/wp-admin-scripts/woo-plugin-update-connect-notice.js?ver=b543742f543c862eb81e HTTP/2.0" 200 470 "https://starmakerwm.com/wp-admin/plugins.php" "Mozilla/5.0 (Windows NT 10.0; Win64; x64) AppleWebKit/537.36 (KHTML, like Gecko) Chrome/137.0.0.0 Safari/537.36"
192.119.164.179 - - [21/Jun/2025:08:51:31 +0500] "GET /wp-content/plugins/woocommerce/assets/client/admin/app/index.js?ver=64467b9fe6bfde7d9061 HTTP/2.0" 200 79892 "https://starmakerwm.com/wp-admin/plugins.php" "Mozilla/5.0 (Windows NT 10.0; Win64; x64) AppleWebKit/537.36 (KHTML, like Gecko) Chrome/137.0.0.0 Safari/537.36"
192.119.164.179 - - [21/Jun/2025:08:51:32 +0500] "GET /wp-content/plugins/woocommerce/assets/client/admin/wp-admin-scripts/woo-enable-autorenew.js?ver=9464d8a999bb0fc57953 HTTP/2.0" 200 480 "https://starmakerwm.com/wp-admin/plugins.php" "Mozilla/5.0 (Windows NT 10.0; Win64; x64) AppleWebKit/537.36 (KHTML, like Gecko) Chrome/137.0.0.0 Safari/537.36"
192.119.164.179 - - [21/Jun/2025:08:51:32 +0500] "GET /wp-content/plugins/woocommerce/assets/client/admin/wp-admin-scripts/woo-renew-subscription.js?ver=cfef7e65d3a3ba53ffe0 HTTP/2.0" 200 437 "https://starmakerwm.com/wp-admin/plugins.php" "Mozilla/5.0 (Windows NT 10.0; Win64; x64) AppleWebKit/537.36 (KHTML, like Gecko) Chrome/137.0.0.0 Safari/537.36"
192.119.164.179 - - [21/Jun/2025:08:51:32 +0500] "GET /wp-content/plugins/elementor/assets/js/admin-feedback.min.js?ver=3.29.2 HTTP/2.0" 200 944 "https://starmakerwm.com/wp-admin/plugins.php" "Mozilla/5.0 (Windows NT 10.0; Win64; x64) AppleWebKit/537.36 (KHTML, like Gecko) Chrome/137.0.0.0 Safari/537.36"
176.9.65.136 - - [21/Jun/2025:08:52:05 +0500] "POST /wp-cron.php?doing_wp_cron=1750477925.8650600910186767578125 HTTP/1.1" 200 3487 "-" "WordPress/6.8.1; https://starmakerwm.com"
165.22.218.230 - - [21/Jun/2025:08:52:04 +0500] "POST /xmlrpc.php HTTP/2.0" 200 342 "https://starmakerwm.com" "Mozilla/5.0 (Macintosh; Intel Mac OS X 10_15_7; rv:129.0) Gecko/20100101 Firefox/129.0"
192.119.164.179 - - [21/Jun/2025:08:52:33 +0500] "POST /wp-admin/admin-ajax.php HTTP/2.0" 200 395 "https://starmakerwm.com/wp-admin/plugins.php" "Mozilla/5.0 (Windows NT 10.0; Win64; x64) AppleWebKit/537.36 (KHTML, like Gecko) Chrome/137.0.0.0 Safari/537.36"
176.9.65.136 - - [21/Jun/2025:08:53:12 +0500] "POST /wp-cron.php?doing_wp_cron=1750477992.1625409126281738281250 HTTP/1.1" 200 289 "-" "WordPress/6.8.1; https://starmakerwm.com"
74.125.215.233 - - [21/Jun/2025:08:53:10 +0500] "GET / HTTP/1.1" 200 823 "-" "Google-Display-Ads-Bot"
192.119.164.179 - - [21/Jun/2025:08:53:17 +0500] "GET /wp-admin/plugin-install.php HTTP/2.0" 200 30581 "https://starmakerwm.com/wp-admin/plugins.php" "Mozilla/5.0 (Windows NT 10.0; Win64; x64) AppleWebKit/537.36 (KHTML, like Gecko) Chrome/137.0.0.0 Safari/537.36"
192.119.164.179 - - [21/Jun/2025:08:53:19 +0500] "GET /wp-content/plugins/amp/assets/css/amp-admin.css?ver=2.5.5 HTTP/2.0" 200 654 "https://starmakerwm.com/wp-admin/plugin-install.php" "Mozilla/5.0 (Windows NT 10.0; Win64; x64) AppleWebKit/537.36 (KHTML, like Gecko) Chrome/137.0.0.0 Safari/537.36"
192.119.164.179 - - [21/Jun/2025:08:53:21 +0500] "GET /wp-content/plugins/amp/assets/js/amp-plugin-install.js?ver=f6967cdb6ff8055f7af9 HTTP/2.0" 200 934 "https://starmakerwm.com/wp-admin/plugin-install.php" "Mozilla/5.0 (Windows NT 10.0; Win64; x64) AppleWebKit/537.36 (KHTML, like Gecko) Chrome/137.0.0.0 Safari/537.36"
192.119.164.179 - - [21/Jun/2025:08:53:26 +0500] "GET /wp-content/plugins/elementor/assets/lib/eicons/fonts/eicons.woff2?5.41.0 HTTP/2.0" 304 118 "https://starmakerwm.com/wp-content/plugins/elementor/assets/lib/eicons/css/elementor-icons.min.css?ver=5.40.0" "Mozilla/5.0 (Windows NT 10.0; Win64; x64) AppleWebKit/537.36 (KHTML, like Gecko) Chrome/137.0.0.0 Safari/537.36"
192.119.164.179 - - [21/Jun/2025:08:53:26 +0500] "GET /wp-content/plugins/amp/assets/images/amp-logo-icon.svg HTTP/2.0" 200 343 "https://starmakerwm.com/wp-content/plugins/amp/assets/css/amp-admin.css?ver=2.5.5" "Mozilla/5.0 (Windows NT 10.0; Win64; x64) AppleWebKit/537.36 (KHTML, like Gecko) Chrome/137.0.0.0 Safari/537.36"
192.119.164.179 - - [21/Jun/2025:08:53:39 +0500] "POST /wp-admin/admin-ajax.php HTTP/2.0" 200 9613 "https://starmakerwm.com/wp-admin/plugin-install.php?s=health%2520check&tab=search&type=term" "Mozilla/5.0 (Windows NT 10.0; Win64; x64) AppleWebKit/537.36 (KHTML, like Gecko) Chrome/137.0.0.0 Safari/537.36"
176.9.65.136 - - [21/Jun/2025:08:53:50 +0500] "POST /wp-cron.php?doing_wp_cron=1750478030.1031200885772705078125 HTTP/1.1" 200 3486 "-" "WordPress/6.8.1; https://starmakerwm.com"
192.119.164.179 - - [21/Jun/2025:08:53:48 +0500] "POST /wp-admin/admin-ajax.php HTTP/2.0" 200 528 "https://starmakerwm.com/wp-admin/plugin-install.php?s=health%2520check&tab=search&type=term" "Mozilla/5.0 (Windows NT 10.0; Win64; x64) AppleWebKit/537.36 (KHTML, like Gecko) Chrome/137.0.0.0 Safari/537.36"
192.119.164.179 - - [21/Jun/2025:08:54:09 +0500] "POST /wp-admin/admin-ajax.php HTTP/2.0" 200 282 "https://starmakerwm.com/wp-admin/plugin-install.php?s=health%2520check&tab=search&type=term" "Mozilla/5.0 (Windows NT 10.0; Win64; x64) AppleWebKit/537.36 (KHTML, like Gecko) Chrome/137.0.0.0 Safari/537.36"
192.119.164.179 - - [21/Jun/2025:08:54:13 +0500] "GET /wp-admin/plugins.php?_wpnonce=6aafb6583b&action=activate&plugin=health-check/health-check.php HTTP/2.0" 302 293 "https://starmakerwm.com/wp-admin/plugin-install.php?s=health%2520check&tab=search&type=term" "Mozilla/5.0 (Windows NT 10.0; Win64; x64) AppleWebKit/537.36 (KHTML, like Gecko) Chrome/137.0.0.0 Safari/537.36"
192.119.164.179 - - [21/Jun/2025:08:54:16 +0500] "GET /wp-admin/plugins.php?activate=true&plugin_status=all&paged=1&s= HTTP/2.0" 200 77095 "https://starmakerwm.com/wp-admin/plugin-install.php?s=health%2520check&tab=search&type=term" "Mozilla/5.0 (Windows NT 10.0; Win64; x64) AppleWebKit/537.36 (KHTML, like Gecko) Chrome/137.0.0.0 Safari/537.36"
192.119.164.179 - - [21/Jun/2025:08:54:18 +0500] "GET /wp-content/plugins/amp/assets/css/amp-site-scan-notice.css?ver=2.5.5 HTTP/2.0" 200 981 "https://starmakerwm.com/wp-admin/plugins.php?activate=true&plugin_status=all&paged=1&s=" "Mozilla/5.0 (Windows NT 10.0; Win64; x64) AppleWebKit/537.36 (KHTML, like Gecko) Chrome/137.0.0.0 Safari/537.36"
192.119.164.179 - - [21/Jun/2025:08:54:18 +0500] "GET /wp-admin/load-styles.php?c=0&dir=ltr&load%5Bchunk_0%5D=dashicons,admin-bar,common,forms,admin-menu,dashboard,list-tables,edit,revisions,media,themes,about,nav-menus,wp-pointer,widgets&load%5Bchunk_1%5D=,site-icon,l10n,buttons,wp-auth-check,wp-jquery-ui-dialog,wp-components&ver=6.8.1 HTTP/2.0" 200 114743 "https://starmakerwm.com/wp-admin/plugins.php?activate=true&plugin_status=all&paged=1&s=" "Mozilla/5.0 (Windows NT 10.0; Win64; x64) AppleWebKit/537.36 (KHTML, like Gecko) Chrome/137.0.0.0 Safari/537.36"
192.119.164.179 - - [21/Jun/2025:08:54:21 +0500] "GET /wp-content/plugins/elementor/assets/lib/eicons/fonts/eicons.woff2?5.41.0 HTTP/2.0" 304 118 "https://starmakerwm.com/wp-content/plugins/elementor/assets/lib/eicons/css/elementor-icons.min.css?ver=5.40.0" "Mozilla/5.0 (Windows NT 10.0; Win64; x64) AppleWebKit/537.36 (KHTML, like Gecko) Chrome/137.0.0.0 Safari/537.36"
192.119.164.179 - - [21/Jun/2025:08:54:21 +0500] "GET /wp-content/plugins/amp/assets/js/amp-site-scan-notice.js?ver=a9e4f179a95da6a5d9d2 HTTP/2.0" 200 6148 "https://starmakerwm.com/wp-admin/plugins.php?activate=true&plugin_status=all&paged=1&s=" "Mozilla/5.0 (Windows NT 10.0; Win64; x64) AppleWebKit/537.36 (KHTML, like Gecko) Chrome/137.0.0.0 Safari/537.36"
192.119.164.179 - - [21/Jun/2025:08:54:26 +0500] "GET /moral-stories-for-eveyone/?amp=1&amp_validate%5Bcache%5D=true&amp_validate%5Bcache_bust%5D=0.3556165508408947&amp_validate%5Bnonce%5D=210740d6933f79ac6f8605294b45a0bc&amp_validate%5Bomit_stylesheets%5D=true HTTP/2.0" 201 9531 "https://starmakerwm.com/wp-admin/plugins.php?plugin_status=all&paged=1&s" "Mozilla/5.0 (Windows NT 10.0; Win64; x64) AppleWebKit/537.36 (KHTML, like Gecko) Chrome/137.0.0.0 Safari/537.36"
192.119.164.179 - - [21/Jun/2025:08:54:25 +0500] "GET /2025/04/25/my-new-apps/?amp=1&amp_validate%5Bcache%5D=true&amp_validate%5Bcache_bust%5D=0.9767691117611618&amp_validate%5Bnonce%5D=210740d6933f79ac6f8605294b45a0bc&amp_validate%5Bomit_stylesheets%5D=true HTTP/2.0" 201 56449 "https://starmakerwm.com/wp-admin/plugins.php?plugin_status=all&paged=1&s" "Mozilla/5.0 (Windows NT 10.0; Win64; x64) AppleWebKit/537.36 (KHTML, like Gecko) Chrome/137.0.0.0 Safari/537.36"
176.9.65.136 - - [21/Jun/2025:08:54:43 +0500] "POST /wp-cron.php?doing_wp_cron=1750478083.0226929187774658203125 HTTP/1.1" 200 3486 "-" "WordPress/6.8.1; https://starmakerwm.com"
80.94.97.38 - - [21/Jun/2025:08:54:40 +0500] "POST /xmlrpc.php HTTP/2.0" 200 343 "https://starmakerwm.com" "Mozilla/5.0 (Windows NT 10.0; Win64; x64; rv:126.0) Gecko/20100101 Firefox/126.0"
192.119.164.179 - - [21/Jun/2025:08:55:23 +0500] "POST /wp-admin/admin-ajax.php HTTP/2.0" 200 395 "https://starmakerwm.com/wp-admin/plugins.php?plugin_status=all&paged=1&s" "Mozilla/5.0 (Windows NT 10.0; Win64; x64) AppleWebKit/537.36 (KHTML, like Gecko) Chrome/137.0.0.0 Safari/537.36"
192.119.164.179 - - [21/Jun/2025:08:55:35 +0500] "GET /wp-admin/theme-install.php?browse=amp-compatible HTTP/2.0" 200 27091 "https://starmakerwm.com/wp-admin/plugins.php?plugin_status=all&paged=1&s" "Mozilla/5.0 (Windows NT 10.0; Win64; x64) AppleWebKit/537.36 (KHTML, like Gecko) Chrome/137.0.0.0 Safari/537.36"
192.119.164.179 - - [21/Jun/2025:08:55:38 +0500] "GET /wp-admin/js/theme.min.js?ver=6.8.1 HTTP/2.0" 200 7463 "https://starmakerwm.com/wp-admin/theme-install.php?browse=amp-compatible" "Mozilla/5.0 (Windows NT 10.0; Win64; x64) AppleWebKit/537.36 (KHTML, like Gecko) Chrome/137.0.0.0 Safari/537.36"
192.119.164.179 - - [21/Jun/2025:08:55:38 +0500] "GET /wp-content/plugins/amp/assets/js/amp-theme-install.js?ver=df30d8c7c56201af7313 HTTP/2.0" 200 1214 "https://starmakerwm.com/wp-admin/theme-install.php?browse=amp-compatible" "Mozilla/5.0 (Windows NT 10.0; Win64; x64) AppleWebKit/537.36 (KHTML, like Gecko) Chrome/137.0.0.0 Safari/537.36"
192.119.164.179 - - [21/Jun/2025:08:55:38 +0500] "GET /wp-content/plugins/elementor/assets/lib/eicons/fonts/eicons.woff2?5.41.0 HTTP/2.0" 304 80 "https://starmakerwm.com/wp-content/plugins/elementor/assets/lib/eicons/css/elementor-icons.min.css?ver=5.40.0" "Mozilla/5.0 (Windows NT 10.0; Win64; x64) AppleWebKit/537.36 (KHTML, like Gecko) Chrome/137.0.0.0 Safari/537.36"
192.119.164.179 - - [21/Jun/2025:08:55:39 +0500] "POST /wp-admin/admin-ajax.php HTTP/2.0" 200 14951 "https://starmakerwm.com/wp-admin/theme-install.php?browse=amp-compatible" "Mozilla/5.0 (Windows NT 10.0; Win64; x64) AppleWebKit/537.36 (KHTML, like Gecko) Chrome/137.0.0.0 Safari/537.36"
176.9.65.136 - - [21/Jun/2025:08:56:41 +0500] "POST /wp-cron.php?doing_wp_cron=1750478201.7081289291381835937500 HTTP/1.1" 200 3487 "-" "WordPress/6.8.1; https://starmakerwm.com"
192.119.164.179 - - [21/Jun/2025:08:56:39 +0500] "POST /wp-admin/admin-ajax.php HTTP/2.0" 200 395 "https://starmakerwm.com/wp-admin/theme-install.php?browse=amp-compatible" "Mozilla/5.0 (Windows NT 10.0; Win64; x64) AppleWebKit/537.36 (KHTML, like Gecko) Chrome/137.0.0.0 Safari/537.36"
192.119.164.179 - - [21/Jun/2025:08:56:53 +0500] "GET /wp-admin/plugins.php?plugin_status=all&paged=1&s HTTP/2.0" 200 67730 "https://starmakerwm.com/wp-admin/plugin-install.php?s=health%2520check&tab=search&type=term" "Mozilla/5.0 (Windows NT 10.0; Win64; x64) AppleWebKit/537.36 (KHTML, like Gecko) Chrome/137.0.0.0 Safari/537.36"
192.119.164.179 - - [21/Jun/2025:08:57:07 +0500] "GET /wp-admin/admin.php?page=wc-status HTTP/2.0" 200 64490 "https://starmakerwm.com/wp-admin/plugins.php?plugin_status=all&paged=1&s" "Mozilla/5.0 (Windows NT 10.0; Win64; x64) AppleWebKit/537.36 (KHTML, like Gecko) Chrome/137.0.0.0 Safari/537.36"
192.119.164.179 - - [21/Jun/2025:08:57:11 +0500] "GET /wp-content/plugins/woocommerce/assets/client/admin/components/style.css?ver=a06619a5bd7336fa9d10 HTTP/2.0" 200 19525 "https://starmakerwm.com/wp-admin/admin.php?page=wc-status" "Mozilla/5.0 (Windows NT 10.0; Win64; x64) AppleWebKit/537.36 (KHTML, like Gecko) Chrome/137.0.0.0 Safari/537.36"
192.119.164.179 - - [21/Jun/2025:08:57:11 +0500] "GET /wp-content/plugins/woocommerce/assets/client/admin/embed/style.css?ver=5a3af2505a9a0703aeee HTTP/2.0" 200 8592 "https://starmakerwm.com/wp-admin/admin.php?page=wc-status" "Mozilla/5.0 (Windows NT 10.0; Win64; x64) AppleWebKit/537.36 (KHTML, like Gecko) Chrome/137.0.0.0 Safari/537.36"
192.119.164.179 - - [21/Jun/2025:08:57:11 +0500] "GET /wp-content/plugins/woocommerce/assets/client/admin/embed/index.js?ver=01a5c7eec8ea65d33317 HTTP/2.0" 200 61182 "https://starmakerwm.com/wp-admin/admin.php?page=wc-status" "Mozilla/5.0 (Windows NT 10.0; Win64; x64) AppleWebKit/537.36 (KHTML, like Gecko) Chrome/137.0.0.0 Safari/537.36"
192.119.164.179 - - [21/Jun/2025:08:57:11 +0500] "GET /wp-admin/load-styles.php?c=0&dir=ltr&load%5Bchunk_0%5D=dashicons,admin-bar,common,forms,admin-menu,dashboard,list-tables,edit,revisions,media,themes,about,nav-menus,wp-pointer,widgets&load%5Bchunk_1%5D=,site-icon,l10n,buttons,wp-auth-check,wp-color-picker,wp-jquery-ui-dialog,wp-components&ver=6.8.1 HTTP/2.0" 200 115210 "https://starmakerwm.com/wp-admin/admin.php?page=wc-status" "Mozilla/5.0 (Windows NT 10.0; Win64; x64) AppleWebKit/537.36 (KHTML, like Gecko) Chrome/137.0.0.0 Safari/537.36"
192.119.164.179 - - [21/Jun/2025:08:57:11 +0500] "GET /wp-content/plugins/woocommerce/assets/js/jquery-blockui/jquery.blockUI.min.js?ver=2.70 HTTP/2.0" 200 3594 "https://starmakerwm.com/wp-admin/admin.php?page=wc-status" "Mozilla/5.0 (Windows NT 10.0; Win64; x64) AppleWebKit/537.36 (KHTML, like Gecko) Chrome/137.0.0.0 Safari/537.36"
192.119.164.179 - - [21/Jun/2025:08:57:11 +0500] "GET /wp-content/plugins/woocommerce/assets/js/admin/wc-clipboard.min.js?ver=9.9.4 HTTP/2.0" 200 258 "https://starmakerwm.com/wp-admin/admin.php?page=wc-status" "Mozilla/5.0 (Windows NT 10.0; Win64; x64) AppleWebKit/537.36 (KHTML, like Gecko) Chrome/137.0.0.0 Safari/537.36"
192.119.164.179 - - [21/Jun/2025:08:57:11 +0500] "GET /wp-content/plugins/woocommerce/assets/js/admin/woocommerce_admin.min.js?ver=9.9.4 HTTP/2.0" 200 3507 "https://starmakerwm.com/wp-admin/admin.php?page=wc-status" "Mozilla/5.0 (Windows NT 10.0; Win64; x64) AppleWebKit/537.36 (KHTML, like Gecko) Chrome/137.0.0.0 Safari/537.36"
192.119.164.179 - - [21/Jun/2025:08:57:11 +0500] "GET /wp-content/plugins/woocommerce/assets/client/admin/admin-layout/style.css?ver=6f8f9d67673f1cab456f HTTP/2.0" 200 247 "https://starmakerwm.com/wp-admin/admin.php?page=wc-status" "Mozilla/5.0 (Windows NT 10.0; Win64; x64) AppleWebKit/537.36 (KHTML, like Gecko) Chrome/137.0.0.0 Safari/537.36"
192.119.164.179 - - [21/Jun/2025:08:57:11 +0500] "GET /wp-content/plugins/woocommerce/assets/client/admin/experimental/style.css?ver=4b4284f1e832278df8ce HTTP/2.0" 200 2466 "https://starmakerwm.com/wp-admin/admin.php?page=wc-status" "Mozilla/5.0 (Windows NT 10.0; Win64; x64) AppleWebKit/537.36 (KHTML, like Gecko) Chrome/137.0.0.0 Safari/537.36"
192.119.164.179 - - [21/Jun/2025:08:57:11 +0500] "GET /wp-content/plugins/woocommerce/assets/client/admin/onboarding/style.css?ver=55f245b698fa1db3258c HTTP/2.0" 200 1707 "https://starmakerwm.com/wp-admin/admin.php?page=wc-status" "Mozilla/5.0 (Windows NT 10.0; Win64; x64) AppleWebKit/537.36 (KHTML, like Gecko) Chrome/137.0.0.0 Safari/537.36"
192.119.164.179 - - [21/Jun/2025:08:57:11 +0500] "GET /wp-content/plugins/woocommerce/assets/js/admin/wc-enhanced-select.min.js?ver=9.9.4 HTTP/2.0" 200 1598 "https://starmakerwm.com/wp-admin/admin.php?page=wc-status" "Mozilla/5.0 (Windows NT 10.0; Win64; x64) AppleWebKit/537.36 (KHTML, like Gecko) Chrome/137.0.0.0 Safari/537.36"
192.119.164.179 - - [21/Jun/2025:08:57:11 +0500] "GET /wp-content/plugins/woocommerce/assets/js/admin/system-status.min.js?ver=9.9.4 HTTP/2.0" 200 1358 "https://starmakerwm.com/wp-admin/admin.php?page=wc-status" "Mozilla/5.0 (Windows NT 10.0; Win64; x64) AppleWebKit/537.36 (KHTML, like Gecko) Chrome/137.0.0.0 Safari/537.36"
192.119.164.179 - - [21/Jun/2025:08:57:11 +0500] "GET /wp-content/plugins/woocommerce/assets/css/admin.css?ver=9.9.4 HTTP/2.0" 200 38243 "https://starmakerwm.com/wp-admin/admin.php?page=wc-status" "Mozilla/5.0 (Windows NT 10.0; Win64; x64) AppleWebKit/537.36 (KHTML, like Gecko) Chrome/137.0.0.0 Safari/537.36"
192.119.164.179 - - [21/Jun/2025:08:57:11 +0500] "GET /wp-content/plugins/woocommerce/assets/js/jquery-tiptip/jquery.tipTip.min.js?ver=9.9.4 HTTP/2.0" 200 1153 "https://starmakerwm.com/wp-admin/admin.php?page=wc-status" "Mozilla/5.0 (Windows NT 10.0; Win64; x64) AppleWebKit/537.36 (KHTML, like Gecko) Chrome/137.0.0.0 Safari/537.36"
192.119.164.179 - - [21/Jun/2025:08:57:11 +0500] "GET /wp-content/plugins/yith-woocommerce-compare/plugin-fw/assets/css/jquery-ui/jquery-ui.min.css?ver=1.11.4 HTTP/2.0" 200 7445 "https://starmakerwm.com/wp-admin/admin.php?page=wc-status" "Mozilla/5.0 (Windows NT 10.0; Win64; x64) AppleWebKit/537.36 (KHTML, like Gecko) Chrome/137.0.0.0 Safari/537.36"
192.119.164.179 - - [21/Jun/2025:08:57:11 +0500] "GET /wp-content/plugins/woocommerce/assets/js/selectWoo/selectWoo.full.min.js?ver=1.0.6 HTTP/2.0" 200 21923 "https://starmakerwm.com/wp-admin/admin.php?page=wc-status" "Mozilla/5.0 (Windows NT 10.0; Win64; x64) AppleWebKit/537.36 (KHTML, like Gecko) Chrome/137.0.0.0 Safari/537.36"
192.119.164.179 - - [21/Jun/2025:08:57:11 +0500] "GET /wp-admin/load-scripts.php?c=0&load%5Bchunk_0%5D=wp-hooks,jquery-core,jquery-migrate,utils,jquery-ui-core,jquery-ui-mouse,jquery-ui-sortable&ver=6.8.1 HTTP/2.0" 200 49846 "https://starmakerwm.com/wp-admin/admin.php?page=wc-status" "Mozilla/5.0 (Windows NT 10.0; Win64; x64) AppleWebKit/537.36 (KHTML, like Gecko) Chrome/137.0.0.0 Safari/537.36"
192.119.164.179 - - [21/Jun/2025:08:57:14 +0500] "GET /wp-content/plugins/elementor/assets/lib/eicons/fonts/eicons.woff2?5.41.0 HTTP/2.0" 304 118 "https://starmakerwm.com/wp-content/plugins/elementor/assets/lib/eicons/css/elementor-icons.min.css?ver=5.40.0" "Mozilla/5.0 (Windows NT 10.0; Win64; x64) AppleWebKit/537.36 (KHTML, like Gecko) Chrome/137.0.0.0 Safari/537.36"
192.119.164.179 - - [21/Jun/2025:08:57:14 +0500] "GET /wp-includes/js/jquery/jquery.ui.touch-punch.js?ver=0.2.2 HTTP/2.0" 200 712 "https://starmakerwm.com/wp-admin/admin.php?page=wc-status" "Mozilla/5.0 (Windows NT 10.0; Win64; x64) AppleWebKit/537.36 (KHTML, like Gecko) Chrome/137.0.0.0 Safari/537.36"
192.119.164.179 - - [21/Jun/2025:08:57:14 +0500] "GET /wp-content/plugins/woocommerce/assets/client/admin/wp-admin-scripts/wcsettings-deprecation.js?ver=152f4925a74629e40842 HTTP/2.0" 200 773 "https://starmakerwm.com/wp-admin/admin.php?page=wc-status" "Mozilla/5.0 (Windows NT 10.0; Win64; x64) AppleWebKit/537.36 (KHTML, like Gecko) Chrome/137.0.0.0 Safari/537.36"
192.119.164.179 - - [21/Jun/2025:08:57:14 +0500] "GET /wp-admin/js/iris.min.js?ver=1.1.1 HTTP/2.0" 200 8136 "https://starmakerwm.com/wp-admin/admin.php?page=wc-status" "Mozilla/5.0 (Windows NT 10.0; Win64; x64) AppleWebKit/537.36 (KHTML, like Gecko) Chrome/137.0.0.0 Safari/537.36"
192.119.164.179 - - [21/Jun/2025:08:57:15 +0500] "GET /wp-content/plugins/woocommerce/assets/client/admin/chunks/store-alerts.js?ver=e14a1b76936d2b76ae49 HTTP/2.0" 200 2660 "https://starmakerwm.com/wp-admin/admin.php?page=wc-status" "Mozilla/5.0 (Windows NT 10.0; Win64; x64) AppleWebKit/537.36 (KHTML, like Gecko) Chrome/137.0.0.0 Safari/537.36"
192.119.164.179 - - [21/Jun/2025:08:57:15 +0500] "GET /wp-content/plugins/woocommerce/assets/client/admin/chunks/1438.style.css?ver=1a0ef7160a89435a3a20 HTTP/2.0" 200 1281 "https://starmakerwm.com/wp-admin/admin.php?page=wc-status" "Mozilla/5.0 (Windows NT 10.0; Win64; x64) AppleWebKit/537.36 (KHTML, like Gecko) Chrome/137.0.0.0 Safari/537.36"
192.119.164.179 - - [21/Jun/2025:08:57:15 +0500] "GET /wp-content/plugins/woocommerce/assets/client/admin/chunks/3240.js?ver=e875968cbf383cfdb9fe HTTP/2.0" 200 8635 "https://starmakerwm.com/wp-admin/admin.php?page=wc-status" "Mozilla/5.0 (Windows NT 10.0; Win64; x64) AppleWebKit/537.36 (KHTML, like Gecko) Chrome/137.0.0.0 Safari/537.36"
192.119.164.179 - - [21/Jun/2025:08:57:15 +0500] "GET /wp-json/wc-admin/onboarding/tasks?_locale=user HTTP/2.0" 200 1744 "https://starmakerwm.com/wp-admin/admin.php?page=wc-status" "Mozilla/5.0 (Windows NT 10.0; Win64; x64) AppleWebKit/537.36 (KHTML, like Gecko) Chrome/137.0.0.0 Safari/537.36"
192.119.164.179 - - [21/Jun/2025:08:57:15 +0500] "GET /wp-json/wc-admin/options?options=woocommerce_ces_tracks_queue&_locale=user HTTP/2.0" 200 97 "https://starmakerwm.com/wp-admin/admin.php?page=wc-status" "Mozilla/5.0 (Windows NT 10.0; Win64; x64) AppleWebKit/537.36 (KHTML, like Gecko) Chrome/137.0.0.0 Safari/537.36"
192.119.164.179 - - [21/Jun/2025:08:57:18 +0500] "GET /wp-json/wc-admin/options?options=woocommerce_admin_transient_notices_queue%2Cwoocommerce_admin_install_timestamp&_locale=user HTTP/2.0" 200 517 "https://starmakerwm.com/wp-admin/admin.php?page=wc-status" "Mozilla/5.0 (Windows NT 10.0; Win64; x64) AppleWebKit/537.36 (KHTML, like Gecko) Chrome/137.0.0.0 Safari/537.36"
192.119.164.179 - - [21/Jun/2025:08:57:21 +0500] "GET /wp-json/wc-analytics/admin/notes?page=1&per_page=25&type=error%2Cupdate&status=unactioned&_locale=user HTTP/2.0" 200 95 "https://starmakerwm.com/wp-admin/admin.php?page=wc-status" "Mozilla/5.0 (Windows NT 10.0; Win64; x64) AppleWebKit/537.36 (KHTML, like Gecko) Chrome/137.0.0.0 Safari/537.36"
109.110.188.3 - - [21/Jun/2025:08:57:23 +0500] "POST /xmlrpc.php HTTP/2.0" 200 342 "https://starmakerwm.com" "Mozilla/5.0 (Macintosh; Intel Mac OS X 13.3; rv:126.0) Gecko/20100101 Firefox/126.0"
176.9.65.136 - - [21/Jun/2025:08:58:00 +0500] "POST /wp-cron.php?doing_wp_cron=1750478280.8384039402008056640625 HTTP/1.1" 200 3488 "-" "WordPress/6.8.1; https://starmakerwm.com"
192.119.164.179 - - [21/Jun/2025:08:57:59 +0500] "POST /wp-admin/admin-ajax.php HTTP/2.0" 200 395 "https://starmakerwm.com/wp-admin/plugins.php?plugin_status=all&paged=1&s" "Mozilla/5.0 (Windows NT 10.0; Win64; x64) AppleWebKit/537.36 (KHTML, like Gecko) Chrome/137.0.0.0 Safari/537.36"
66.249.70.172 - - [21/Jun/2025:08:58:13 +0500] "GET /shop/ HTTP/1.1" 301 3621 "-" "Mozilla/5.0 (Linux; Android 6.0.1; Nexus 5X Build/MMB29P) AppleWebKit/537.36 (KHTML, like Gecko) Chrome/137.0.7151.103 Mobile Safari/537.36 (compatible; Googlebot/2.1; +http://www.google.com/bot.html)"
66.249.70.172 - - [21/Jun/2025:08:58:15 +0500] "GET /shop-our-collections/ HTTP/1.1" 200 51585 "-" "Mozilla/5.0 (Linux; Android 6.0.1; Nexus 5X Build/MMB29P) AppleWebKit/537.36 (KHTML, like Gecko) Chrome/137.0.7151.103 Mobile Safari/537.36 (compatible; Googlebot/2.1; +http://www.google.com/bot.html)"
192.119.164.179 - - [21/Jun/2025:08:58:16 +0500] "POST /wp-admin/admin-ajax.php HTTP/2.0" 200 395 "https://starmakerwm.com/wp-admin/admin.php?page=wc-status" "Mozilla/5.0 (Windows NT 10.0; Win64; x64) AppleWebKit/537.36 (KHTML, like Gecko) Chrome/137.0.0.0 Safari/537.36"
66.249.70.171 - - [21/Jun/2025:08:58:19 +0500] "GET /shop-our-collections/?amp=1 HTTP/1.1" 200 19584 "-" "Mozilla/5.0 (Linux; Android 6.0.1; Nexus 5X Build/MMB29P) AppleWebKit/537.36 (KHTML, like Gecko) Chrome/137.0.7151.103 Mobile Safari/537.36 (compatible; Googlebot/2.1; +http://www.google.com/bot.html)"
176.9.65.136 - - [21/Jun/2025:08:59:19 +0500] "POST /wp-cron.php?doing_wp_cron=1750478359.3020229339599609375000 HTTP/1.1" 200 3487 "-" "WordPress/6.8.1; https://starmakerwm.com"
192.119.164.179 - - [21/Jun/2025:08:59:17 +0500] "POST /wp-admin/admin-ajax.php HTTP/2.0" 200 395 "https://starmakerwm.com/wp-admin/admin.php?page=wc-status" "Mozilla/5.0 (Windows NT 10.0; Win64; x64) AppleWebKit/537.36 (KHTML, like Gecko) Chrome/137.0.0.0 Safari/537.36"
176.9.65.136 - - [21/Jun/2025:08:59:19 +0500] "POST /wp-admin/admin-ajax.php?action=as_async_request_queue_runner&nonce=e42df69207 HTTP/1.1" 200 3641 "-" "WordPress/6.8.1; https://starmakerwm.com"
176.9.65.136 - - [21/Jun/2025:09:00:00 +0500] "POST /wp-cron.php?doing_wp_cron=1750478400.6897060871124267578125 HTTP/1.1" 200 3487 "-" "WordPress/6.8.1; https://starmakerwm.com"
192.119.164.179 - - [21/Jun/2025:08:59:59 +0500] "POST /wp-admin/admin-ajax.php HTTP/2.0" 200 395 "https://starmakerwm.com/wp-admin/plugins.php?plugin_status=all&paged=1&s" "Mozilla/5.0 (Windows NT 10.0; Win64; x64) AppleWebKit/537.36 (KHTML, like Gecko) Chrome/137.0.0.0 Safari/537.36"
46.8.78.132 - - [21/Jun/2025:09:00:08 +0500] "POST /xmlrpc.php HTTP/2.0" 200 342 "https://starmakerwm.com" "Mozilla/5.0 (Windows NT 10.0; Win64; x64) AppleWebKit/537.36 (KHTML, like Gecko) Chrome/126.0.0.0 Safari/537.36 Edg/126.0.0.0"
62.72.24.234 - - [21/Jun/2025:09:00:10 +0500] "POST /xmlrpc.php HTTP/1.1" 200 3010 "-" "Mozilla/5.0 (X11; Ubuntu; Linux x86_64; rv:85.0) Gecko/20100101 Firefox/91.0"
66.249.70.171 - - [21/Jun/2025:09:00:22 +0500] "GET /shop-our-collections/?amp=1 HTTP/1.1" 200 19581 "https://starmakerwm.com/shop-our-collections/" "Mozilla/5.0 (Linux; Android 6.0.1; Nexus 5X Build/MMB29P) AppleWebKit/537.36 (KHTML, like Gecko) Chrome/137.0.7151.68 Mobile Safari/537.36 (compatible; Googlebot/2.1; +http://www.google.com/bot.html)"
176.9.65.136 - - [21/Jun/2025:09:01:18 +0500] "POST /wp-cron.php?doing_wp_cron=1750478478.8299820423126220703125 HTTP/1.1" 200 3486 "-" "WordPress/6.8.1; https://starmakerwm.com"
192.119.164.179 - - [21/Jun/2025:09:01:17 +0500] "POST /wp-admin/admin-ajax.php HTTP/2.0" 200 393 "https://starmakerwm.com/wp-admin/admin.php?page=wc-status" "Mozilla/5.0 (Windows NT 10.0; Win64; x64) AppleWebKit/537.36 (KHTML, like Gecko) Chrome/137.0.0.0 Safari/537.36"
176.9.65.136 - - [21/Jun/2025:09:02:01 +0500] "POST /wp-cron.php?doing_wp_cron=1750478521.5852038860321044921875 HTTP/1.1" 200 3487 "-" "WordPress/6.8.1; https://starmakerwm.com"
192.119.164.179 - - [21/Jun/2025:09:02:00 +0500] "POST /wp-admin/admin-ajax.php HTTP/2.0" 200 395 "https://starmakerwm.com/wp-admin/plugins.php?plugin_status=all&paged=1&s" "Mozilla/5.0 (Windows NT 10.0; Win64; x64) AppleWebKit/537.36 (KHTML, like Gecko) Chrome/137.0.0.0 Safari/537.36"
192.119.164.179 - - [21/Jun/2025:09:02:29 +0500] "GET /wp-admin/admin.php?page=wc-admin HTTP/2.0" 200 90569 "https://starmakerwm.com/wp-admin/plugins.php?plugin_status=all&paged=1&s" "Mozilla/5.0 (Windows NT 10.0; Win64; x64) AppleWebKit/537.36 (KHTML, like Gecko) Chrome/137.0.0.0 Safari/537.36"
192.119.164.179 - - [21/Jun/2025:09:02:31 +0500] "GET /wp-content/plugins/woocommerce/assets/client/admin/app/style.css?ver=77b70e4f8a207d51b2ea HTTP/2.0" 200 9145 "https://starmakerwm.com/wp-admin/admin.php?page=wc-admin" "Mozilla/5.0 (Windows NT 10.0; Win64; x64) AppleWebKit/537.36 (KHTML, like Gecko) Chrome/137.0.0.0 Safari/537.36"
192.119.164.179 - - [21/Jun/2025:09:02:31 +0500] "GET /wp-content/plugins/google-listings-and-ads/js/build/index.css?ver=1750176974 HTTP/2.0" 200 627 "https://starmakerwm.com/wp-admin/admin.php?page=wc-admin" "Mozilla/5.0 (Windows NT 10.0; Win64; x64) AppleWebKit/537.36 (KHTML, like Gecko) Chrome/137.0.0.0 Safari/537.36"
192.119.164.179 - - [21/Jun/2025:09:02:31 +0500] "GET /wp-content/plugins/google-listings-and-ads/js/build/blocks.css?ver=1750176974 HTTP/2.0" 200 292 "https://starmakerwm.com/wp-admin/admin.php?page=wc-admin" "Mozilla/5.0 (Windows NT 10.0; Win64; x64) AppleWebKit/537.36 (KHTML, like Gecko) Chrome/137.0.0.0 Safari/537.36"
192.119.164.179 - - [21/Jun/2025:09:02:31 +0500] "GET /wp-admin/load-styles.php?c=0&dir=ltr&load%5Bchunk_0%5D=dashicons,admin-bar,common,forms,admin-menu,dashboard,list-tables,edit,revisions,media,themes,about,nav-menus,wp-pointer,widgets&load%5Bchunk_1%5D=,site-icon,l10n,buttons,wp-auth-check,media-views,wp-components,wp-jquery-ui-dialog&ver=6.8.1 HTTP/2.0" 200 122838 "https://starmakerwm.com/wp-admin/admin.php?page=wc-admin" "Mozilla/5.0 (Windows NT 10.0; Win64; x64) AppleWebKit/537.36 (KHTML, like Gecko) Chrome/137.0.0.0 Safari/537.36"
192.119.164.179 - - [21/Jun/2025:09:02:31 +0500] "GET /wp-admin/load-scripts.php?c=0&load%5Bchunk_0%5D=wp-hooks,jquery-core,jquery-migrate,utils,moxiejs,plupload&ver=6.8.1 HTTP/2.0" 200 68381 "https://starmakerwm.com/wp-admin/admin.php?page=wc-admin" "Mozilla/5.0 (Windows NT 10.0; Win64; x64) AppleWebKit/537.36 (KHTML, like Gecko) Chrome/137.0.0.0 Safari/537.36"
192.119.164.179 - - [21/Jun/2025:09:02:35 +0500] "GET /wp-content/plugins/google-listings-and-ads/js/build/index.js?ver=5a418066bfd38e873146 HTTP/2.0" 200 17271 "https://starmakerwm.com/wp-admin/admin.php?page=wc-admin" "Mozilla/5.0 (Windows NT 10.0; Win64; x64) AppleWebKit/537.36 (KHTML, like Gecko) Chrome/137.0.0.0 Safari/537.36"
192.119.164.179 - - [21/Jun/2025:09:02:35 +0500] "GET /wp-content/plugins/woocommerce/assets/client/admin/product-editor/index.js?ver=0169567f9ca849151f74 HTTP/2.0" 200 183051 "https://starmakerwm.com/wp-admin/admin.php?page=wc-admin" "Mozilla/5.0 (Windows NT 10.0; Win64; x64) AppleWebKit/537.36 (KHTML, like Gecko) Chrome/137.0.0.0 Safari/537.36"
192.119.164.179 - - [21/Jun/2025:09:02:35 +0500] "GET /wp-content/plugins/woocommerce/assets/client/admin/block-templates/index.js?ver=b3e63b3af3204f8c7929 HTTP/2.0" 200 42393 "https://starmakerwm.com/wp-admin/admin.php?page=wc-admin" "Mozilla/5.0 (Windows NT 10.0; Win64; x64) AppleWebKit/537.36 (KHTML, like Gecko) Chrome/137.0.0.0 Safari/537.36"
192.119.164.179 - - [21/Jun/2025:09:02:35 +0500] "GET /wp-content/plugins/google-listings-and-ads/js/build/blocks.js?ver=a375c9c5a10aa76a05a0 HTTP/2.0" 200 2098 "https://starmakerwm.com/wp-admin/admin.php?page=wc-admin" "Mozilla/5.0 (Windows NT 10.0; Win64; x64) AppleWebKit/537.36 (KHTML, like Gecko) Chrome/137.0.0.0 Safari/537.36"
192.119.164.179 - - [21/Jun/2025:09:02:36 +0500] "GET /wp-content/plugins/elementor/assets/lib/eicons/fonts/eicons.woff2?5.41.0 HTTP/2.0" 304 103 "https://starmakerwm.com/wp-content/plugins/elementor/assets/lib/eicons/css/elementor-icons.min.css?ver=5.40.0" "Mozilla/5.0 (Windows NT 10.0; Win64; x64) AppleWebKit/537.36 (KHTML, like Gecko) Chrome/137.0.0.0 Safari/537.36"
192.119.164.179 - - [21/Jun/2025:09:02:36 +0500] "GET /wp-content/plugins/woocommerce/assets/client/admin/chunks/8276.js?ver=119ad8582a9f1b379900 HTTP/2.0" 200 4169 "https://starmakerwm.com/wp-admin/admin.php?page=wc-admin" "Mozilla/5.0 (Windows NT 10.0; Win64; x64) AppleWebKit/537.36 (KHTML, like Gecko) Chrome/137.0.0.0 Safari/537.36"
192.119.164.179 - - [21/Jun/2025:09:02:36 +0500] "GET /wp-content/plugins/woocommerce/assets/client/admin/chunks/9719.js?ver=1d8b6a12ef3178de7990 HTTP/2.0" 200 536 "https://starmakerwm.com/wp-admin/admin.php?page=wc-admin" "Mozilla/5.0 (Windows NT 10.0; Win64; x64) AppleWebKit/537.36 (KHTML, like Gecko) Chrome/137.0.0.0 Safari/537.36"
192.119.164.179 - - [21/Jun/2025:09:02:36 +0500] "GET /wp-content/plugins/woocommerce/assets/client/admin/chunks/4317.style.css?ver=baabe1753a0027ffd2dd HTTP/2.0" 200 5429 "https://starmakerwm.com/wp-admin/admin.php?page=wc-admin" "Mozilla/5.0 (Windows NT 10.0; Win64; x64) AppleWebKit/537.36 (KHTML, like Gecko) Chrome/137.0.0.0 Safari/537.36"
192.119.164.179 - - [21/Jun/2025:09:02:36 +0500] "GET /wp-content/plugins/woocommerce/assets/client/admin/chunks/6672.js?ver=dd444674a97e89930c9b HTTP/2.0" 200 7937 "https://starmakerwm.com/wp-admin/admin.php?page=wc-admin" "Mozilla/5.0 (Windows NT 10.0; Win64; x64) AppleWebKit/537.36 (KHTML, like Gecko) Chrome/137.0.0.0 Safari/537.36"
192.119.164.179 - - [21/Jun/2025:09:02:36 +0500] "GET /wp-content/plugins/woocommerce/assets/client/admin/chunks/1494.style.css?ver=3004cec16954b6016635 HTTP/2.0" 200 10863 "https://starmakerwm.com/wp-admin/admin.php?page=wc-admin" "Mozilla/5.0 (Windows NT 10.0; Win64; x64) AppleWebKit/537.36 (KHTML, like Gecko) Chrome/137.0.0.0 Safari/537.36"
192.119.164.179 - - [21/Jun/2025:09:02:36 +0500] "GET /wp-content/plugins/woocommerce/assets/client/admin/chunks/9994.js?ver=2bfe57964e976d1cbdd2 HTTP/2.0" 200 50395 "https://starmakerwm.com/wp-admin/admin.php?page=wc-admin" "Mozilla/5.0 (Windows NT 10.0; Win64; x64) AppleWebKit/537.36 (KHTML, like Gecko) Chrome/137.0.0.0 Safari/537.36"
192.119.164.179 - - [21/Jun/2025:09:02:36 +0500] "GET /wp-json/wc-admin/plugins/active?_locale=user HTTP/2.0" 200 695 "https://starmakerwm.com/wp-admin/admin.php?page=wc-admin" "Mozilla/5.0 (Windows NT 10.0; Win64; x64) AppleWebKit/537.36 (KHTML, like Gecko) Chrome/137.0.0.0 Safari/537.36"
192.119.164.179 - - [21/Jun/2025:09:02:36 +0500] "GET /wp-json/wc-admin/plugins/installed?_locale=user HTTP/2.0" 200 408 "https://starmakerwm.com/wp-admin/admin.php?page=wc-admin" "Mozilla/5.0 (Windows NT 10.0; Win64; x64) AppleWebKit/537.36 (KHTML, like Gecko) Chrome/137.0.0.0 Safari/537.36"
192.119.164.179 - - [21/Jun/2025:09:02:36 +0500] "GET /wp-json/wc-admin/options?options=woocommerce_ces_tracks_queue&_locale=user HTTP/2.0" 200 93 "https://starmakerwm.com/wp-admin/admin.php?page=wc-admin" "Mozilla/5.0 (Windows NT 10.0; Win64; x64) AppleWebKit/537.36 (KHTML, like Gecko) Chrome/137.0.0.0 Safari/537.36"
192.119.164.179 - - [21/Jun/2025:09:02:36 +0500] "GET /wp-json/wc-admin/options?options=woocommerce_coming_soon%2Cwoocommerce_store_pages_only%2Cwoocommerce_private_link%2Cwoocommerce_share_key%2Cwoocommerce_admin_transient_notices_queue%2Cwoocommerce_admin_install_timestamp&_locale=user HTTP/2.0" 200 218 "https://starmakerwm.com/wp-admin/admin.php?page=wc-admin" "Mozilla/5.0 (Windows NT 10.0; Win64; x64) AppleWebKit/537.36 (KHTML, like Gecko) Chrome/137.0.0.0 Safari/537.36"
192.119.164.179 - - [21/Jun/2025:09:02:36 +0500] "GET /wp-json/jetpack/v4/connection?_locale=user HTTP/2.0" 500 18 "https://starmakerwm.com/wp-admin/admin.php?page=wc-admin" "Mozilla/5.0 (Windows NT 10.0; Win64; x64) AppleWebKit/537.36 (KHTML, like Gecko) Chrome/137.0.0.0 Safari/537.36"
