192.0.87.71 - - [21/Jun/2025:09:05:10 +0500] "POST /?rest_route=%2Fjetpack%2Fv4%2Fsync%2Fdata-histogram&_for=jetpack&token=cy%40M1SDz8jNH4BF4U1nTZ%28pt%25Yde%293%40p%3A1%3A0&timestamp=1750478709&nonce=rYott9raq0&body-hash=mitHW2SJLN0ibKN4QW0pCg6oIYs%3D&signature=lowidBPbQvvdwAwLbDB22dgfA9Y%3D HTTP/1.1" 200 5932 "https://starmakerwm.com/?rest_route=%2Fjetpack%2Fv4%2Fsync%2Fdata-histogram&_for=jetpack&token=cy%40M1SDz8jNH4BF4U1nTZ%28pt%25Yde%293%40p%3A1%3A0&timestamp=1750478709&nonce=rYott9raq0&body-hash=mitHW2SJLN0ibKN4QW0pCg6oIYs%3D&signature=lowidBPbQvvdwAwLbDB22dgfA9Y%3D" "Jetpack by WordPress.com"
192.0.87.71 - - [21/Jun/2025:09:05:11 +0500] "POST /?rest_route=%2Fjetpack%2Fv4%2Fsync%2Fdata-histogram&_for=jetpack&token=cy%40M1SDz8jNH4BF4U1nTZ%28pt%25Yde%293%40p%3A1%3A0&timestamp=1750478711&nonce=NMbPDMZbOB&body-hash=1bt99FfDg89Hy8%2BnDRQzGqjuGF8%3D&signature=%2B5OxmK6tW%2B%2FtnpKXd9hobCc7YGo%3D HTTP/1.1" 200 3919 "https://starmakerwm.com/?rest_route=%2Fjetpack%2Fv4%2Fsync%2Fdata-histogram&_for=jetpack&token=cy%40M1SDz8jNH4BF4U1nTZ%28pt%25Yde%293%40p%3A1%3A0&timestamp=1750478711&nonce=NMbPDMZbOB&body-hash=1bt99FfDg89Hy8%2BnDRQzGqjuGF8%3D&signature=%2B5OxmK6tW%2B%2FtnpKXd9hobCc7YGo%3D" "Jetpack by WordPress.com"
192.0.87.71 - - [21/Jun/2025:09:05:13 +0500] "POST /?rest_route=%2Fjetpack%2Fv4%2Fsync%2Fdata-histogram&_for=jetpack&token=cy%40M1SDz8jNH4BF4U1nTZ%28pt%25Yde%293%40p%3A1%3A0&timestamp=1750478713&nonce=KhYIUyArK7&body-hash=H0OmYIsK0KeMziQT%2BLmS2UCWWAc%3D&signature=2elLj5fXstTPNCAjhcpfpGtmYCw%3D HTTP/1.1" 200 6000 "https://starmakerwm.com/?rest_route=%2Fjetpack%2Fv4%2Fsync%2Fdata-histogram&_for=jetpack&token=cy%40M1SDz8jNH4BF4U1nTZ%28pt%25Yde%293%40p%3A1%3A0&timestamp=1750478713&nonce=KhYIUyArK7&body-hash=H0OmYIsK0KeMziQT%2BLmS2UCWWAc%3D&signature=2elLj5fXstTPNCAjhcpfpGtmYCw%3D" "Jetpack by WordPress.com"
192.0.87.71 - - [21/Jun/2025:09:05:15 +0500] "POST /?rest_route=%2Fjetpack%2Fv4%2Fsync%2Fobject&_for=jetpack&token=cy%40M1SDz8jNH4BF4U1nTZ%28pt%25Yde%293%40p%3A1%3A0&timestamp=1750478715&nonce=lVhiVxq3GP&body-hash=IP6UPcPwhHNRLiL6ZXGXffj5UwE%3D&signature=A23IcFevERQHf4p8n7wpCDWeII8%3D HTTP/1.1" 200 26188 "https://starmakerwm.com/?rest_route=%2Fjetpack%2Fv4%2Fsync%2Fobject&_for=jetpack&token=cy%40M1SDz8jNH4BF4U1nTZ%28pt%25Yde%293%40p%3A1%3A0&timestamp=1750478715&nonce=lVhiVxq3GP&body-hash=IP6UPcPwhHNRLiL6ZXGXffj5UwE%3D&signature=A23IcFevERQHf4p8n7wpCDWeII8%3D" "Jetpack by WordPress.com"
192.119.164.179 - - [21/Jun/2025:09:05:16 +0500] "POST /wp-json/wc-admin/onboarding/profile?_locale=user HTTP/2.0" 200 630 "https://starmakerwm.com/wp-admin/admin.php?page=wc-admin&path=%2Fsetup-wizard&step=business-info" "Mozilla/5.0 (Windows NT 10.0; Win64; x64) AppleWebKit/537.36 (KHTML, like Gecko) Chrome/137.0.0.0 Safari/537.36"
192.119.164.179 - - [21/Jun/2025:09:05:16 +0500] "POST /wp-json/wc-admin/onboarding/profile/progress/core-profiler/complete?_locale=user HTTP/2.0" 200 190 "https://starmakerwm.com/wp-admin/admin.php?page=wc-admin&path=%2Fsetup-wizard&step=business-info" "Mozilla/5.0 (Windows NT 10.0; Win64; x64) AppleWebKit/537.36 (KHTML, like Gecko) Chrome/137.0.0.0 Safari/537.36"
35.200.129.64 - - [21/Jun/2025:09:05:16 +0500] "POST /xmlrpc.php HTTP/2.0" 200 342 "https://starmakerwm.com" "Mozilla/5.0 (Windows NT 10.0; Win64; x64) AppleWebKit/537.36 (KHTML, like Gecko) Chrome/112.0.5615.138 Safari/537.36 Edg/112.0.1722.68"
192.0.87.71 - - [21/Jun/2025:09:05:17 +0500] "POST /?rest_route=%2Fjetpack%2Fv4%2Fsync%2Fdata-histogram&_for=jetpack&token=cy%40M1SDz8jNH4BF4U1nTZ%28pt%25Yde%293%40p%3A1%3A0&timestamp=1750478717&nonce=SVWerexiVf&body-hash=Sfv1rVWryLMD3IFy%2FvlXIT4ydbQ%3D&signature=s%2FBS8makZe5jLPiBrpSC5Jt6Py0%3D HTTP/1.1" 200 3919 "https://starmakerwm.com/?rest_route=%2Fjetpack%2Fv4%2Fsync%2Fdata-histogram&_for=jetpack&token=cy%40M1SDz8jNH4BF4U1nTZ%28pt%25Yde%293%40p%3A1%3A0&timestamp=1750478717&nonce=SVWerexiVf&body-hash=Sfv1rVWryLMD3IFy%2FvlXIT4ydbQ%3D&signature=s%2FBS8makZe5jLPiBrpSC5Jt6Py0%3D" "Jetpack by WordPress.com"
176.9.65.136 - - [21/Jun/2025:09:05:17 +0500] "GET /wp-json/jetpack/v4/sync/spawn-sync?time=1750478717&request_lock_id=1750478717.7906 HTTP/1.1" 200 3584 "-" "WordPress/6.8.1; https://starmakerwm.com"
192.119.164.179 - - [21/Jun/2025:09:05:19 +0500] "POST /wp-admin/admin-ajax.php HTTP/2.0" 200 184 "https://starmakerwm.com/wp-admin/admin.php?page=wc-status" "Mozilla/5.0 (Windows NT 10.0; Win64; x64) AppleWebKit/537.36 (KHTML, like Gecko) Chrome/137.0.0.0 Safari/537.36"
192.0.87.71 - - [21/Jun/2025:09:05:19 +0500] "POST /?rest_route=%2Fjetpack%2Fv4%2Fsync%2Fdata-histogram&_for=jetpack&token=cy%40M1SDz8jNH4BF4U1nTZ%28pt%25Yde%293%40p%3A1%3A0&timestamp=1750478719&nonce=TuV6Nqp7pH&body-hash=HRWP%2FS8lZrFeW7C5akWeXX2tWsI%3D&signature=ZccwMT%2BjvmR0phZtCvyixzmwclE%3D HTTP/1.1" 200 5385 "https://starmakerwm.com/?rest_route=%2Fjetpack%2Fv4%2Fsync%2Fdata-histogram&_for=jetpack&token=cy%40M1SDz8jNH4BF4U1nTZ%28pt%25Yde%293%40p%3A1%3A0&timestamp=1750478719&nonce=TuV6Nqp7pH&body-hash=HRWP%2FS8lZrFeW7C5akWeXX2tWsI%3D&signature=ZccwMT%2BjvmR0phZtCvyixzmwclE%3D" "Jetpack by WordPress.com"
192.0.87.71 - - [21/Jun/2025:09:05:21 +0500] "POST /?rest_route=%2Fjetpack%2Fv4%2Fsync%2Fdata-histogram&_for=jetpack&token=cy%40M1SDz8jNH4BF4U1nTZ%28pt%25Yde%293%40p%3A1%3A0&timestamp=1750478720&nonce=Ivjwi6XHn0&body-hash=lX6w6rpzgExeRuQwP7aJCRRHpTI%3D&signature=fgzItQyVpgrxgBZO%2B8PX59bzCZc%3D HTTP/1.1" 200 3919 "https://starmakerwm.com/?rest_route=%2Fjetpack%2Fv4%2Fsync%2Fdata-histogram&_for=jetpack&token=cy%40M1SDz8jNH4BF4U1nTZ%28pt%25Yde%293%40p%3A1%3A0&timestamp=1750478720&nonce=Ivjwi6XHn0&body-hash=lX6w6rpzgExeRuQwP7aJCRRHpTI%3D&signature=fgzItQyVpgrxgBZO%2B8PX59bzCZc%3D" "Jetpack by WordPress.com"
192.0.87.71 - - [21/Jun/2025:09:05:22 +0500] "POST /?rest_route=%2Fjetpack%2Fv4%2Fsync%2Fdata-histogram&_for=jetpack&token=cy%40M1SDz8jNH4BF4U1nTZ%28pt%25Yde%293%40p%3A1%3A0&timestamp=1750478722&nonce=3W5jDcxtED&body-hash=SiHKBta9D4QzxK63Asv%2BlBQDrng%3D&signature=ba%2Fa4DDn0E4lpvg12gGZ%2FJAHD1E%3D HTTP/1.1" 200 5133 "https://starmakerwm.com/?rest_route=%2Fjetpack%2Fv4%2Fsync%2Fdata-histogram&_for=jetpack&token=cy%40M1SDz8jNH4BF4U1nTZ%28pt%25Yde%293%40p%3A1%3A0&timestamp=1750478722&nonce=3W5jDcxtED&body-hash=SiHKBta9D4QzxK63Asv%2BlBQDrng%3D&signature=ba%2Fa4DDn0E4lpvg12gGZ%2FJAHD1E%3D" "Jetpack by WordPress.com"
192.119.164.179 - - [21/Jun/2025:09:05:23 +0500] "POST /wp-admin/admin-ajax.php HTTP/2.0" 200 395 "https://starmakerwm.com/wp-admin/admin.php?page=wc-admin&path=%2Fsetup-wizard&step=business-info" "Mozilla/5.0 (Windows NT 10.0; Win64; x64) AppleWebKit/537.36 (KHTML, like Gecko) Chrome/137.0.0.0 Safari/537.36"
192.0.87.71 - - [21/Jun/2025:09:05:24 +0500] "POST /?rest_route=%2Fjetpack%2Fv4%2Fsync%2Fobject&_for=jetpack&token=cy%40M1SDz8jNH4BF4U1nTZ%28pt%25Yde%293%40p%3A1%3A0&timestamp=1750478724&nonce=ChMsCm9oJJ&body-hash=PBH%2FLxjTAgQ8v2ZWR%2Fjc%2FKxOHRU%3D&signature=dbGm135YBle%2FDowZkNdjPn3VawE%3D HTTP/1.1" 200 19758 "https://starmakerwm.com/?rest_route=%2Fjetpack%2Fv4%2Fsync%2Fobject&_for=jetpack&token=cy%40M1SDz8jNH4BF4U1nTZ%28pt%25Yde%293%40p%3A1%3A0&timestamp=1750478724&nonce=ChMsCm9oJJ&body-hash=PBH%2FLxjTAgQ8v2ZWR%2Fjc%2FKxOHRU%3D&signature=dbGm135YBle%2FDowZkNdjPn3VawE%3D" "Jetpack by WordPress.com"
192.0.87.71 - - [21/Jun/2025:09:05:27 +0500] "POST /?rest_route=%2Fjetpack%2Fv4%2Fsync%2Fdata-histogram&_for=jetpack&token=cy%40M1SDz8jNH4BF4U1nTZ%28pt%25Yde%293%40p%3A1%3A0&timestamp=1750478726&nonce=LxUF6VykpT&body-hash=7yaaGzwwKR%2Bnw%2BzQgEkGIKbuE74%3D&signature=saTk8D6S3p0I2dlZwHt3h7Aoam8%3D HTTP/1.1" 200 3915 "https://starmakerwm.com/?rest_route=%2Fjetpack%2Fv4%2Fsync%2Fdata-histogram&_for=jetpack&token=cy%40M1SDz8jNH4BF4U1nTZ%28pt%25Yde%293%40p%3A1%3A0&timestamp=1750478726&nonce=LxUF6VykpT&body-hash=7yaaGzwwKR%2Bnw%2BzQgEkGIKbuE74%3D&signature=saTk8D6S3p0I2dlZwHt3h7Aoam8%3D" "Jetpack by WordPress.com"
192.0.87.71 - - [21/Jun/2025:09:05:29 +0500] "POST /?rest_route=%2Fjetpack%2Fv4%2Fsync%2Fdata-histogram&_for=jetpack&token=cy%40M1SDz8jNH4BF4U1nTZ%28pt%25Yde%293%40p%3A1%3A0&timestamp=1750478728&nonce=v0KgcPBGRU&body-hash=ynELhKXjxA8TqZpdcVAcLU0%2Fs3o%3D&signature=TMfpDKrjk8rwJpS35MDzy0xkwBA%3D HTTP/1.1" 200 6012 "https://starmakerwm.com/?rest_route=%2Fjetpack%2Fv4%2Fsync%2Fdata-histogram&_for=jetpack&token=cy%40M1SDz8jNH4BF4U1nTZ%28pt%25Yde%293%40p%3A1%3A0&timestamp=1750478728&nonce=v0KgcPBGRU&body-hash=ynELhKXjxA8TqZpdcVAcLU0%2Fs3o%3D&signature=TMfpDKrjk8rwJpS35MDzy0xkwBA%3D" "Jetpack by WordPress.com"
192.0.87.71 - - [21/Jun/2025:09:05:31 +0500] "POST /?rest_route=%2Fjetpack%2Fv4%2Fsync%2Fobject&_for=jetpack&token=cy%40M1SDz8jNH4BF4U1nTZ%28pt%25Yde%293%40p%3A1%3A0&timestamp=1750478731&nonce=Ynx2z1YLX1&body-hash=%2B1fKry1fo%2FVoqSLduhlZ0%2B3twx4%3D&signature=v4on0BGJFtN3m7DDJCoykSqxLDk%3D HTTP/1.1" 200 18242 "https://starmakerwm.com/?rest_route=%2Fjetpack%2Fv4%2Fsync%2Fobject&_for=jetpack&token=cy%40M1SDz8jNH4BF4U1nTZ%28pt%25Yde%293%40p%3A1%3A0&timestamp=1750478731&nonce=Ynx2z1YLX1&body-hash=%2B1fKry1fo%2FVoqSLduhlZ0%2B3twx4%3D&signature=v4on0BGJFtN3m7DDJCoykSqxLDk%3D" "Jetpack by WordPress.com"
192.0.87.71 - - [21/Jun/2025:09:05:33 +0500] "POST /?rest_route=%2Fjetpack%2Fv4%2Fsync%2Fdata-histogram&_for=jetpack&token=cy%40M1SDz8jNH4BF4U1nTZ%28pt%25Yde%293%40p%3A1%3A0&timestamp=1750478733&nonce=tPGFlBFWkM&body-hash=YmaSBuacKlXI7Qjw4ngGCP3pDVw%3D&signature=1Fdyw4pVWJoD4vCV7BbFREBM4rw%3D HTTP/1.1" 200 3914 "https://starmakerwm.com/?rest_route=%2Fjetpack%2Fv4%2Fsync%2Fdata-histogram&_for=jetpack&token=cy%40M1SDz8jNH4BF4U1nTZ%28pt%25Yde%293%40p%3A1%3A0&timestamp=1750478733&nonce=tPGFlBFWkM&body-hash=YmaSBuacKlXI7Qjw4ngGCP3pDVw%3D&signature=1Fdyw4pVWJoD4vCV7BbFREBM4rw%3D" "Jetpack by WordPress.com"
192.0.87.71 - - [21/Jun/2025:09:05:35 +0500] "POST /?rest_route=%2Fjetpack%2Fv4%2Fsync%2Fdata-histogram&_for=jetpack&token=cy%40M1SDz8jNH4BF4U1nTZ%28pt%25Yde%293%40p%3A1%3A0&timestamp=1750478735&nonce=JD7DSqfa74&body-hash=LhlkqPm%2BKtXubFoPPq8N7bVaHc0%3D&signature=dQPjQHz5IMLiuqi3Zeuw84d%2BQ6k%3D HTTP/1.1" 200 4105 "https://starmakerwm.com/?rest_route=%2Fjetpack%2Fv4%2Fsync%2Fdata-histogram&_for=jetpack&token=cy%40M1SDz8jNH4BF4U1nTZ%28pt%25Yde%293%40p%3A1%3A0&timestamp=1750478735&nonce=JD7DSqfa74&body-hash=LhlkqPm%2BKtXubFoPPq8N7bVaHc0%3D&signature=dQPjQHz5IMLiuqi3Zeuw84d%2BQ6k%3D" "Jetpack by WordPress.com"
192.0.87.71 - - [21/Jun/2025:09:05:37 +0500] "POST /?rest_route=%2Fjetpack%2Fv4%2Fsync%2Fobject&_for=jetpack&token=cy%40M1SDz8jNH4BF4U1nTZ%28pt%25Yde%293%40p%3A1%3A0&timestamp=1750478737&nonce=WczQXmV73s&body-hash=Ve1FA0TQgKqD75uhH5Oq3SY%2FBx0%3D&signature=P5GcnMbry80kkxUUaF%2FGvMmehDo%3D HTTP/1.1" 200 6384 "https://starmakerwm.com/?rest_route=%2Fjetpack%2Fv4%2Fsync%2Fobject&_for=jetpack&token=cy%40M1SDz8jNH4BF4U1nTZ%28pt%25Yde%293%40p%3A1%3A0&timestamp=1750478737&nonce=WczQXmV73s&body-hash=Ve1FA0TQgKqD75uhH5Oq3SY%2FBx0%3D&signature=P5GcnMbry80kkxUUaF%2FGvMmehDo%3D" "Jetpack by WordPress.com"
192.0.87.71 - - [21/Jun/2025:09:05:39 +0500] "POST /?rest_route=%2Fjetpack%2Fv4%2Fsync%2Fdata-histogram&_for=jetpack&token=cy%40M1SDz8jNH4BF4U1nTZ%28pt%25Yde%293%40p%3A1%3A0&timestamp=1750478739&nonce=tI04dW0I6F&body-hash=EVN9rwmX4WWOTYGEdatlB55jcvo%3D&signature=ApKGhZVqJHqkXbGsi3MAcLPOj8Q%3D HTTP/1.1" 200 3917 "https://starmakerwm.com/?rest_route=%2Fjetpack%2Fv4%2Fsync%2Fdata-histogram&_for=jetpack&token=cy%40M1SDz8jNH4BF4U1nTZ%28pt%25Yde%293%40p%3A1%3A0&timestamp=1750478739&nonce=tI04dW0I6F&body-hash=EVN9rwmX4WWOTYGEdatlB55jcvo%3D&signature=ApKGhZVqJHqkXbGsi3MAcLPOj8Q%3D" "Jetpack by WordPress.com"
176.9.65.136 - - [21/Jun/2025:09:05:42 +0500] "POST /wp-cron.php?doing_wp_cron=1750478742.3409640789031982421875 HTTP/1.1" 200 3487 "-" "WordPress/6.8.1; https://starmakerwm.com"
192.0.87.71 - - [21/Jun/2025:09:05:41 +0500] "POST /?rest_route=%2Fjetpack%2Fv4%2Fsync%2Fdata-histogram&_for=jetpack&token=cy%40M1SDz8jNH4BF4U1nTZ%28pt%25Yde%293%40p%3A1%3A0&timestamp=1750478740&nonce=DRCTQp2Oq1&body-hash=fkC3MEiW%2B6D5p7WOkqlwP4ag0bI%3D&signature=fNI92jZcJbswGQWeAHeLsa58hJU%3D HTTP/1.1" 200 10894 "https://starmakerwm.com/?rest_route=%2Fjetpack%2Fv4%2Fsync%2Fdata-histogram&_for=jetpack&token=cy%40M1SDz8jNH4BF4U1nTZ%28pt%25Yde%293%40p%3A1%3A0&timestamp=1750478740&nonce=DRCTQp2Oq1&body-hash=fkC3MEiW%2B6D5p7WOkqlwP4ag0bI%3D&signature=fNI92jZcJbswGQWeAHeLsa58hJU%3D" "Jetpack by WordPress.com"
192.0.87.71 - - [21/Jun/2025:09:05:42 +0500] "POST /?rest_route=%2Fjetpack%2Fv4%2Fsync%2Fobject&_for=jetpack&token=cy%40M1SDz8jNH4BF4U1nTZ%28pt%25Yde%293%40p%3A1%3A0&timestamp=1750478742&nonce=BAnaQiqSTE&body-hash=snaAHEZo0yKFkYR2nG9zBY1izgs%3D&signature=KsvIX96UgMHqxwf7o5%2F3jGZ7ytQ%3D HTTP/1.1" 200 33009 "https://starmakerwm.com/?rest_route=%2Fjetpack%2Fv4%2Fsync%2Fobject&_for=jetpack&token=cy%40M1SDz8jNH4BF4U1nTZ%28pt%25Yde%293%40p%3A1%3A0&timestamp=1750478742&nonce=BAnaQiqSTE&body-hash=snaAHEZo0yKFkYR2nG9zBY1izgs%3D&signature=KsvIX96UgMHqxwf7o5%2F3jGZ7ytQ%3D" "Jetpack by WordPress.com"
192.0.87.71 - - [21/Jun/2025:09:05:45 +0500] "POST /?rest_route=%2Fjetpack%2Fv4%2Fsync%2Fobject&_for=jetpack&token=cy%40M1SDz8jNH4BF4U1nTZ%28pt%25Yde%293%40p%3A1%3A0&timestamp=1750478744&nonce=Wo9XkndWbN&body-hash=a%2BVhtEGoBK4KHQynpb4PNUfw%2BCs%3D&signature=9piZA1OG0revzVe9%2BXiH3LKAF54%3D HTTP/1.1" 200 32252 "https://starmakerwm.com/?rest_route=%2Fjetpack%2Fv4%2Fsync%2Fobject&_for=jetpack&token=cy%40M1SDz8jNH4BF4U1nTZ%28pt%25Yde%293%40p%3A1%3A0&timestamp=1750478744&nonce=Wo9XkndWbN&body-hash=a%2BVhtEGoBK4KHQynpb4PNUfw%2BCs%3D&signature=9piZA1OG0revzVe9%2BXiH3LKAF54%3D" "Jetpack by WordPress.com"
192.0.87.71 - - [21/Jun/2025:09:05:46 +0500] "POST /?rest_route=%2Fjetpack%2Fv4%2Fsync%2Fobject&_for=jetpack&token=cy%40M1SDz8jNH4BF4U1nTZ%28pt%25Yde%293%40p%3A1%3A0&timestamp=1750478746&nonce=Pa6miQdfk5&body-hash=W5EZjzQJ82aR9FH28FeOvLMK5fw%3D&signature=isCfOb3UgH59pLonVsPQKcPnE4U%3D HTTP/1.1" 200 43152 "https://starmakerwm.com/?rest_route=%2Fjetpack%2Fv4%2Fsync%2Fobject&_for=jetpack&token=cy%40M1SDz8jNH4BF4U1nTZ%28pt%25Yde%293%40p%3A1%3A0&timestamp=1750478746&nonce=Pa6miQdfk5&body-hash=W5EZjzQJ82aR9FH28FeOvLMK5fw%3D&signature=isCfOb3UgH59pLonVsPQKcPnE4U%3D" "Jetpack by WordPress.com"
192.0.87.71 - - [21/Jun/2025:09:05:49 +0500] "POST /?rest_route=%2Fjetpack%2Fv4%2Fsync%2Fdata-histogram&_for=jetpack&token=cy%40M1SDz8jNH4BF4U1nTZ%28pt%25Yde%293%40p%3A1%3A0&timestamp=1750478748&nonce=7pfFUyA9tO&body-hash=etHv18Zagh9Qtqc71U8FFZ5Kx%2Bk%3D&signature=avagcciv%2BXCE0v9%2FguGHnGoAe4I%3D HTTP/1.1" 200 3919 "https://starmakerwm.com/?rest_route=%2Fjetpack%2Fv4%2Fsync%2Fdata-histogram&_for=jetpack&token=cy%40M1SDz8jNH4BF4U1nTZ%28pt%25Yde%293%40p%3A1%3A0&timestamp=1750478748&nonce=7pfFUyA9tO&body-hash=etHv18Zagh9Qtqc71U8FFZ5Kx%2Bk%3D&signature=avagcciv%2BXCE0v9%2FguGHnGoAe4I%3D" "Jetpack by WordPress.com"
192.0.87.71 - - [21/Jun/2025:09:05:51 +0500] "POST /?rest_route=%2Fjetpack%2Fv4%2Fsync%2Fdata-histogram&_for=jetpack&token=cy%40M1SDz8jNH4BF4U1nTZ%28pt%25Yde%293%40p%3A1%3A0&timestamp=1750478750&nonce=CNkZhs7Yox&body-hash=TQuFEuE54Yst5LviX6ICKbIa2WA%3D&signature=UjO8HCLBMdQ78WDnKyB8YPXuPAs%3D HTTP/1.1" 200 4594 "https://starmakerwm.com/?rest_route=%2Fjetpack%2Fv4%2Fsync%2Fdata-histogram&_for=jetpack&token=cy%40M1SDz8jNH4BF4U1nTZ%28pt%25Yde%293%40p%3A1%3A0&timestamp=1750478750&nonce=CNkZhs7Yox&body-hash=TQuFEuE54Yst5LviX6ICKbIa2WA%3D&signature=UjO8HCLBMdQ78WDnKyB8YPXuPAs%3D" "Jetpack by WordPress.com"
192.0.87.71 - - [21/Jun/2025:09:05:52 +0500] "POST /?rest_route=%2Fjetpack%2Fv4%2Fsync%2Fobject&_for=jetpack&token=cy%40M1SDz8jNH4BF4U1nTZ%28pt%25Yde%293%40p%3A1%3A0&timestamp=1750478752&nonce=LLGHe0XCUM&body-hash=WP%2FzTLZu0ZllW6ZtsMYlBSEjxbU%3D&signature=%2FgzttWaIjSa1prMm%2FWlhrt9dDk0%3D HTTP/1.1" 200 19806 "https://starmakerwm.com/?rest_route=%2Fjetpack%2Fv4%2Fsync%2Fobject&_for=jetpack&token=cy%40M1SDz8jNH4BF4U1nTZ%28pt%25Yde%293%40p%3A1%3A0&timestamp=1750478752&nonce=LLGHe0XCUM&body-hash=WP%2FzTLZu0ZllW6ZtsMYlBSEjxbU%3D&signature=%2FgzttWaIjSa1prMm%2FWlhrt9dDk0%3D" "Jetpack by WordPress.com"
192.0.87.71 - - [21/Jun/2025:09:05:54 +0500] "POST /?rest_route=%2Fjetpack%2Fv4%2Fsync%2Fdata-histogram&_for=jetpack&token=cy%40M1SDz8jNH4BF4U1nTZ%28pt%25Yde%293%40p%3A1%3A0&timestamp=1750478754&nonce=pzzYXW9khd&body-hash=Elyea%2FjLFQXAojoUvKQN8QQvZJg%3D&signature=OFTKNhaWk%2FQe5J%2BHPCclV83EQVs%3D HTTP/1.1" 200 3916 "https://starmakerwm.com/?rest_route=%2Fjetpack%2Fv4%2Fsync%2Fdata-histogram&_for=jetpack&token=cy%40M1SDz8jNH4BF4U1nTZ%28pt%25Yde%293%40p%3A1%3A0&timestamp=1750478754&nonce=pzzYXW9khd&body-hash=Elyea%2FjLFQXAojoUvKQN8QQvZJg%3D&signature=OFTKNhaWk%2FQe5J%2BHPCclV83EQVs%3D" "Jetpack by WordPress.com"
192.0.87.71 - - [21/Jun/2025:09:05:56 +0500] "POST /?rest_route=%2Fjetpack%2Fv4%2Fsync%2Fdata-histogram&_for=jetpack&token=cy%40M1SDz8jNH4BF4U1nTZ%28pt%25Yde%293%40p%3A1%3A0&timestamp=1750478756&nonce=iq7FzKsk4A&body-hash=Nd5fKV8WS2BaOv%2BwTKKw%2FafyR2Y%3D&signature=i3c8xQ5%2BSoJhCwc%2Bxq5MxkNXlWw%3D HTTP/1.1" 200 10912 "https://starmakerwm.com/?rest_route=%2Fjetpack%2Fv4%2Fsync%2Fdata-histogram&_for=jetpack&token=cy%40M1SDz8jNH4BF4U1nTZ%28pt%25Yde%293%40p%3A1%3A0&timestamp=1750478756&nonce=iq7FzKsk4A&body-hash=Nd5fKV8WS2BaOv%2BwTKKw%2FafyR2Y%3D&signature=i3c8xQ5%2BSoJhCwc%2Bxq5MxkNXlWw%3D" "Jetpack by WordPress.com"
192.0.87.71 - - [21/Jun/2025:09:05:58 +0500] "POST /?rest_route=%2Fjetpack%2Fv4%2Fsync%2Fobject&_for=jetpack&token=cy%40M1SDz8jNH4BF4U1nTZ%28pt%25Yde%293%40p%3A1%3A0&timestamp=1750478758&nonce=eDoUu9Vkdy&body-hash=gWbttSyaD0247WwtqAezKV6DbmI%3D&signature=VhwxYXuL%2Bq0aTdnq9SQgKMP8fXo%3D HTTP/1.1" 200 23967 "https://starmakerwm.com/?rest_route=%2Fjetpack%2Fv4%2Fsync%2Fobject&_for=jetpack&token=cy%40M1SDz8jNH4BF4U1nTZ%28pt%25Yde%293%40p%3A1%3A0&timestamp=1750478758&nonce=eDoUu9Vkdy&body-hash=gWbttSyaD0247WwtqAezKV6DbmI%3D&signature=VhwxYXuL%2Bq0aTdnq9SQgKMP8fXo%3D" "Jetpack by WordPress.com"
192.0.87.71 - - [21/Jun/2025:09:06:00 +0500] "POST /?rest_route=%2Fjetpack%2Fv4%2Fsync%2Fobject&_for=jetpack&token=cy%40M1SDz8jNH4BF4U1nTZ%28pt%25Yde%293%40p%3A1%3A0&timestamp=1750478760&nonce=xq4mxgD5x7&body-hash=BEWYn8UMl5lM%2BOR7mMkgMxP1MK4%3D&signature=4h30xCP3XAigbbxcQWPnOiY2UTg%3D HTTP/1.1" 200 22048 "https://starmakerwm.com/?rest_route=%2Fjetpack%2Fv4%2Fsync%2Fobject&_for=jetpack&token=cy%40M1SDz8jNH4BF4U1nTZ%28pt%25Yde%293%40p%3A1%3A0&timestamp=1750478760&nonce=xq4mxgD5x7&body-hash=BEWYn8UMl5lM%2BOR7mMkgMxP1MK4%3D&signature=4h30xCP3XAigbbxcQWPnOiY2UTg%3D" "Jetpack by WordPress.com"
192.0.87.71 - - [21/Jun/2025:09:06:02 +0500] "POST /?rest_route=%2Fjetpack%2Fv4%2Fsync%2Fobject&_for=jetpack&token=cy%40M1SDz8jNH4BF4U1nTZ%28pt%25Yde%293%40p%3A1%3A0&timestamp=1750478762&nonce=AiIUMdc5z1&body-hash=69TYDI%2FEIQBLnRui33uUWnht%2BsE%3D&signature=fgf2ayeMXPxYMec8k2XqUjhsMBo%3D HTTP/1.1" 200 34369 "https://starmakerwm.com/?rest_route=%2Fjetpack%2Fv4%2Fsync%2Fobject&_for=jetpack&token=cy%40M1SDz8jNH4BF4U1nTZ%28pt%25Yde%293%40p%3A1%3A0&timestamp=1750478762&nonce=AiIUMdc5z1&body-hash=69TYDI%2FEIQBLnRui33uUWnht%2BsE%3D&signature=fgf2ayeMXPxYMec8k2XqUjhsMBo%3D" "Jetpack by WordPress.com"
192.0.87.71 - - [21/Jun/2025:09:06:05 +0500] "POST /?rest_route=%2Fjetpack%2Fv4%2Fsync%2Fdata-histogram&_for=jetpack&token=cy%40M1SDz8jNH4BF4U1nTZ%28pt%25Yde%293%40p%3A1%3A0&timestamp=1750478764&nonce=oKcbH06JOV&body-hash=iGEA3ylx%2F8cZYXYrL8Qjo84tteU%3D&signature=pE9ZvZjvn1BoXuiL1LySjxr1tDA%3D HTTP/1.1" 200 3909 "https://starmakerwm.com/?rest_route=%2Fjetpack%2Fv4%2Fsync%2Fdata-histogram&_for=jetpack&token=cy%40M1SDz8jNH4BF4U1nTZ%28pt%25Yde%293%40p%3A1%3A0&timestamp=1750478764&nonce=oKcbH06JOV&body-hash=iGEA3ylx%2F8cZYXYrL8Qjo84tteU%3D&signature=pE9ZvZjvn1BoXuiL1LySjxr1tDA%3D" "Jetpack by WordPress.com"
192.0.87.71 - - [21/Jun/2025:09:06:07 +0500] "POST /?rest_route=%2Fjetpack%2Fv4%2Fsync%2Fdata-histogram&_for=jetpack&token=cy%40M1SDz8jNH4BF4U1nTZ%28pt%25Yde%293%40p%3A1%3A0&timestamp=1750478767&nonce=gXfJoXfcoC&body-hash=aY12Jy6AgmUmXYKlxA5S%2Fvxeo3Q%3D&signature=ckOe3mYkTXSWIby%2FPQIlmer%2FWS4%3D HTTP/1.1" 200 3891 "https://starmakerwm.com/?rest_route=%2Fjetpack%2Fv4%2Fsync%2Fdata-histogram&_for=jetpack&token=cy%40M1SDz8jNH4BF4U1nTZ%28pt%25Yde%293%40p%3A1%3A0&timestamp=1750478767&nonce=gXfJoXfcoC&body-hash=aY12Jy6AgmUmXYKlxA5S%2Fvxeo3Q%3D&signature=ckOe3mYkTXSWIby%2FPQIlmer%2FWS4%3D" "Jetpack by WordPress.com"
192.0.87.71 - - [21/Jun/2025:09:06:09 +0500] "POST /?rest_route=%2Fjetpack%2Fv4%2Fsync%2Fobject&_for=jetpack&token=cy%40M1SDz8jNH4BF4U1nTZ%28pt%25Yde%293%40p%3A1%3A0&timestamp=1750478769&nonce=rVU0BUTUlL&body-hash=tZjEsIJl9%2FrziXzfL7Hh%2F1zp0Eo%3D&signature=MBAs%2FvI36H%2FW4qyVPfOzIh690JI%3D HTTP/1.1" 200 3991 "https://starmakerwm.com/?rest_route=%2Fjetpack%2Fv4%2Fsync%2Fobject&_for=jetpack&token=cy%40M1SDz8jNH4BF4U1nTZ%28pt%25Yde%293%40p%3A1%3A0&timestamp=1750478769&nonce=rVU0BUTUlL&body-hash=tZjEsIJl9%2FrziXzfL7Hh%2F1zp0Eo%3D&signature=MBAs%2FvI36H%2FW4qyVPfOzIh690JI%3D" "Jetpack by WordPress.com"
192.0.87.71 - - [21/Jun/2025:09:06:11 +0500] "POST /?rest_route=%2Fjetpack%2Fv4%2Fsync%2Fdata-histogram&_for=jetpack&token=cy%40M1SDz8jNH4BF4U1nTZ%28pt%25Yde%293%40p%3A1%3A0&timestamp=1750478771&nonce=YNvOYviPdL&body-hash=pd8lm%2F2DXrYwxTzMm6csR4uMXm4%3D&signature=cfSzeXR1PawvqIC%2BCQ9mVop0qJA%3D HTTP/1.1" 200 3910 "https://starmakerwm.com/?rest_route=%2Fjetpack%2Fv4%2Fsync%2Fdata-histogram&_for=jetpack&token=cy%40M1SDz8jNH4BF4U1nTZ%28pt%25Yde%293%40p%3A1%3A0&timestamp=1750478771&nonce=YNvOYviPdL&body-hash=pd8lm%2F2DXrYwxTzMm6csR4uMXm4%3D&signature=cfSzeXR1PawvqIC%2BCQ9mVop0qJA%3D" "Jetpack by WordPress.com"
192.0.87.71 - - [21/Jun/2025:09:06:13 +0500] "POST /?rest_route=%2Fjetpack%2Fv4%2Fsync%2Fdata-histogram&_for=jetpack&token=cy%40M1SDz8jNH4BF4U1nTZ%28pt%25Yde%293%40p%3A1%3A0&timestamp=1750478773&nonce=pSicggMvmA&body-hash=0TQIunZrj9rZlcPSEmaHlkPD4L0%3D&signature=%2FIq3icqN6gR%2FK5CmdKwPRC6jKVY%3D HTTP/1.1" 200 3968 "https://starmakerwm.com/?rest_route=%2Fjetpack%2Fv4%2Fsync%2Fdata-histogram&_for=jetpack&token=cy%40M1SDz8jNH4BF4U1nTZ%28pt%25Yde%293%40p%3A1%3A0&timestamp=1750478773&nonce=pSicggMvmA&body-hash=0TQIunZrj9rZlcPSEmaHlkPD4L0%3D&signature=%2FIq3icqN6gR%2FK5CmdKwPRC6jKVY%3D" "Jetpack by WordPress.com"
192.0.87.71 - - [21/Jun/2025:09:06:15 +0500] "POST /?rest_route=%2Fjetpack%2Fv4%2Fsync%2Fobject&_for=jetpack&token=cy%40M1SDz8jNH4BF4U1nTZ%28pt%25Yde%293%40p%3A1%3A0&timestamp=1750478775&nonce=6i1VMBu7A5&body-hash=i%2BBj6eTCJ3PrqHVD5jdDapWuU%2Bo%3D&signature=cCCQVCBwvXt7hH7qNk1%2F9GFcf1Q%3D HTTP/1.1" 200 4110 "https://starmakerwm.com/?rest_route=%2Fjetpack%2Fv4%2Fsync%2Fobject&_for=jetpack&token=cy%40M1SDz8jNH4BF4U1nTZ%28pt%25Yde%293%40p%3A1%3A0&timestamp=1750478775&nonce=6i1VMBu7A5&body-hash=i%2BBj6eTCJ3PrqHVD5jdDapWuU%2Bo%3D&signature=cCCQVCBwvXt7hH7qNk1%2F9GFcf1Q%3D" "Jetpack by WordPress.com"
192.0.87.71 - - [21/Jun/2025:09:06:17 +0500] "POST /?rest_route=%2Fjetpack%2Fv4%2Fsync%2Fdata-histogram&_for=jetpack&token=cy%40M1SDz8jNH4BF4U1nTZ%28pt%25Yde%293%40p%3A1%3A0&timestamp=1750478777&nonce=zZ17AUl2kj&body-hash=J2swzpiJ2ShwP3YxIuSyBo4bTCU%3D&signature=UeTqXQOVu4TVvf9N8OqCI9Wh8Ls%3D HTTP/1.1" 200 3911 "https://starmakerwm.com/?rest_route=%2Fjetpack%2Fv4%2Fsync%2Fdata-histogram&_for=jetpack&token=cy%40M1SDz8jNH4BF4U1nTZ%28pt%25Yde%293%40p%3A1%3A0&timestamp=1750478777&nonce=zZ17AUl2kj&body-hash=J2swzpiJ2ShwP3YxIuSyBo4bTCU%3D&signature=UeTqXQOVu4TVvf9N8OqCI9Wh8Ls%3D" "Jetpack by WordPress.com"
192.0.87.71 - - [21/Jun/2025:09:06:19 +0500] "POST /?rest_route=%2Fjetpack%2Fv4%2Fsync%2Fdata-histogram&_for=jetpack&token=cy%40M1SDz8jNH4BF4U1nTZ%28pt%25Yde%293%40p%3A1%3A0&timestamp=1750478779&nonce=48Gpl34YWY&body-hash=HKrkU28tzd0LTJqouURDAFdq%2Bmg%3D&signature=GB%2F7r%2BSJv1NC3PCZmKc50gGBvjo%3D HTTP/1.1" 200 3894 "https://starmakerwm.com/?rest_route=%2Fjetpack%2Fv4%2Fsync%2Fdata-histogram&_for=jetpack&token=cy%40M1SDz8jNH4BF4U1nTZ%28pt%25Yde%293%40p%3A1%3A0&timestamp=1750478779&nonce=48Gpl34YWY&body-hash=HKrkU28tzd0LTJqouURDAFdq%2Bmg%3D&signature=GB%2F7r%2BSJv1NC3PCZmKc50gGBvjo%3D" "Jetpack by WordPress.com"
192.0.87.71 - - [21/Jun/2025:09:06:21 +0500] "POST /?rest_route=%2Fjetpack%2Fv4%2Fsync%2Fobject&_for=jetpack&token=cy%40M1SDz8jNH4BF4U1nTZ%28pt%25Yde%293%40p%3A1%3A0&timestamp=1750478780&nonce=fVILgPDKyH&body-hash=eALBn1sLBOLJFWaJ0tmEi%2BWkDFI%3D&signature=n6KasF1aYcNLCQCUcnu%2BnwtLG50%3D HTTP/1.1" 200 4360 "https://starmakerwm.com/?rest_route=%2Fjetpack%2Fv4%2Fsync%2Fobject&_for=jetpack&token=cy%40M1SDz8jNH4BF4U1nTZ%28pt%25Yde%293%40p%3A1%3A0&timestamp=1750478780&nonce=fVILgPDKyH&body-hash=eALBn1sLBOLJFWaJ0tmEi%2BWkDFI%3D&signature=n6KasF1aYcNLCQCUcnu%2BnwtLG50%3D" "Jetpack by WordPress.com"
192.0.87.71 - - [21/Jun/2025:09:06:23 +0500] "POST /?rest_route=%2Fjetpack%2Fv4%2Fsync%2Fdata-histogram&_for=jetpack&token=cy%40M1SDz8jNH4BF4U1nTZ%28pt%25Yde%293%40p%3A1%3A0&timestamp=1750478782&nonce=omvtaQj97v&body-hash=vteWBbLDps7%2Bj1G6GeeX%2BwbL5i0%3D&signature=RQB4vZKFGo32q9473Dc1q75aYks%3D HTTP/1.1" 200 3912 "https://starmakerwm.com/?rest_route=%2Fjetpack%2Fv4%2Fsync%2Fdata-histogram&_for=jetpack&token=cy%40M1SDz8jNH4BF4U1nTZ%28pt%25Yde%293%40p%3A1%3A0&timestamp=1750478782&nonce=omvtaQj97v&body-hash=vteWBbLDps7%2Bj1G6GeeX%2BwbL5i0%3D&signature=RQB4vZKFGo32q9473Dc1q75aYks%3D" "Jetpack by WordPress.com"
192.119.164.179 - - [21/Jun/2025:09:06:24 +0500] "POST /wp-admin/admin-ajax.php HTTP/2.0" 200 395 "https://starmakerwm.com/wp-admin/admin.php?page=wc-admin&path=%2Fsetup-wizard&step=business-info" "Mozilla/5.0 (Windows NT 10.0; Win64; x64) AppleWebKit/537.36 (KHTML, like Gecko) Chrome/137.0.0.0 Safari/537.36"
192.0.87.71 - - [21/Jun/2025:09:06:24 +0500] "POST /?rest_route=%2Fjetpack%2Fv4%2Fsync%2Fdata-histogram&_for=jetpack&token=cy%40M1SDz8jNH4BF4U1nTZ%28pt%25Yde%293%40p%3A1%3A0&timestamp=1750478784&nonce=1H9UGAxOTs&body-hash=RJKue7BEt71o5aQcxcD15BvUsM4%3D&signature=Z3MS67V%2BoJmRmRwcsF44NGqtNKo%3D HTTP/1.1" 200 3892 "https://starmakerwm.com/?rest_route=%2Fjetpack%2Fv4%2Fsync%2Fdata-histogram&_for=jetpack&token=cy%40M1SDz8jNH4BF4U1nTZ%28pt%25Yde%293%40p%3A1%3A0&timestamp=1750478784&nonce=1H9UGAxOTs&body-hash=RJKue7BEt71o5aQcxcD15BvUsM4%3D&signature=Z3MS67V%2BoJmRmRwcsF44NGqtNKo%3D" "Jetpack by WordPress.com"
192.0.87.71 - - [21/Jun/2025:09:06:26 +0500] "POST /?rest_route=%2Fjetpack%2Fv4%2Fsync%2Fdata-histogram&_for=jetpack&token=cy%40M1SDz8jNH4BF4U1nTZ%28pt%25Yde%293%40p%3A1%3A0&timestamp=1750478786&nonce=OEfbqPedqi&body-hash=cdOYhPDLlrrFEHndTDAWqxrucvo%3D&signature=EKqMjsDez22mEpkUp%2F7miAwJWdc%3D HTTP/1.1" 200 3913 "https://starmakerwm.com/?rest_route=%2Fjetpack%2Fv4%2Fsync%2Fdata-histogram&_for=jetpack&token=cy%40M1SDz8jNH4BF4U1nTZ%28pt%25Yde%293%40p%3A1%3A0&timestamp=1750478786&nonce=OEfbqPedqi&body-hash=cdOYhPDLlrrFEHndTDAWqxrucvo%3D&signature=EKqMjsDez22mEpkUp%2F7miAwJWdc%3D" "Jetpack by WordPress.com"
192.0.87.71 - - [21/Jun/2025:09:06:29 +0500] "POST /?rest_route=%2Fjetpack%2Fv4%2Fsync%2Fdata-histogram&_for=jetpack&token=cy%40M1SDz8jNH4BF4U1nTZ%28pt%25Yde%293%40p%3A1%3A0&timestamp=1750478788&nonce=5RUkS6nkRM&body-hash=0f7tym%2BZvsfzGWz9EwJOtdUPSmU%3D&signature=Ug6ETlRWgjf5vWBkHNoYjgDRsuI%3D HTTP/1.1" 200 3926 "https://starmakerwm.com/?rest_route=%2Fjetpack%2Fv4%2Fsync%2Fdata-histogram&_for=jetpack&token=cy%40M1SDz8jNH4BF4U1nTZ%28pt%25Yde%293%40p%3A1%3A0&timestamp=1750478788&nonce=5RUkS6nkRM&body-hash=0f7tym%2BZvsfzGWz9EwJOtdUPSmU%3D&signature=Ug6ETlRWgjf5vWBkHNoYjgDRsuI%3D" "Jetpack by WordPress.com"
192.0.87.71 - - [21/Jun/2025:09:06:31 +0500] "POST /?rest_route=%2Fjetpack%2Fv4%2Fsync%2Fobject&_for=jetpack&token=cy%40M1SDz8jNH4BF4U1nTZ%28pt%25Yde%293%40p%3A1%3A0&timestamp=1750478791&nonce=P6mF7jHevi&body-hash=ulUV%2BqnIwyTfi3UgCZeu%2B10iGA4%3D&signature=udqNAiolP92vu2aXu5l6Ap3wHIM%3D HTTP/1.1" 200 5611 "https://starmakerwm.com/?rest_route=%2Fjetpack%2Fv4%2Fsync%2Fobject&_for=jetpack&token=cy%40M1SDz8jNH4BF4U1nTZ%28pt%25Yde%293%40p%3A1%3A0&timestamp=1750478791&nonce=P6mF7jHevi&body-hash=ulUV%2BqnIwyTfi3UgCZeu%2B10iGA4%3D&signature=udqNAiolP92vu2aXu5l6Ap3wHIM%3D" "Jetpack by WordPress.com"
192.0.87.71 - - [21/Jun/2025:09:06:33 +0500] "POST /?rest_route=%2Fjetpack%2Fv4%2Fsync%2Fdata-histogram&_for=jetpack&token=cy%40M1SDz8jNH4BF4U1nTZ%28pt%25Yde%293%40p%3A1%3A0&timestamp=1750478793&nonce=o2U9efdYtj&body-hash=guP0GKcn8ZkGhAig8tk7N1p%2BJmA%3D&signature=6xNmJqswf7VSncDgnojLUO1GxzE%3D HTTP/1.1" 200 3913 "https://starmakerwm.com/?rest_route=%2Fjetpack%2Fv4%2Fsync%2Fdata-histogram&_for=jetpack&token=cy%40M1SDz8jNH4BF4U1nTZ%28pt%25Yde%293%40p%3A1%3A0&timestamp=1750478793&nonce=o2U9efdYtj&body-hash=guP0GKcn8ZkGhAig8tk7N1p%2BJmA%3D&signature=6xNmJqswf7VSncDgnojLUO1GxzE%3D" "Jetpack by WordPress.com"
192.0.87.71 - - [21/Jun/2025:09:06:35 +0500] "POST /?rest_route=%2Fjetpack%2Fv4%2Fsync%2Fdata-histogram&_for=jetpack&token=cy%40M1SDz8jNH4BF4U1nTZ%28pt%25Yde%293%40p%3A1%3A0&timestamp=1750478795&nonce=OviDWq0Wfm&body-hash=luBb5Rwrn3janGG9Pi4uZALId5k%3D&signature=KdXx12H68sCcuKSsgZ7uhRE9ScI%3D HTTP/1.1" 200 3924 "https://starmakerwm.com/?rest_route=%2Fjetpack%2Fv4%2Fsync%2Fdata-histogram&_for=jetpack&token=cy%40M1SDz8jNH4BF4U1nTZ%28pt%25Yde%293%40p%3A1%3A0&timestamp=1750478795&nonce=OviDWq0Wfm&body-hash=luBb5Rwrn3janGG9Pi4uZALId5k%3D&signature=KdXx12H68sCcuKSsgZ7uhRE9ScI%3D" "Jetpack by WordPress.com"
192.0.87.71 - - [21/Jun/2025:09:06:37 +0500] "POST /?rest_route=%2Fjetpack%2Fv4%2Fsync%2Fhealth&_for=jetpack&token=cy%40M1SDz8jNH4BF4U1nTZ%28pt%25Yde%293%40p%3A1%3A0&timestamp=1750478797&nonce=H0nX7QnknO&body-hash=lKHMv1qixxzsVb2b%2B7IjCG6lL5g%3D&signature=YAFJfnvr3eaCUvNeWSQUB5Gf1S0%3D HTTP/1.1" 200 3869 "https://starmakerwm.com/?rest_route=%2Fjetpack%2Fv4%2Fsync%2Fhealth&_for=jetpack&token=cy%40M1SDz8jNH4BF4U1nTZ%28pt%25Yde%293%40p%3A1%3A0&timestamp=1750478797&nonce=H0nX7QnknO&body-hash=lKHMv1qixxzsVb2b%2B7IjCG6lL5g%3D&signature=YAFJfnvr3eaCUvNeWSQUB5Gf1S0%3D" "Jetpack by WordPress.com"
192.119.164.179 - - [21/Jun/2025:09:07:20 +0500] "POST /wp-admin/admin-ajax.php HTTP/2.0" 500 131 "https://starmakerwm.com/wp-admin/admin.php?page=wc-status" "Mozilla/5.0 (Windows NT 10.0; Win64; x64) AppleWebKit/537.36 (KHTML, like Gecko) Chrome/137.0.0.0 Safari/537.36"
176.9.65.136 - - [21/Jun/2025:09:07:24 +0500] "POST /wp-cron.php?doing_wp_cron=1750478844.4597949981689453125000 HTTP/1.1" 200 3487 "-" "WordPress/6.8.1; https://starmakerwm.com"
192.119.164.179 - - [21/Jun/2025:09:07:23 +0500] "POST /wp-admin/admin-ajax.php HTTP/2.0" 200 340 "https://starmakerwm.com/wp-admin/admin.php?page=wc-admin&path=%2Fsetup-wizard&step=business-info" "Mozilla/5.0 (Windows NT 10.0; Win64; x64) AppleWebKit/537.36 (KHTML, like Gecko) Chrome/137.0.0.0 Safari/537.36"
192.119.164.179 - - [21/Jun/2025:09:07:47 +0500] "POST /wp-json/wc-admin/onboarding/profile/progress/core-profiler/complete?_locale=user HTTP/2.0" 500 136 "https://starmakerwm.com/wp-admin/admin.php?page=wc-admin&path=%2Fsetup-wizard&step=business-info" "Mozilla/5.0 (Windows NT 10.0; Win64; x64) AppleWebKit/537.36 (KHTML, like Gecko) Chrome/137.0.0.0 Safari/537.36"
192.119.164.179 - - [21/Jun/2025:09:07:47 +0500] "POST /wp-json/wc-analytics/settings/general/woocommerce_default_country?_locale=user HTTP/2.0" 500 20 "https://starmakerwm.com/wp-admin/admin.php?page=wc-admin&path=%2Fsetup-wizard&step=business-info" "Mozilla/5.0 (Windows NT 10.0; Win64; x64) AppleWebKit/537.36 (KHTML, like Gecko) Chrome/137.0.0.0 Safari/537.36"
192.119.164.179 - - [21/Jun/2025:09:07:47 +0500] "POST /wp-json/wp/v2/settings?_locale=user HTTP/2.0" 500 20 "https://starmakerwm.com/wp-admin/admin.php?page=wc-admin&path=%2Fsetup-wizard&step=business-info" "Mozilla/5.0 (Windows NT 10.0; Win64; x64) AppleWebKit/537.36 (KHTML, like Gecko) Chrome/137.0.0.0 Safari/537.36"
176.9.65.136 - - [21/Jun/2025:09:07:48 +0500] "POST /wp-cron.php?doing_wp_cron=1750478868.8919069766998291015625 HTTP/1.1" 200 3486 "-" "WordPress/6.8.1; https://starmakerwm.com"
192.119.164.179 - - [21/Jun/2025:09:07:47 +0500] "POST /wp-json/wc-admin/onboarding/profile/update-store-currency-and-measurement-units?_locale=user HTTP/2.0" 204 379 "https://starmakerwm.com/wp-admin/admin.php?page=wc-admin&path=%2Fsetup-wizard&step=business-info" "Mozilla/5.0 (Windows NT 10.0; Win64; x64) AppleWebKit/537.36 (KHTML, like Gecko) Chrome/137.0.0.0 Safari/537.36"
192.119.164.179 - - [21/Jun/2025:09:07:47 +0500] "POST /wp-json/wc-admin/onboarding/profile?_locale=user HTTP/2.0" 200 179 "https://starmakerwm.com/wp-admin/admin.php?page=wc-admin&path=%2Fsetup-wizard&step=business-info" "Mozilla/5.0 (Windows NT 10.0; Win64; x64) AppleWebKit/537.36 (KHTML, like Gecko) Chrome/137.0.0.0 Safari/537.36"
176.9.65.136 - - [21/Jun/2025:09:07:50 +0500] "GET /wp-json/jetpack/v4/sync/spawn-sync?time=1750478870&request_lock_id=1750478870.193 HTTP/1.1" 200 3584 "-" "WordPress/6.8.1; https://starmakerwm.com"
192.119.164.179 - - [21/Jun/2025:09:07:50 +0500] "GET /wp-json/wc-admin/onboarding/free-extensions?_locale=user HTTP/2.0" 500 50 "https://starmakerwm.com/wp-admin/admin.php?page=wc-admin&path=%2Fsetup-wizard&step=business-info" "Mozilla/5.0 (Windows NT 10.0; Win64; x64) AppleWebKit/537.36 (KHTML, like Gecko) Chrome/137.0.0.0 Safari/537.36"
192.119.164.179 - - [21/Jun/2025:09:08:23 +0500] "POST /wp-admin/admin-ajax.php HTTP/2.0" 500 131 "https://starmakerwm.com/wp-admin/admin.php?page=wc-admin&path=%2Fsetup-wizard&step=plugins" "Mozilla/5.0 (Windows NT 10.0; Win64; x64) AppleWebKit/537.36 (KHTML, like Gecko) Chrome/137.0.0.0 Safari/537.36"
192.119.164.179 - - [21/Jun/2025:09:08:23 +0500] "GET /wp-json/wc-admin/onboarding/plugins/jetpack-authorization-url?redirect_url=https%3A%2F%2Fstarmakerwm.com%2Fwp-admin%2Fadmin.php%3Fpage%3Dwc-admin&from=woocommerce-core-profiler&_locale=user HTTP/2.0" 500 51 "https://starmakerwm.com/wp-admin/admin.php?page=wc-admin&path=%2Fsetup-wizard&step=plugins" "Mozilla/5.0 (Windows NT 10.0; Win64; x64) AppleWebKit/537.36 (KHTML, like Gecko) Chrome/137.0.0.0 Safari/537.36"
192.119.164.179 - - [21/Jun/2025:09:08:23 +0500] "POST /wp-json/wc-admin/plugins/install?_locale=user HTTP/2.0" 200 765 "https://starmakerwm.com/wp-admin/admin.php?page=wc-admin&path=%2Fsetup-wizard&step=plugins" "Mozilla/5.0 (Windows NT 10.0; Win64; x64) AppleWebKit/537.36 (KHTML, like Gecko) Chrome/137.0.0.0 Safari/537.36"
192.119.164.179 - - [21/Jun/2025:09:08:30 +0500] "POST /wp-json/wc-admin/plugins/activate?_locale=user HTTP/2.0" 200 664 "https://starmakerwm.com/wp-admin/admin.php?page=wc-admin&path=%2Fsetup-wizard&step=plugins" "Mozilla/5.0 (Windows NT 10.0; Win64; x64) AppleWebKit/537.36 (KHTML, like Gecko) Chrome/137.0.0.0 Safari/537.36"
192.119.164.179 - - [21/Jun/2025:09:08:32 +0500] "POST /wp-json/wc-admin/plugins/install?_locale=user HTTP/2.0" 200 488 "https://starmakerwm.com/wp-admin/admin.php?page=wc-admin&path=%2Fsetup-wizard&step=plugins" "Mozilla/5.0 (Windows NT 10.0; Win64; x64) AppleWebKit/537.36 (KHTML, like Gecko) Chrome/137.0.0.0 Safari/537.36"
192.119.164.179 - - [21/Jun/2025:09:08:38 +0500] "POST /wp-json/wc-admin/plugins/activate?_locale=user HTTP/2.0" 200 768 "https://starmakerwm.com/wp-admin/admin.php?page=wc-admin&path=%2Fsetup-wizard&step=plugins" "Mozilla/5.0 (Windows NT 10.0; Win64; x64) AppleWebKit/537.36 (KHTML, like Gecko) Chrome/137.0.0.0 Safari/537.36"
176.9.65.136 - - [21/Jun/2025:09:08:42 +0500] "POST /wp-cron.php?doing_wp_cron=1750478922.2676360607147216796875 HTTP/1.1" 200 3486 "-" "WordPress/6.8.1; https://starmakerwm.com"
192.119.164.179 - - [21/Jun/2025:09:08:40 +0500] "POST /wp-json/wc-admin/plugins/install?_locale=user HTTP/2.0" 200 395 "https://starmakerwm.com/wp-admin/admin.php?page=wc-admin&path=%2Fsetup-wizard&step=plugins" "Mozilla/5.0 (Windows NT 10.0; Win64; x64) AppleWebKit/537.36 (KHTML, like Gecko) Chrome/137.0.0.0 Safari/537.36"
192.119.164.179 - - [21/Jun/2025:09:08:45 +0500] "POST /wp-json/wc-admin/plugins/activate?_locale=user HTTP/2.0" 200 690 "https://starmakerwm.com/wp-admin/admin.php?page=wc-admin&path=%2Fsetup-wizard&step=plugins" "Mozilla/5.0 (Windows NT 10.0; Win64; x64) AppleWebKit/537.36 (KHTML, like Gecko) Chrome/137.0.0.0 Safari/537.36"
176.9.65.136 - - [21/Jun/2025:09:08:48 +0500] "POST /wp-cron.php?doing_wp_cron=1750478928.3574769496917724609375 HTTP/1.1" 200 3487 "-" "WordPress/6.8.1; https://starmakerwm.com"
192.119.164.179 - - [21/Jun/2025:09:08:46 +0500] "POST /wp-json/wc-admin/onboarding/profile/progress/core-profiler/complete?_locale=user HTTP/2.0" 200 206 "https://starmakerwm.com/wp-admin/admin.php?page=wc-admin&path=%2Fsetup-wizard&step=plugins" "Mozilla/5.0 (Windows NT 10.0; Win64; x64) AppleWebKit/537.36 (KHTML, like Gecko) Chrome/137.0.0.0 Safari/537.36"
192.119.164.179 - - [21/Jun/2025:09:08:46 +0500] "POST /wp-json/wc-admin/onboarding/profile?_locale=user HTTP/2.0" 200 150 "https://starmakerwm.com/wp-admin/admin.php?page=wc-admin&path=%2Fsetup-wizard&step=plugins" "Mozilla/5.0 (Windows NT 10.0; Win64; x64) AppleWebKit/537.36 (KHTML, like Gecko) Chrome/137.0.0.0 Safari/537.36"
192.119.164.179 - - [21/Jun/2025:09:08:49 +0500] "POST /wp-json/wc-admin/launch-your-store/initialize-coming-soon?_locale=user HTTP/2.0" 200 93 "https://starmakerwm.com/wp-admin/admin.php?page=wc-admin&path=%2Fsetup-wizard&step=plugins" "Mozilla/5.0 (Windows NT 10.0; Win64; x64) AppleWebKit/537.36 (KHTML, like Gecko) Chrome/137.0.0.0 Safari/537.36"
192.119.164.179 - - [21/Jun/2025:09:08:51 +0500] "GET /wp-admin/admin.php?page=wc-admin HTTP/2.0" 200 93993 "https://starmakerwm.com/wp-admin/admin.php?page=wc-admin&path=%2Fsetup-wizard&step=plugins" "Mozilla/5.0 (Windows NT 10.0; Win64; x64) AppleWebKit/537.36 (KHTML, like Gecko) Chrome/137.0.0.0 Safari/537.36"
192.119.164.179 - - [21/Jun/2025:09:08:55 +0500] "GET /wp-content/plugins/pinterest-for-woocommerce/assets/build/style-setup-guide.css?ver=1.4.21 HTTP/2.0" 200 4861 "https://starmakerwm.com/wp-admin/admin.php?page=wc-admin" "Mozilla/5.0 (Windows NT 10.0; Win64; x64) AppleWebKit/537.36 (KHTML, like Gecko) Chrome/137.0.0.0 Safari/537.36"
192.119.164.179 - - [21/Jun/2025:09:08:55 +0500] "GET /wp-admin/load-styles.php?c=0&dir=ltr&load%5Bchunk_0%5D=dashicons,admin-bar,common,forms,admin-menu,dashboard,list-tables,edit,revisions,media,themes,about,nav-menus,wp-pointer,widgets&load%5Bchunk_1%5D=,site-icon,l10n,buttons,wp-auth-check,wp-components,media-views,wp-jquery-ui-dialog&ver=6.8.1 HTTP/2.0" 200 122944 "https://starmakerwm.com/wp-admin/admin.php?page=wc-admin" "Mozilla/5.0 (Windows NT 10.0; Win64; x64) AppleWebKit/537.36 (KHTML, like Gecko) Chrome/137.0.0.0 Safari/537.36"
192.119.164.179 - - [21/Jun/2025:09:08:58 +0500] "GET /wp-content/plugins/elementor/assets/lib/eicons/fonts/eicons.woff2?5.41.0 HTTP/2.0" 304 118 "https://starmakerwm.com/wp-content/plugins/elementor/assets/lib/eicons/css/elementor-icons.min.css?ver=5.40.0" "Mozilla/5.0 (Windows NT 10.0; Win64; x64) AppleWebKit/537.36 (KHTML, like Gecko) Chrome/137.0.0.0 Safari/537.36"
192.119.164.179 - - [21/Jun/2025:09:08:58 +0500] "GET /wp-content/plugins/pinterest-for-woocommerce/assets/js/admin/pinterest-for-woocommerce-admin.min.js?ver=1.4.21 HTTP/2.0" 200 356 "https://starmakerwm.com/wp-admin/admin.php?page=wc-admin" "Mozilla/5.0 (Windows NT 10.0; Win64; x64) AppleWebKit/537.36 (KHTML, like Gecko) Chrome/137.0.0.0 Safari/537.36"
192.119.164.179 - - [21/Jun/2025:09:08:58 +0500] "GET /wp-includes/js/dist/vendor/regenerator-runtime.min.js?ver=0.14.1 HTTP/2.0" 200 2540 "https://starmakerwm.com/wp-admin/admin.php?page=wc-admin" "Mozilla/5.0 (Windows NT 10.0; Win64; x64) AppleWebKit/537.36 (KHTML, like Gecko) Chrome/137.0.0.0 Safari/537.36"
192.119.164.179 - - [21/Jun/2025:09:08:58 +0500] "GET /wp-content/plugins/pinterest-for-woocommerce/assets/build/setup-guide.js?ver=eb03f1d686856844cbf61ed635130bf0 HTTP/2.0" 200 126910 "https://starmakerwm.com/wp-admin/admin.php?page=wc-admin" "Mozilla/5.0 (Windows NT 10.0; Win64; x64) AppleWebKit/537.36 (KHTML, like Gecko) Chrome/137.0.0.0 Safari/537.36"
192.119.164.179 - - [21/Jun/2025:09:08:58 +0500] "GET /wp-admin/admin.php?page=stats&noheader&proxy&chart=admin-bar-hours-scale-2x HTTP/2.0" 200 868 "https://starmakerwm.com/wp-admin/admin.php?page=wc-admin" "Mozilla/5.0 (Windows NT 10.0; Win64; x64) AppleWebKit/537.36 (KHTML, like Gecko) Chrome/137.0.0.0 Safari/537.36"
192.119.164.179 - - [21/Jun/2025:09:08:59 +0500] "GET /wp-json/wc-admin/plugins/installed?_locale=user HTTP/2.0" 200 718 "https://starmakerwm.com/wp-admin/admin.php?page=wc-admin" "Mozilla/5.0 (Windows NT 10.0; Win64; x64) AppleWebKit/537.36 (KHTML, like Gecko) Chrome/137.0.0.0 Safari/537.36"
192.119.164.179 - - [21/Jun/2025:09:08:59 +0500] "GET /wp-json/wc-admin/options?options=woocommerce_ces_tracks_queue&_locale=user HTTP/2.0" 500 18 "https://starmakerwm.com/wp-admin/admin.php?page=wc-admin" "Mozilla/5.0 (Windows NT 10.0; Win64; x64) AppleWebKit/537.36 (KHTML, like Gecko) Chrome/137.0.0.0 Safari/537.36"
192.119.164.179 - - [21/Jun/2025:09:08:59 +0500] "GET /wp-json/jetpack/v4/connection?_locale=user HTTP/2.0" 500 18 "https://starmakerwm.com/wp-admin/admin.php?page=wc-admin" "Mozilla/5.0 (Windows NT 10.0; Win64; x64) AppleWebKit/537.36 (KHTML, like Gecko) Chrome/137.0.0.0 Safari/537.36"
192.119.164.179 - - [21/Jun/2025:09:08:59 +0500] "GET /wp-json/wc-admin/plugins/active?_locale=user HTTP/2.0" 200 404 "https://starmakerwm.com/wp-admin/admin.php?page=wc-admin" "Mozilla/5.0 (Windows NT 10.0; Win64; x64) AppleWebKit/537.36 (KHTML, like Gecko) Chrome/137.0.0.0 Safari/537.36"
192.119.164.179 - - [21/Jun/2025:09:08:59 +0500] "GET /wp-json/wc-analytics/admin/notes?page=1&per_page=25&type=error%2Cupdate&status=unactioned&_locale=user HTTP/2.0" 500 18 "https://starmakerwm.com/wp-admin/admin.php?page=wc-admin" "Mozilla/5.0 (Windows NT 10.0; Win64; x64) AppleWebKit/537.36 (KHTML, like Gecko) Chrome/137.0.0.0 Safari/537.36"
192.119.164.179 - - [21/Jun/2025:09:08:59 +0500] "GET /wp-json/wc-admin/onboarding/tasks?_locale=user HTTP/2.0" 500 18 "https://starmakerwm.com/wp-admin/admin.php?page=wc-admin" "Mozilla/5.0 (Windows NT 10.0; Win64; x64) AppleWebKit/537.36 (KHTML, like Gecko) Chrome/137.0.0.0 Safari/537.36"
192.119.164.179 - - [21/Jun/2025:09:08:59 +0500] "GET /wp-json/wc-admin/options?options=woocommerce_coming_soon%2Cwoocommerce_store_pages_only%2Cwoocommerce_private_link%2Cwoocommerce_share_key%2Cwoocommerce_admin_transient_notices_queue%2Cwoocommerce_admin_install_timestamp&_locale=user HTTP/2.0" 200 220 "https://starmakerwm.com/wp-admin/admin.php?page=wc-admin" "Mozilla/5.0 (Windows NT 10.0; Win64; x64) AppleWebKit/537.36 (KHTML, like Gecko) Chrome/137.0.0.0 Safari/537.36"
192.119.164.179 - - [21/Jun/2025:09:09:00 +0500] "GET /wp-json/wpcom/v3/jitm?message_path=wp%3Awoocommerce_page_wc-admin%3Aadmin_notices&query=page%253Dwc-admin&full_jp_logo_exists=false&_locale=user HTTP/2.0" 200 92 "https://starmakerwm.com/wp-admin/admin.php?page=wc-admin" "Mozilla/5.0 (Windows NT 10.0; Win64; x64) AppleWebKit/537.36 (KHTML, like Gecko) Chrome/137.0.0.0 Safari/537.36"
192.119.164.179 - - [21/Jun/2025:09:09:03 +0500] "GET /wp-json/wc-admin/onboarding/profile?_locale=user HTTP/2.0" 200 345 "https://starmakerwm.com/wp-admin/admin.php?page=wc-admin" "Mozilla/5.0 (Windows NT 10.0; Win64; x64) AppleWebKit/537.36 (KHTML, like Gecko) Chrome/137.0.0.0 Safari/537.36"
192.119.164.179 - - [21/Jun/2025:09:09:04 +0500] "GET /wp-json/wc-analytics/admin/notes?page=1&per_page=100&status=unactioned&type%5B0%5D=info&type%5B1%5D=marketing&type%5B2%5D=survey&type%5B3%5D=warning&orderby=date&order=desc&_fields%5B0%5D=id&_fields%5B1%5D=name&_fields%5B2%5D=title&_fields%5B3%5D=content&_fields%5B4%5D=type&_fields%5B5%5D=status&_fields%5B6%5D=actions&_fields%5B7%5D=date_created&_fields%5B8%5D=date_created_gmt&_fields%5B9%5D=layout&_fields%5B10%5D=image&_fields%5B11%5D=is_deleted&_fields%5B12%5D=is_read&_fields%5B13%5D=locale&is_read=false&_locale=user HTTP/2.0" 200 95 "https://starmakerwm.com/wp-admin/admin.php?page=wc-admin" "Mozilla/5.0 (Windows NT 10.0; Win64; x64) AppleWebKit/537.36 (KHTML, like Gecko) Chrome/137.0.0.0 Safari/537.36"
192.119.164.179 - - [21/Jun/2025:09:09:04 +0500] "GET /wp-json/wc-analytics/admin/notes?page=1&per_page=5&status=unactioned&type%5B0%5D=info&type%5B1%5D=marketing&type%5B2%5D=survey&type%5B3%5D=warning&orderby=date&order=desc&_fields%5B0%5D=id&_fields%5B1%5D=name&_fields%5B2%5D=title&_fields%5B3%5D=content&_fields%5B4%5D=type&_fields%5B5%5D=status&_fields%5B6%5D=actions&_fields%5B7%5D=date_created&_fields%5B8%5D=date_created_gmt&_fields%5B9%5D=layout&_fields%5B10%5D=image&_fields%5B11%5D=is_deleted&_fields%5B12%5D=is_read&_fields%5B13%5D=locale&_locale=user HTTP/2.0" 200 743 "https://starmakerwm.com/wp-admin/admin.php?page=wc-admin" "Mozilla/5.0 (Windows NT 10.0; Win64; x64) AppleWebKit/537.36 (KHTML, like Gecko) Chrome/137.0.0.0 Safari/537.36"
192.119.164.179 - - [21/Jun/2025:09:09:04 +0500] "GET /wp-json/wc-admin/options?options=woocommerce_show_lys_tour&_locale=user HTTP/2.0" 200 93 "https://starmakerwm.com/wp-admin/admin.php?page=wc-admin" "Mozilla/5.0 (Windows NT 10.0; Win64; x64) AppleWebKit/537.36 (KHTML, like Gecko) Chrome/137.0.0.0 Safari/537.36"
192.119.164.179 - - [21/Jun/2025:09:09:09 +0500] "GET /wp-json/wc-analytics/reports/performance-indicators?after=2025-06-20T00%3A00%3A00&before=2025-06-20T23%3A59%3A59&stats=revenue%2Ftotal_sales%2Corders%2Forders_count%2Cjetpack%2Fstats%2Fvisitors%2Cjetpack%2Fstats%2Fviews&_locale=user HTTP/2.0" 200 728 "https://starmakerwm.com/wp-admin/admin.php?page=wc-admin" "Mozilla/5.0 (Windows NT 10.0; Win64; x64) AppleWebKit/537.36 (KHTML, like Gecko) Chrome/137.0.0.0 Safari/537.36"
192.119.164.179 - - [21/Jun/2025:09:09:09 +0500] "GET /wp-json/wc-analytics/reports/performance-indicators?after=2025-06-21T00%3A00%3A00&before=2025-06-21T09%3A09%3A04&stats=revenue%2Ftotal_sales%2Corders%2Forders_count%2Cjetpack%2Fstats%2Fvisitors%2Cjetpack%2Fstats%2Fviews&_locale=user HTTP/2.0" 200 325 "https://starmakerwm.com/wp-admin/admin.php?page=wc-admin" "Mozilla/5.0 (Windows NT 10.0; Win64; x64) AppleWebKit/537.36 (KHTML, like Gecko) Chrome/137.0.0.0 Safari/537.36"
192.119.164.179 - - [21/Jun/2025:09:09:12 +0500] "GET /wp-admin/admin.php?page=wc-admin HTTP/2.0" 200 93980 "https://starmakerwm.com/wp-admin/admin.php?page=wc-admin" "Mozilla/5.0 (Windows NT 10.0; Win64; x64) AppleWebKit/537.36 (KHTML, like Gecko) Chrome/137.0.0.0 Safari/537.36"
192.119.164.179 - - [21/Jun/2025:09:09:16 +0500] "GET /wp-content/plugins/elementor/assets/lib/eicons/fonts/eicons.woff2?5.41.0 HTTP/2.0" 304 108 "https://starmakerwm.com/wp-content/plugins/elementor/assets/lib/eicons/css/elementor-icons.min.css?ver=5.40.0" "Mozilla/5.0 (Windows NT 10.0; Win64; x64) AppleWebKit/537.36 (KHTML, like Gecko) Chrome/137.0.0.0 Safari/537.36"
192.119.164.179 - - [21/Jun/2025:09:09:16 +0500] "GET /wp-admin/admin.php?page=stats&noheader&proxy&chart=admin-bar-hours-scale-2x HTTP/2.0" 200 747 "https://starmakerwm.com/wp-admin/admin.php?page=wc-admin" "Mozilla/5.0 (Windows NT 10.0; Win64; x64) AppleWebKit/537.36 (KHTML, like Gecko) Chrome/137.0.0.0 Safari/537.36"
192.119.164.179 - - [21/Jun/2025:09:09:17 +0500] "GET /wp-json/wc-analytics/admin/notes?page=1&per_page=25&type=error%2Cupdate&status=unactioned&_locale=user HTTP/2.0" 500 41 "https://starmakerwm.com/wp-admin/admin.php?page=wc-admin" "Mozilla/5.0 (Windows NT 10.0; Win64; x64) AppleWebKit/537.36 (KHTML, like Gecko) Chrome/137.0.0.0 Safari/537.36"
192.119.164.179 - - [21/Jun/2025:09:09:17 +0500] "GET /wp-json/wc-admin/plugins/installed?_locale=user HTTP/2.0" 200 438 "https://starmakerwm.com/wp-admin/admin.php?page=wc-admin" "Mozilla/5.0 (Windows NT 10.0; Win64; x64) AppleWebKit/537.36 (KHTML, like Gecko) Chrome/137.0.0.0 Safari/537.36"
192.119.164.179 - - [21/Jun/2025:09:09:17 +0500] "GET /wp-json/wc-admin/options?options=woocommerce_ces_tracks_queue&_locale=user HTTP/2.0" 200 93 "https://starmakerwm.com/wp-admin/admin.php?page=wc-admin" "Mozilla/5.0 (Windows NT 10.0; Win64; x64) AppleWebKit/537.36 (KHTML, like Gecko) Chrome/137.0.0.0 Safari/537.36"
192.119.164.179 - - [21/Jun/2025:09:09:17 +0500] "GET /wp-json/wc-admin/plugins/active?_locale=user HTTP/2.0" 200 404 "https://starmakerwm.com/wp-admin/admin.php?page=wc-admin" "Mozilla/5.0 (Windows NT 10.0; Win64; x64) AppleWebKit/537.36 (KHTML, like Gecko) Chrome/137.0.0.0 Safari/537.36"
192.119.164.179 - - [21/Jun/2025:09:09:17 +0500] "GET /wp-json/wc-admin/options?options=woocommerce_coming_soon%2Cwoocommerce_store_pages_only%2Cwoocommerce_private_link%2Cwoocommerce_share_key%2Cwoocommerce_admin_transient_notices_queue%2Cwoocommerce_admin_install_timestamp&_locale=user HTTP/2.0" 200 220 "https://starmakerwm.com/wp-admin/admin.php?page=wc-admin" "Mozilla/5.0 (Windows NT 10.0; Win64; x64) AppleWebKit/537.36 (KHTML, like Gecko) Chrome/137.0.0.0 Safari/537.36"
192.119.164.179 - - [21/Jun/2025:09:09:17 +0500] "GET /wp-json/jetpack/v4/connection?_locale=user HTTP/2.0" 200 210 "https://starmakerwm.com/wp-admin/admin.php?page=wc-admin" "Mozilla/5.0 (Windows NT 10.0; Win64; x64) AppleWebKit/537.36 (KHTML, like Gecko) Chrome/137.0.0.0 Safari/537.36"
192.119.164.179 - - [21/Jun/2025:09:09:17 +0500] "GET /wp-json/wc-admin/onboarding/tasks?_locale=user HTTP/2.0" 200 1485 "https://starmakerwm.com/wp-admin/admin.php?page=wc-admin" "Mozilla/5.0 (Windows NT 10.0; Win64; x64) AppleWebKit/537.36 (KHTML, like Gecko) Chrome/137.0.0.0 Safari/537.36"
192.119.164.179 - - [21/Jun/2025:09:09:21 +0500] "GET /wp-content/plugins/woocommerce/assets/images/task_list/launch-your-store-illustration.svg HTTP/2.0" 200 948 "https://starmakerwm.com/wp-admin/admin.php?page=wc-admin" "Mozilla/5.0 (Windows NT 10.0; Win64; x64) AppleWebKit/537.36 (KHTML, like Gecko) Chrome/137.0.0.0 Safari/537.36"
192.119.164.179 - - [21/Jun/2025:09:09:20 +0500] "GET /wp-json/wpcom/v3/jitm?message_path=wp%3Awoocommerce_page_wc-admin%3Aadmin_notices&query=page%253Dwc-admin&full_jp_logo_exists=false&_locale=user HTTP/2.0" 200 83 "https://starmakerwm.com/wp-admin/admin.php?page=wc-admin" "Mozilla/5.0 (Windows NT 10.0; Win64; x64) AppleWebKit/537.36 (KHTML, like Gecko) Chrome/137.0.0.0 Safari/537.36"
